p4_delivery: start xy=(0.89,2.39) yaw=1.41 route=[(-0.4, 2.32), (-0.4, -2.7), (-1.94, -2.9)] stop=0.43 slow=0.83 max_lin=2.40 max_ang=1.65
p4_delivery: xy=(0.89,2.39) yaw=1.41 wp=0/3 fwd=0.80 lin=0.00 ang=1.65 turn detours=0
p4_delivery: xy=(0.89,2.39) yaw=1.77 wp=0/3 fwd=0.74 lin=0.00 ang=1.65 turn detours=0
p4_delivery: xy=(0.90,2.39) yaw=2.33 wp=0/3 fwd=0.74 lin=0.00 ang=1.65 turn detours=0
p4_delivery: xy=(0.90,2.39) yaw=2.77 wp=0/3 fwd=1.37 lin=0.00 ang=0.94 turn detours=0
p4_delivery: xy=(0.88,2.39) yaw=3.05 wp=0/3 fwd=2.17 lin=1.37 ang=0.32 cruise detours=0
p4_delivery: xy=(0.77,2.39) yaw=-2.96 wp=0/3 fwd=2.68 lin=1.26 ang=-0.27 cruise detours=0
p4_delivery: xy=(0.57,2.31) yaw=-2.67 wp=0/3 fwd=2.48 lin=0.83 ang=-1.05 cruise detours=0
p4_delivery: xy=(0.35,2.22) yaw=-2.82 wp=0/3 fwd=2.25 lin=1.60 ang=-0.71 cruise detours=0
p4_delivery: xy=(0.02,2.15) yaw=-3.07 wp=0/3 fwd=1.91 lin=0.70 ang=-0.15 cruise detours=0
p4_delivery: xy=(-0.23,2.15) yaw=3.10 wp=0/3 fwd=1.67 lin=0.70 ang=0.10 cruise detours=0
p4_delivery: xy=(-0.41,2.15) yaw=3.12 wp=1/3 fwd=1.48 lin=0.00 ang=1.65 turn detours=0
p4_delivery: xy=(-0.48,2.15) yaw=-2.93 wp=1/3 fwd=1.41 lin=0.00 ang=1.65 turn detours=0
p4_delivery: xy=(-0.48,2.15) yaw=-2.41 wp=1/3 fwd=1.41 lin=0.00 ang=1.65 turn detours=0
p4_delivery: xy=(-0.48,2.15) yaw=-1.98 wp=1/3 fwd=2.06 lin=0.00 ang=0.89 turn detours=0
p4_delivery: xy=(-0.49,2.13) yaw=-1.68 wp=1/3 fwd=1.11 lin=1.40 ang=0.23 cruise detours=0
p4_delivery: xy=(-0.48,2.00) yaw=-1.42 wp=1/3 fwd=0.83 lin=1.39 ang=-0.88 slow detours=0
p4_delivery: xy=(-0.42,1.79) yaw=-1.27 wp=1/3 fwd=0.60 lin=0.60 ang=-1.67 slow detours=0
p4_delivery: xy=(-0.40,1.62) yaw=-1.63 wp=1/3 fwd=0.53 lin=0.59 ang=-0.88 slow detours=0
p4_delivery: xy=(-0.44,1.43) yaw=-2.01 wp=1/3 fwd=1.37 lin=1.94 ang=1.05 cruise detours=0
p4_delivery: xy=(-0.57,1.26) yaw=-2.38 wp=1/3 fwd=1.29 lin=0.00 ang=1.65 turn detours=0
p4_delivery: xy=(-0.65,1.19) yaw=-2.40 wp=1/3 fwd=1.22 lin=0.00 ang=1.65 turn detours=0
p4_delivery: xy=(-0.67,1.17) yaw=-2.00 wp=1/3 fwd=1.07 lin=0.00 ang=1.41 turn detours=0
p4_delivery: xy=(-0.67,1.14) yaw=-1.61 wp=1/3 fwd=1.03 lin=2.37 ang=0.54 cruise detours=0
p4_delivery: xy=(-0.65,1.02) yaw=-1.17 wp=1/3 fwd=1.66 lin=2.14 ang=-0.46 cruise detours=0
p4_delivery: xy=(-0.59,0.91) yaw=-1.06 wp=1/4 fwd=0.40 lin=0.00 ang=-0.91 blocked_right detours=1
p4_delivery: xy=(-0.57,0.87) yaw=-1.27 wp=1/4 fwd=1.55 lin=0.00 ang=-1.28 turn detours=2
p4_delivery: xy=(-0.56,0.86) yaw=-1.59 wp=1/4 fwd=0.78 lin=0.00 ang=-0.59 turn detours=2
p4_delivery: xy=(-0.57,0.83) yaw=-1.79 wp=1/4 fwd=0.73 lin=0.75 ang=0.43 slow detours=2
p4_delivery: xy=(-0.61,0.71) yaw=-1.87 wp=1/4 fwd=0.61 lin=0.39 ang=0.78 slow detours=2
p4_delivery: xy=(-0.63,0.60) yaw=-1.67 wp=1/4 fwd=0.51 lin=0.17 ang=0.42 slow detours=2
p4_delivery: xy=(-0.63,0.55) yaw=-1.55 wp=1/4 fwd=0.45 lin=0.15 ang=0.18 slow detours=2
p4_delivery: xy=(-0.63,0.50) yaw=-1.50 wp=1/4 fwd=0.46 lin=0.14 ang=0.06 slow detours=2
p4_delivery: xy=(-0.63,0.46) yaw=-1.48 wp=1/4 fwd=0.51 lin=0.13 ang=0.01 slow detours=2
p4_delivery: xy=(-0.62,0.42) yaw=-1.48 wp=1/4 fwd=0.53 lin=0.14 ang=-0.01 slow detours=2
p4_delivery: xy=(-0.62,0.38) yaw=-1.48 wp=1/4 fwd=0.54 lin=0.15 ang=-0.01 slow detours=2
p4_delivery: xy=(-0.62,0.34) yaw=-1.48 wp=1/4 fwd=0.54 lin=0.15 ang=-0.02 slow detours=2
p4_delivery: xy=(-0.61,0.30) yaw=-1.49 wp=1/4 fwd=0.54 lin=0.15 ang=-0.02 slow detours=2
p4_delivery: xy=(-0.61,0.26) yaw=-1.50 wp=1/4 fwd=0.54 lin=0.14 ang=-0.03 slow detours=2
p4_delivery: xy=(-0.61,0.23) yaw=-1.51 wp=1/4 fwd=0.53 lin=0.12 ang=-0.02 slow detours=2
p4_delivery: xy=(-0.61,0.23) yaw=-1.51 wp=1/4 fwd=0.52 lin=0.11 ang=-0.01 slow detours=2
p4_delivery: xy=(-0.61,0.23) yaw=-1.51 wp=1/4 fwd=0.52 lin=0.11 ang=-0.01 slow detours=2
p4_delivery: xy=(-0.61,0.23) yaw=-1.51 wp=1/4 fwd=0.52 lin=0.11 ang=-0.01 slow detours=2
p4_delivery: xy=(-0.61,0.23) yaw=-1.51 wp=1/4 fwd=0.52 lin=0.11 ang=-0.01 slow detours=2
p4_delivery: xy=(-0.61,0.23) yaw=-1.51 wp=1/4 fwd=0.51 lin=0.11 ang=-0.01 slow detours=2
p4_delivery: xy=(-0.61,0.23) yaw=-1.52 wp=1/4 fwd=0.51 lin=0.11 ang=-0.00 slow detours=2
p4_delivery: xy=(-0.61,0.23) yaw=-1.52 wp=1/4 fwd=0.51 lin=0.11 ang=-0.00 slow detours=2
p4_delivery: xy=(-0.61,0.23) yaw=-1.52 wp=1/4 fwd=0.51 lin=0.11 ang=-0.00 slow detours=2
p4_delivery: xy=(-0.60,0.23) yaw=-1.52 wp=1/4 fwd=0.51 lin=0.11 ang=0.00 slow detours=2
p4_delivery: xy=(-0.60,0.23) yaw=-1.52 wp=1/4 fwd=0.51 lin=0.11 ang=0.00 slow detours=2
p4_delivery: xy=(-0.60,0.23) yaw=-1.52 wp=1/4 fwd=0.51 lin=0.11 ang=0.00 slow detours=2
p4_delivery: xy=(-0.60,0.23) yaw=-1.52 wp=1/4 fwd=0.50 lin=0.11 ang=0.01 slow detours=2
p4_delivery: xy=(-0.60,0.23) yaw=-1.53 wp=1/4 fwd=0.50 lin=0.11 ang=0.01 slow detours=2
p4_delivery: xy=(-0.60,0.23) yaw=-1.53 wp=1/4 fwd=0.50 lin=0.11 ang=0.01 slow detours=2
p4_delivery: xy=(-0.60,0.23) yaw=-1.53 wp=1/4 fwd=0.50 lin=0.11 ang=0.01 slow detours=2
p4_delivery: xy=(-0.60,0.23) yaw=-1.53 wp=1/4 fwd=0.50 lin=0.11 ang=0.01 slow detours=2
p4_delivery: xy=(-0.60,0.23) yaw=-1.53 wp=1/4 fwd=0.50 lin=0.11 ang=0.01 slow detours=2
p4_delivery: xy=(-0.60,0.23) yaw=-1.53 wp=1/4 fwd=0.50 lin=0.11 ang=0.01 slow detours=2
p4_delivery: xy=(-0.60,0.23) yaw=-1.53 wp=1/4 fwd=0.50 lin=0.11 ang=0.01 slow detours=2
p4_delivery: xy=(-0.60,0.23) yaw=-1.53 wp=1/4 fwd=0.49 lin=0.11 ang=0.02 slow detours=2
p4_delivery: xy=(-0.60,0.23) yaw=-1.53 wp=1/4 fwd=0.49 lin=0.11 ang=0.02 slow detours=2
p4_delivery: xy=(-0.60,0.23) yaw=-1.54 wp=1/4 fwd=0.49 lin=0.11 ang=0.02 slow detours=2
p4_delivery: xy=(-0.60,0.23) yaw=-1.54 wp=1/4 fwd=0.49 lin=0.11 ang=0.02 slow detours=2
p4_delivery: xy=(-0.60,0.23) yaw=-1.54 wp=1/4 fwd=0.49 lin=0.11 ang=0.02 slow detours=2
p4_delivery: xy=(-0.60,0.23) yaw=-1.54 wp=1/4 fwd=0.49 lin=0.11 ang=0.02 slow detours=2
p4_delivery: xy=(-0.60,0.23) yaw=-1.54 wp=1/4 fwd=0.49 lin=0.11 ang=0.03 slow detours=2
p4_delivery: xy=(-0.60,0.23) yaw=-1.54 wp=1/4 fwd=0.49 lin=0.11 ang=0.03 slow detours=2
p4_delivery: xy=(-0.60,0.23) yaw=-1.54 wp=1/4 fwd=0.48 lin=0.11 ang=0.03 slow detours=2
p4_delivery: xy=(-0.60,0.23) yaw=-1.54 wp=1/4 fwd=0.48 lin=0.11 ang=0.03 slow detours=2
p4_delivery: xy=(-0.60,0.23) yaw=-1.55 wp=1/4 fwd=0.48 lin=0.11 ang=0.03 slow detours=2
p4_delivery: xy=(-0.60,0.23) yaw=-1.55 wp=1/4 fwd=0.48 lin=0.11 ang=0.03 slow detours=2
p4_delivery: xy=(-0.60,0.23) yaw=-1.55 wp=1/4 fwd=0.48 lin=0.11 ang=0.03 slow detours=2
p4_delivery: xy=(-0.60,0.23) yaw=-1.55 wp=1/4 fwd=0.48 lin=0.11 ang=0.04 slow detours=2
p4_delivery: xy=(-0.60,0.23) yaw=-1.55 wp=1/4 fwd=0.48 lin=0.11 ang=0.04 slow detours=2
p4_delivery: xy=(-0.60,0.23) yaw=-1.55 wp=1/4 fwd=0.48 lin=0.11 ang=0.04 slow detours=2

{
  "arrived": false,
  "goal": "delivery",
  "in_zone": false,
  "in_picking_zone": false,
  "in_delivery_base": false,
  "odom_xy": [
    -0.597,
    0.225
  ],
  "yaw": -1.553,
  "head_joints": {
    "slide": 0.11606276624726243,
    "head_yaw": -8.742326758761325e-05,
    "head_pitch": -0.1162946945198058
  },
  "goal_xy": [
    -1.94,
    -2.9
  ],
  "route": [
    [
      -0.4,
      2.32
    ],
    [
      -0.4,
      -2.7
    ],
    [
      -1.94,
      -2.9
    ]
  ],
  "elapsed_s": 150.42,
  "status": "slow",
  "detours": 2,
  "speed_scale": 8.0,
  "max_lin": 2.4,
  "max_ang": 1.65,
  "stop_dist": 0.432,
  "slow_dist": 0.832,
  "blocked_by_scan": false,
  "log_json": "/workspace/baseline/outputs/p4/delivery_20260903_122830.json",
  "log_txt": "/workspace/baseline/outputs/p4/delivery_20260903_122830.log"
}
p4 log: /workspace/baseline/outputs/p4/delivery_20260903_122830.log
