p4_delivery: start xy=(0.90,2.39) yaw=1.41 route=[(-0.4, 2.32), (-0.4, -2.7), (-1.94, -2.9)] stop=0.43 slow=0.83 max_lin=2.40 max_ang=1.20
p4_delivery: xy=(0.90,2.39) yaw=1.41 wp=0/3 fwd=0.78 lin=0.00 ang=1.20 turn detours=0
p4_delivery: xy=(0.90,2.39) yaw=1.59 wp=0/3 fwd=1.04 lin=0.00 ang=1.20 turn detours=0
p4_delivery: xy=(0.90,2.39) yaw=1.83 wp=0/3 fwd=0.75 lin=0.00 ang=1.20 turn detours=0
p4_delivery: xy=(0.90,2.39) yaw=2.08 wp=0/3 fwd=0.75 lin=0.00 ang=1.20 turn detours=0
p4_delivery: xy=(0.90,2.39) yaw=2.35 wp=0/3 fwd=0.75 lin=0.00 ang=1.20 turn detours=0
p4_delivery: xy=(0.90,2.39) yaw=2.67 wp=0/3 fwd=1.38 lin=0.00 ang=1.15 turn detours=0
p4_delivery: xy=(0.90,2.39) yaw=2.93 wp=0/3 fwd=1.39 lin=1.32 ang=0.58 cruise detours=0
p4_delivery: xy=(0.86,2.39) yaw=3.10 wp=0/3 fwd=2.16 lin=1.37 ang=0.22 cruise detours=0
p4_delivery: xy=(0.76,2.39) yaw=-2.98 wp=0/3 fwd=2.67 lin=1.25 ang=-0.23 cruise detours=0
p4_delivery: xy=(0.62,2.35) yaw=-2.79 wp=0/3 fwd=2.54 lin=1.00 ang=-0.70 cruise detours=0
p4_delivery: xy=(0.45,2.28) yaw=-2.76 wp=0/3 fwd=2.35 lin=0.00 ang=-0.83 turn detours=0
p4_delivery: xy=(0.35,2.25) yaw=-2.79 wp=0/3 fwd=2.24 lin=0.00 ang=-0.77 turn detours=0
p4_delivery: xy=(0.32,2.24) yaw=-2.91 wp=0/3 fwd=2.19 lin=0.70 ang=-0.51 cruise detours=0
p4_delivery: xy=(0.27,2.23) yaw=-3.09 wp=0/3 fwd=2.16 lin=0.70 ang=-0.11 cruise detours=0
p4_delivery: xy=(0.16,2.23) yaw=3.04 wp=0/3 fwd=2.05 lin=0.70 ang=0.22 cruise detours=0
p4_delivery: xy=(-0.02,2.25) yaw=3.06 wp=0/3 fwd=1.89 lin=0.70 ang=0.17 cruise detours=0
p4_delivery: xy=(-0.21,2.26) yaw=3.11 wp=0/3 fwd=1.71 lin=0.70 ang=0.07 cruise detours=0
p4_delivery: xy=(-0.39,2.27) yaw=3.13 wp=1/3 fwd=1.55 lin=0.00 ang=1.20 turn detours=0
p4_delivery: xy=(-0.47,2.27) yaw=-3.07 wp=1/3 fwd=1.45 lin=0.00 ang=1.20 turn detours=0
p4_delivery: xy=(-0.48,2.26) yaw=-2.74 wp=1/3 fwd=1.43 lin=0.00 ang=1.20 turn detours=0
p4_delivery: xy=(-0.48,2.26) yaw=-2.36 wp=1/3 fwd=1.44 lin=0.00 ang=1.20 turn detours=0
p4_delivery: xy=(-0.48,2.26) yaw=-2.02 wp=1/3 fwd=2.17 lin=0.00 ang=1.03 turn detours=0
p4_delivery: xy=(-0.49,2.26) yaw=-1.75 wp=1/3 fwd=1.54 lin=0.85 ang=0.43 cruise detours=0
p4_delivery: xy=(-0.49,2.17) yaw=-1.54 wp=1/3 fwd=0.98 lin=0.85 ang=0.16 cruise detours=0
p4_delivery: xy=(-0.47,1.99) yaw=-1.36 wp=1/3 fwd=0.81 lin=0.80 ang=-0.65 slow detours=0
p4_delivery: xy=(-0.44,1.83) yaw=-1.47 wp=1/3 fwd=0.62 lin=0.40 ang=-0.89 slow detours=0
p4_delivery: xy=(-0.44,1.69) yaw=-1.69 wp=1/3 fwd=0.82 lin=2.26 ang=-0.39 slow detours=0
p4_delivery: xy=(-0.47,1.54) yaw=-1.88 wp=1/3 fwd=1.49 lin=2.15 ang=0.84 cruise detours=0
p4_delivery: xy=(-0.57,1.31) yaw=-2.09 wp=1/3 fwd=1.24 lin=0.00 ang=1.20 turn detours=0
p4_delivery: xy=(-0.69,1.14) yaw=-2.23 wp=1/3 fwd=1.09 lin=0.00 ang=1.20 turn detours=0
p4_delivery: xy=(-0.74,1.06) yaw=-2.20 wp=1/3 fwd=1.00 lin=0.00 ang=1.20 turn detours=0
p4_delivery: xy=(-0.75,1.05) yaw=-1.87 wp=1/3 fwd=0.94 lin=0.00 ang=1.20 turn detours=0
p4_delivery: xy=(-0.76,1.01) yaw=-1.49 wp=1/3 fwd=0.90 lin=2.40 ang=0.64 cruise detours=0
p4_delivery: xy=(-0.72,0.88) yaw=-1.13 wp=1/3 fwd=1.66 lin=2.12 ang=-0.19 cruise detours=0
p4_delivery: xy=(-0.61,0.73) yaw=-0.74 wp=1/3 fwd=0.34 lin=0.00 ang=-0.66 blocked_right detours=0
p4_delivery: xy=(-0.55,0.68) yaw=-0.59 wp=1/6 fwd=0.25 lin=-0.45 ang=-0.93 reverse detours=4
p4_delivery: xy=(-0.55,0.68) yaw=-0.66 wp=1/6 fwd=0.25 lin=-0.45 ang=-0.94 reverse detours=8
p4_delivery: xy=(-0.55,0.69) yaw=-0.86 wp=1/6 fwd=1.08 lin=0.00 ang=-0.93 turn detours=8
p4_delivery: xy=(-0.55,0.69) yaw=-1.12 wp=1/6 fwd=1.31 lin=0.00 ang=-0.84 turn detours=8
p4_delivery: xy=(-0.55,0.69) yaw=-1.31 wp=1/6 fwd=1.65 lin=0.89 ang=-0.42 cruise detours=8
p4_delivery: xy=(-0.55,0.66) yaw=-1.42 wp=1/6 fwd=1.93 lin=0.91 ang=-0.22 cruise detours=8
p4_delivery: xy=(-0.54,0.59) yaw=-1.50 wp=1/6 fwd=0.73 lin=0.64 ang=0.27 slow detours=8
p4_delivery: xy=(-0.53,0.46) yaw=-1.50 wp=1/6 fwd=0.76 lin=0.58 ang=0.20 slow detours=8
p4_delivery: xy=(-0.52,0.33) yaw=-1.50 wp=1/6 fwd=1.91 lin=0.58 ang=-0.26 cruise detours=8
p4_delivery: xy=(-0.52,0.20) yaw=-1.56 wp=1/6 fwd=1.77 lin=0.44 ang=-0.28 cruise detours=8
p4_delivery: xy=(-0.52,0.11) yaw=-1.63 wp=4/6 fwd=1.68 lin=2.37 ang=0.45 cruise detours=8
p4_delivery: xy=(-0.53,-0.02) yaw=-1.72 wp=4/6 fwd=1.56 lin=2.31 ang=0.67 cruise detours=8
p4_delivery: xy=(-0.53,-0.13) yaw=-1.79 wp=4/6 fwd=1.43 lin=2.23 ang=0.82 cruise detours=8
p4_delivery: xy=(-0.53,-0.14) yaw=-1.79 wp=4/6 fwd=1.42 lin=2.23 ang=0.83 cruise detours=8
p4_delivery: xy=(-0.53,-0.19) yaw=-1.73 wp=4/6 fwd=1.38 lin=2.29 ang=0.72 cruise detours=8
p4_delivery: xy=(-0.55,-0.32) yaw=-1.67 wp=4/6 fwd=1.26 lin=2.34 ang=0.63 cruise detours=8
p4_delivery: xy=(-0.56,-0.49) yaw=-1.62 wp=4/6 fwd=1.06 lin=2.36 ang=0.57 cruise detours=8
p4_delivery: xy=(-0.57,-0.74) yaw=-1.58 wp=4/6 fwd=0.85 lin=2.13 ang=0.52 cruise detours=8
p4_delivery: xy=(-0.57,-0.99) yaw=-1.55 wp=4/6 fwd=0.55 lin=0.55 ang=-0.27 slow detours=8
p4_delivery: xy=(-0.56,-1.23) yaw=-1.54 wp=4/6 fwd=0.35 lin=0.00 ang=-0.66 blocked_right detours=8
p4_delivery: xy=(-0.56,-1.35) yaw=-1.53 wp=4/6 fwd=0.21 lin=0.00 ang=-0.66 blocked_right detours=8
p4_delivery: xy=(-0.56,-1.39) yaw=-1.58 wp=4/6 fwd=0.17 lin=-0.45 ang=0.57 reverse detours=8
p4_delivery: xy=(-0.56,-1.38) yaw=-1.71 wp=4/6 fwd=0.17 lin=-0.45 ang=0.85 reverse detours=8
p4_delivery: xy=(-0.55,-1.35) yaw=-1.86 wp=4/6 fwd=0.21 lin=-0.45 ang=1.17 reverse detours=8
p4_delivery: xy=(-0.55,-1.34) yaw=-2.01 wp=4/6 fwd=0.23 lin=-0.45 ang=1.20 reverse detours=8
p4_delivery: xy=(-0.54,-1.32) yaw=-2.15 wp=4/6 fwd=2.01 lin=0.00 ang=1.20 turn detours=8
p4_delivery: xy=(-0.53,-1.31) yaw=-2.12 wp=4/6 fwd=0.26 lin=0.00 ang=-0.66 blocked_right detours=8
p4_delivery: xy=(-0.53,-1.30) yaw=-2.10 wp=4/6 fwd=0.27 lin=0.00 ang=-0.66 blocked_right detours=8
p4_delivery: xy=(-0.52,-1.29) yaw=-2.12 wp=4/6 fwd=0.28 lin=0.00 ang=-0.66 blocked_right detours=8
p4_delivery: xy=(-0.51,-1.28) yaw=-2.14 wp=4/6 fwd=0.30 lin=0.00 ang=-0.66 blocked_right detours=8
p4_delivery: xy=(-0.49,-1.25) yaw=-2.11 wp=4/6 fwd=0.32 lin=0.00 ang=-0.66 blocked_right detours=8
p4_delivery: xy=(-0.48,-1.23) yaw=-2.23 wp=4/6 fwd=2.11 lin=0.00 ang=1.20 turn detours=8
p4_delivery: xy=(-0.47,-1.22) yaw=-2.24 wp=4/6 fwd=2.14 lin=0.00 ang=1.20 turn detours=8
p4_delivery: xy=(-0.45,-1.20) yaw=-2.24 wp=4/6 fwd=0.39 lin=-0.45 ang=1.20 reverse detours=8
p4_delivery: xy=(-0.44,-1.18) yaw=-2.24 wp=4/6 fwd=0.41 lin=0.00 ang=-0.66 blocked_right detours=8
p4_delivery: xy=(-0.43,-1.16) yaw=-2.28 wp=4/6 fwd=2.20 lin=0.00 ang=1.20 turn detours=8
p4_delivery: xy=(-0.42,-1.15) yaw=-2.14 wp=4/6 fwd=0.42 lin=0.00 ang=-0.66 blocked_right detours=8
p4_delivery: xy=(-0.41,-1.14) yaw=-2.09 wp=4/6 fwd=0.44 lin=0.00 ang=1.18 turn detours=8
p4_delivery: xy=(-0.41,-1.13) yaw=-1.97 wp=4/6 fwd=0.43 lin=0.00 ang=0.89 turn detours=8

{
  "arrived": false,
  "goal": "delivery",
  "in_zone": false,
  "in_picking_zone": false,
  "in_delivery_base": false,
  "odom_xy": [
    -0.405,
    -1.128
  ],
  "yaw": -1.837,
  "head_joints": {
    "slide": 0.11607124546628271,
    "head_yaw": 0.004111769128484899,
    "head_pitch": -0.11654671404583176
  },
  "goal_xy": [
    -1.94,
    -2.9
  ],
  "route": [
    [
      -0.4,
      2.32
    ],
    [
      -0.4,
      -2.7
    ],
    [
      -1.94,
      -2.9
    ]
  ],
  "elapsed_s": 150.43,
  "status": "slow",
  "detours": 8,
  "speed_scale": 8.0,
  "max_lin": 2.4,
  "max_ang": 1.2,
  "stop_dist": 0.432,
  "slow_dist": 0.832,
  "blocked_by_scan": false,
  "log_json": "/workspace/baseline/outputs/p4/delivery_20260903_120834.json",
  "log_txt": "/workspace/baseline/outputs/p4/delivery_20260903_120834.log"
}
p4 log: /workspace/baseline/outputs/p4/delivery_20260903_120834.log
