p4_delivery: start xy=(-0.38,-1.01) yaw=-1.56 route=[(-0.4, -2.7), (-1.94, -2.9)] stop=0.43 slow=0.83 max_lin=2.40 max_ang=1.65
p4_delivery: xy=(-0.38,-1.01) yaw=-1.56 wp=0/2 fwd=0.54 lin=0.00 ang=-0.91 blocked_right detours=0
p4_delivery: xy=(-0.38,-1.01) yaw=-1.83 wp=0/4 fwd=0.55 lin=0.00 ang=-1.65 turn detours=2
p4_delivery: xy=(-0.37,-1.00) yaw=-2.28 wp=0/5 fwd=0.60 lin=0.00 ang=-1.65 turn detours=3
p4_delivery: xy=(-0.36,-0.99) yaw=-2.70 wp=0/5 fwd=1.25 lin=0.00 ang=-0.81 turn detours=3
p4_delivery: xy=(-0.37,-1.00) yaw=-2.94 wp=0/5 fwd=1.23 lin=0.72 ang=-0.29 cruise detours=3
p4_delivery: xy=(-0.47,-1.01) yaw=-3.08 wp=0/5 fwd=1.14 lin=0.97 ang=0.00 cruise detours=3
p4_delivery: xy=(-0.65,-1.01) yaw=3.14 wp=0/5 fwd=0.96 lin=0.62 ang=0.19 cruise detours=3
p4_delivery: xy=(-0.82,-1.01) yaw=-3.11 wp=0/6 fwd=0.79 lin=0.00 ang=1.65 turn detours=4
p4_delivery: xy=(-0.90,-1.02) yaw=-2.97 wp=0/6 fwd=0.70 lin=0.00 ang=1.65 turn detours=4
p4_delivery: xy=(-0.92,-1.02) yaw=-2.56 wp=0/6 fwd=0.71 lin=0.00 ang=1.45 turn detours=4
p4_delivery: xy=(-0.92,-1.02) yaw=-2.18 wp=0/6 fwd=1.77 lin=0.00 ang=0.62 turn detours=4
p4_delivery: xy=(-0.93,-1.05) yaw=-2.00 wp=0/6 fwd=2.04 lin=0.48 ang=0.24 cruise detours=4
p4_delivery: xy=(-0.98,-1.16) yaw=-1.87 wp=0/6 fwd=2.02 lin=0.51 ang=0.00 cruise detours=4
p4_delivery: xy=(-1.01,-1.29) yaw=-1.87 wp=1/6 fwd=1.87 lin=0.00 ang=-1.65 turn detours=4
p4_delivery: xy=(-1.03,-1.34) yaw=-2.17 wp=1/6 fwd=1.70 lin=0.00 ang=-1.65 turn detours=4
p4_delivery: xy=(-1.04,-1.35) yaw=-2.70 wp=1/6 fwd=1.33 lin=0.00 ang=-1.65 turn detours=4
p4_delivery: xy=(-1.04,-1.35) yaw=-3.09 wp=1/7 fwd=0.56 lin=-0.45 ang=1.65 reverse detours=5
p4_delivery: xy=(-1.02,-1.34) yaw=-2.74 wp=1/8 fwd=1.34 lin=0.00 ang=1.65 turn detours=7
p4_delivery: xy=(-1.01,-1.34) yaw=-2.23 wp=1/8 fwd=1.56 lin=0.00 ang=1.09 turn detours=7
p4_delivery: xy=(-1.02,-1.34) yaw=-1.91 wp=1/8 fwd=1.82 lin=0.42 ang=0.21 cruise detours=7
p4_delivery: xy=(-1.04,-1.44) yaw=-1.73 wp=1/8 fwd=1.74 lin=0.66 ang=-0.16 cruise detours=7
p4_delivery: xy=(-1.06,-1.59) yaw=-1.74 wp=1/8 fwd=1.56 lin=0.50 ang=-0.16 cruise detours=7
p4_delivery: xy=(-1.08,-1.71) yaw=-1.74 wp=6/8 fwd=1.45 lin=0.00 ang=1.65 turn detours=7
p4_delivery: xy=(-1.09,-1.75) yaw=-1.43 wp=6/8 fwd=1.43 lin=0.00 ang=1.06 turn detours=7
p4_delivery: xy=(-1.08,-1.76) yaw=-1.12 wp=6/8 fwd=1.86 lin=0.71 ang=0.41 cruise detours=7
p4_delivery: xy=(-1.03,-1.84) yaw=-0.89 wp=6/8 fwd=1.69 lin=0.97 ang=0.00 cruise detours=7
p4_delivery: xy=(-0.94,-1.95) yaw=-0.77 wp=6/8 fwd=1.46 lin=0.52 ang=-0.40 cruise detours=7
p4_delivery: xy=(-0.93,-2.00) yaw=-0.60 wp=6/8 fwd=1.37 lin=0.10 ang=-0.70 cruise detours=7
p4_delivery: xy=(-0.94,-2.00) yaw=-0.55 wp=6/8 fwd=1.36 lin=0.00 ang=-0.90 turn detours=7
p4_delivery: xy=(-0.95,-2.00) yaw=-0.71 wp=6/8 fwd=1.44 lin=0.00 ang=-0.53 turn detours=7
p4_delivery: xy=(-0.93,-2.01) yaw=-0.83 wp=6/8 fwd=1.50 lin=0.65 ang=-0.17 cruise detours=7
p4_delivery: xy=(-0.93,-2.01) yaw=-0.83 wp=6/8 fwd=1.50 lin=0.65 ang=-0.17 cruise detours=7
p4_delivery: xy=(-0.93,-2.01) yaw=-0.83 wp=6/8 fwd=1.50 lin=0.64 ang=-0.17 cruise detours=7
p4_delivery: xy=(-0.93,-2.01) yaw=-0.83 wp=6/8 fwd=1.49 lin=0.64 ang=-0.18 cruise detours=7
p4_delivery: xy=(-0.93,-2.02) yaw=-0.82 wp=6/8 fwd=1.49 lin=0.63 ang=-0.18 cruise detours=7
p4_delivery: xy=(-0.93,-2.02) yaw=-0.82 wp=6/8 fwd=1.49 lin=0.62 ang=-0.19 cruise detours=7
p4_delivery: xy=(-0.93,-2.02) yaw=-0.82 wp=6/8 fwd=1.49 lin=0.62 ang=-0.19 cruise detours=7
p4_delivery: xy=(-0.93,-2.02) yaw=-0.82 wp=6/8 fwd=1.49 lin=0.61 ang=-0.19 cruise detours=7
p4_delivery: xy=(-0.93,-2.02) yaw=-0.81 wp=6/8 fwd=1.49 lin=0.60 ang=-0.20 cruise detours=7
p4_delivery: xy=(-0.93,-2.02) yaw=-0.81 wp=6/8 fwd=1.48 lin=0.60 ang=-0.20 cruise detours=7
p4_delivery: xy=(-0.93,-2.02) yaw=-0.81 wp=6/8 fwd=1.48 lin=0.59 ang=-0.21 cruise detours=7
p4_delivery: xy=(-0.93,-2.02) yaw=-0.81 wp=6/8 fwd=1.48 lin=0.58 ang=-0.21 cruise detours=7
p4_delivery: xy=(-0.93,-2.02) yaw=-0.80 wp=6/8 fwd=1.48 lin=0.58 ang=-0.22 cruise detours=7
p4_delivery: xy=(-0.93,-2.02) yaw=-0.80 wp=6/8 fwd=1.48 lin=0.57 ang=-0.22 cruise detours=7
p4_delivery: xy=(-0.93,-2.02) yaw=-0.80 wp=6/8 fwd=1.47 lin=0.56 ang=-0.22 cruise detours=7
p4_delivery: xy=(-0.93,-2.02) yaw=-0.80 wp=6/8 fwd=1.47 lin=0.56 ang=-0.23 cruise detours=7
p4_delivery: xy=(-0.93,-2.02) yaw=-0.79 wp=6/8 fwd=1.47 lin=0.55 ang=-0.23 cruise detours=7
p4_delivery: xy=(-0.93,-2.02) yaw=-0.79 wp=6/8 fwd=1.47 lin=0.55 ang=-0.24 cruise detours=7
p4_delivery: xy=(-0.93,-2.03) yaw=-0.79 wp=6/8 fwd=1.47 lin=0.54 ang=-0.24 cruise detours=7
p4_delivery: xy=(-0.93,-2.03) yaw=-0.79 wp=6/8 fwd=1.47 lin=0.53 ang=-0.24 cruise detours=7
p4_delivery: xy=(-0.93,-2.03) yaw=-0.79 wp=6/8 fwd=1.46 lin=0.53 ang=-0.25 cruise detours=7
Traceback (most recent call last):
  File "/workspace/baseline/runtime/p4_nav.py", line 186, in navigate
    rclpy_mod.spin_once(node, timeout_sec=period)
  File "/opt/ros/humble/local/lib/python3.10/dist-packages/rclpy/__init__.py", line 208, in spin_once
    executor.spin_once(timeout_sec=timeout_sec)
  File "/opt/ros/humble/local/lib/python3.10/dist-packages/rclpy/executors.py", line 808, in spin_once
    self._spin_once_impl(timeout_sec)
  File "/opt/ros/humble/local/lib/python3.10/dist-packages/rclpy/executors.py", line 797, in _spin_once_impl
    handler, entity, node = self.wait_for_ready_callbacks(timeout_sec=timeout_sec)
  File "/opt/ros/humble/local/lib/python3.10/dist-packages/rclpy/executors.py", line 780, in wait_for_ready_callbacks
    return next(self._cb_iter)
  File "/opt/ros/humble/local/lib/python3.10/dist-packages/rclpy/executors.py", line 677, in _wait_for_ready_callbacks
    wait_set.wait(timeout_nsec)
KeyboardInterrupt

During handling of the above exception, another exception occurred:

Traceback (most recent call last):
  File "/workspace/baseline/runtime/p4_nav.py", line 292, in main
    report = navigate(
  File "/workspace/baseline/runtime/p4_nav.py", line 259, in navigate
    controller.stop_base()
  File "/workspace/baseline/runtime/ros_robot_control.py", line 64, in stop_base
    self.publish_velocity()
  File "/workspace/baseline/runtime/ros_robot_control.py", line 61, in publish_velocity
    self.cmd_vel_pub.publish(message)
  File "/opt/ros/humble/local/lib/python3.10/dist-packages/rclpy/publisher.py", line 70, in publish
    self.__publisher.publish(msg)
rclpy._rclpy_pybind11.RCLError: Failed to publish: publisher's context is invalid, at ./src/rcl/publisher.c:389

During handling of the above exception, another exception occurred:

Traceback (most recent call last):
  File "/usr/lib/python3.10/runpy.py", line 196, in _run_module_as_main
    return _run_code(code, main_globals, None,
  File "/usr/lib/python3.10/runpy.py", line 86, in _run_code
    exec(code, run_globals)
  File "/workspace/baseline/runtime/p4_nav.py", line 310, in <module>
    raise SystemExit(main())
  File "/workspace/baseline/runtime/p4_nav.py", line 306, in main
    rclpy.shutdown()
  File "/opt/ros/humble/local/lib/python3.10/dist-packages/rclpy/__init__.py", line 130, in shutdown
    _shutdown(context=context)
  File "/opt/ros/humble/local/lib/python3.10/dist-packages/rclpy/utilities.py", line 58, in shutdown
    return context.shutdown()
  File "/opt/ros/humble/local/lib/python3.10/dist-packages/rclpy/context.py", line 102, in shutdown
    self.__context.shutdown()
rclpy._rclpy_pybind11.RCLError: failed to shutdown: rcl_shutdown already called on the given context, at ./src/rcl/init.c:241
