p4_delivery: start xy=(0.90,2.39) yaw=1.41 route=[(-0.4, 2.2), (-0.4, -2.7), (-1.94, -2.9)] stop=0.43 slow=0.83 max_lin=2.40 max_ang=1.20
p4_delivery: xy=(0.90,2.39) yaw=1.41 wp=0/3 fwd=0.78 lin=0.00 ang=1.20 turn detours=0
p4_delivery: xy=(0.90,2.39) yaw=1.59 wp=0/3 fwd=1.03 lin=0.00 ang=1.20 turn detours=0
p4_delivery: xy=(0.90,2.39) yaw=1.93 wp=0/3 fwd=0.75 lin=0.00 ang=1.20 turn detours=0
p4_delivery: xy=(0.90,2.39) yaw=2.22 wp=0/3 fwd=0.75 lin=0.00 ang=1.20 turn detours=0
p4_delivery: xy=(0.90,2.39) yaw=2.52 wp=0/3 fwd=1.38 lin=0.00 ang=1.20 turn detours=0
p4_delivery: xy=(0.90,2.38) yaw=2.81 wp=0/3 fwd=1.38 lin=0.00 ang=1.04 turn detours=0
p4_delivery: xy=(0.90,2.39) yaw=3.02 wp=0/3 fwd=2.19 lin=1.34 ang=0.58 cruise detours=0
p4_delivery: xy=(0.85,2.38) yaw=-3.05 wp=0/3 fwd=2.63 lin=1.37 ang=0.13 cruise detours=0
p4_delivery: xy=(0.73,2.36) yaw=-2.82 wp=0/3 fwd=2.50 lin=1.20 ang=-0.41 cruise detours=0
p4_delivery: xy=(0.60,2.30) yaw=-2.63 wp=0/3 fwd=2.37 lin=0.92 ang=-0.91 cruise detours=0
p4_delivery: xy=(0.43,2.21) yaw=-2.72 wp=0/3 fwd=2.18 lin=0.76 ang=-0.91 cruise detours=0
p4_delivery: xy=(0.24,2.15) yaw=-2.96 wp=0/3 fwd=1.96 lin=0.65 ang=-0.59 cruise detours=0
p4_delivery: xy=(0.10,2.13) yaw=-3.11 wp=0/3 fwd=1.84 lin=0.00 ang=1.20 turn detours=0
p4_delivery: xy=(0.05,2.13) yaw=-3.07 wp=0/3 fwd=1.77 lin=0.00 ang=1.20 turn detours=0
p4_delivery: xy=(0.03,2.13) yaw=-2.81 wp=0/3 fwd=1.75 lin=0.00 ang=1.20 turn detours=0
p4_delivery: xy=(0.03,2.13) yaw=-2.50 wp=0/3 fwd=1.76 lin=0.00 ang=0.96 turn detours=0
p4_delivery: xy=(0.02,2.12) yaw=-2.25 wp=0/3 fwd=1.90 lin=0.45 ang=0.43 cruise detours=0
p4_delivery: xy=(-0.01,2.06) yaw=-2.11 wp=0/3 fwd=2.15 lin=0.45 ang=-0.54 cruise detours=0
p4_delivery: xy=(-0.06,1.98) yaw=-2.18 wp=0/3 fwd=2.05 lin=0.43 ang=-0.25 cruise detours=0
p4_delivery: xy=(-0.12,1.91) yaw=-2.24 wp=0/3 fwd=1.96 lin=0.42 ang=0.04 cruise detours=0
p4_delivery: xy=(-0.17,1.84) yaw=-2.24 wp=0/3 fwd=1.87 lin=0.43 ang=0.17 cruise detours=0
p4_delivery: xy=(-0.23,1.76) yaw=-2.20 wp=0/3 fwd=1.77 lin=0.48 ang=0.23 cruise detours=0
p4_delivery: xy=(-0.29,1.68) yaw=-2.15 wp=0/3 fwd=1.69 lin=0.56 ang=0.21 cruise detours=0
p4_delivery: xy=(-0.36,1.57) yaw=-2.10 wp=0/3 fwd=1.57 lin=0.68 ang=-0.25 cruise detours=0
p4_delivery: xy=(-0.41,1.48) yaw=-2.14 wp=0/3 fwd=1.46 lin=0.00 ang=-1.18 turn detours=0
p4_delivery: xy=(-0.45,1.43) yaw=-2.24 wp=0/3 fwd=1.38 lin=0.00 ang=-1.12 turn detours=0
p4_delivery: xy=(-0.45,1.42) yaw=-2.44 wp=0/3 fwd=1.37 lin=0.00 ang=-1.10 turn detours=0
p4_delivery: xy=(-0.46,1.42) yaw=-2.71 wp=0/3 fwd=1.18 lin=0.00 ang=-1.10 turn detours=0
p4_delivery: xy=(-0.45,1.42) yaw=-2.94 wp=0/3 fwd=1.17 lin=0.00 ang=-1.20 turn detours=0
p4_delivery: xy=(-0.45,1.42) yaw=3.10 wp=0/3 fwd=1.16 lin=0.00 ang=-1.20 turn detours=0
p4_delivery: xy=(-0.45,1.42) yaw=2.81 wp=0/3 fwd=1.17 lin=0.00 ang=-1.20 turn detours=0
p4_delivery: xy=(-0.45,1.42) yaw=2.56 wp=0/3 fwd=1.94 lin=0.00 ang=-1.20 turn detours=0
p4_delivery: xy=(-0.45,1.42) yaw=2.31 wp=0/3 fwd=1.82 lin=0.00 ang=-1.20 turn detours=0
p4_delivery: xy=(-0.45,1.42) yaw=2.08 wp=0/3 fwd=1.81 lin=0.00 ang=-1.20 turn detours=0
p4_delivery: xy=(-0.45,1.42) yaw=1.78 wp=0/3 fwd=1.63 lin=0.00 ang=-1.02 turn detours=0
p4_delivery: xy=(-0.45,1.43) yaw=1.54 wp=0/3 fwd=1.62 lin=0.82 ang=-0.52 cruise detours=0
p4_delivery: xy=(-0.44,1.49) yaw=1.32 wp=0/3 fwd=1.56 lin=0.75 ang=-0.45 cruise detours=0
p4_delivery: xy=(-0.41,1.59) yaw=1.10 wp=0/3 fwd=1.68 lin=0.00 ang=-1.20 turn detours=0
p4_delivery: xy=(-0.39,1.63) yaw=0.87 wp=0/3 fwd=1.64 lin=0.00 ang=-1.17 turn detours=0
p4_delivery: xy=(-0.38,1.63) yaw=0.59 wp=0/3 fwd=2.19 lin=0.00 ang=-1.16 turn detours=0
p4_delivery: xy=(-0.38,1.63) yaw=0.35 wp=0/3 fwd=0.78 lin=0.00 ang=-1.16 turn detours=0
p4_delivery: xy=(-0.38,1.63) yaw=0.11 wp=0/3 fwd=0.77 lin=0.00 ang=-1.20 turn detours=0
p4_delivery: xy=(-0.38,1.63) yaw=-0.19 wp=0/3 fwd=0.77 lin=0.00 ang=-1.20 turn detours=0
p4_delivery: xy=(-0.38,1.63) yaw=-0.43 wp=0/3 fwd=0.78 lin=0.00 ang=-1.20 turn detours=0
p4_delivery: xy=(-0.38,1.63) yaw=-0.73 wp=0/3 fwd=0.83 lin=0.00 ang=-1.20 turn detours=0
p4_delivery: xy=(-0.38,1.63) yaw=-0.98 wp=0/3 fwd=0.96 lin=0.00 ang=-1.20 turn detours=0
p4_delivery: xy=(-0.38,1.63) yaw=-1.22 wp=0/3 fwd=1.27 lin=0.00 ang=-0.99 turn detours=0
p4_delivery: xy=(-0.38,1.62) yaw=-1.46 wp=0/3 fwd=1.71 lin=0.60 ang=-0.51 cruise detours=0
p4_delivery: xy=(-0.38,1.55) yaw=-1.65 wp=0/3 fwd=1.80 lin=0.00 ang=-1.20 turn detours=0
p4_delivery: xy=(-0.39,1.49) yaw=-1.85 wp=0/3 fwd=1.49 lin=0.00 ang=-1.20 turn detours=0
p4_delivery: xy=(-0.40,1.47) yaw=-2.17 wp=0/3 fwd=1.44 lin=0.00 ang=-1.20 turn detours=0
p4_delivery: xy=(-0.40,1.47) yaw=-2.46 wp=0/3 fwd=1.44 lin=0.00 ang=-1.20 turn detours=0
p4_delivery: xy=(-0.40,1.47) yaw=-2.76 wp=0/3 fwd=1.23 lin=0.00 ang=-1.20 turn detours=0
p4_delivery: xy=(-0.40,1.47) yaw=-3.10 wp=0/3 fwd=1.22 lin=0.00 ang=-1.20 turn detours=0
p4_delivery: xy=(-0.40,1.47) yaw=2.89 wp=0/3 fwd=1.23 lin=0.00 ang=-1.19 turn detours=0
p4_delivery: xy=(-0.40,1.47) yaw=2.59 wp=0/3 fwd=2.01 lin=0.00 ang=-1.19 turn detours=0
p4_delivery: xy=(-0.39,1.47) yaw=2.35 wp=0/3 fwd=1.80 lin=0.00 ang=-1.19 turn detours=0
p4_delivery: xy=(-0.39,1.47) yaw=2.10 wp=0/3 fwd=1.79 lin=0.00 ang=-1.07 turn detours=0
p4_delivery: xy=(-0.40,1.48) yaw=1.82 wp=0/3 fwd=1.57 lin=0.75 ang=-0.50 cruise detours=0
p4_delivery: xy=(-0.41,1.55) yaw=1.63 wp=0/3 fwd=1.50 lin=0.00 ang=-1.20 turn detours=0
p4_delivery: xy=(-0.41,1.60) yaw=1.43 wp=0/3 fwd=1.44 lin=0.00 ang=-1.20 turn detours=0
p4_delivery: xy=(-0.41,1.61) yaw=1.14 wp=0/3 fwd=1.66 lin=0.00 ang=-1.20 turn detours=0
p4_delivery: xy=(-0.41,1.61) yaw=0.90 wp=0/3 fwd=1.66 lin=0.00 ang=-1.20 turn detours=0
p4_delivery: xy=(-0.41,1.61) yaw=0.56 wp=0/3 fwd=2.22 lin=0.00 ang=-1.20 turn detours=0
p4_delivery: xy=(-0.41,1.61) yaw=0.26 wp=0/3 fwd=0.80 lin=0.00 ang=-1.20 turn detours=0
p4_delivery: xy=(-0.41,1.61) yaw=-0.06 wp=0/3 fwd=0.79 lin=0.00 ang=-1.20 turn detours=0
p4_delivery: xy=(-0.41,1.61) yaw=-0.38 wp=0/3 fwd=0.80 lin=0.00 ang=-1.19 turn detours=0
p4_delivery: xy=(-0.41,1.61) yaw=-0.72 wp=0/3 fwd=0.86 lin=0.00 ang=-1.18 turn detours=0
p4_delivery: xy=(-0.41,1.61) yaw=-1.05 wp=0/3 fwd=1.05 lin=0.00 ang=-0.98 turn detours=0
p4_delivery: xy=(-0.40,1.60) yaw=-1.31 wp=0/3 fwd=1.41 lin=0.63 ang=-0.47 cruise detours=0
p4_delivery: xy=(-0.39,1.49) yaw=-1.57 wp=0/3 fwd=1.74 lin=0.00 ang=-1.20 turn detours=0
p4_delivery: xy=(-0.39,1.46) yaw=-1.84 wp=0/3 fwd=1.47 lin=0.00 ang=-1.20 turn detours=0
p4_delivery: xy=(-0.39,1.45) yaw=-2.13 wp=0/3 fwd=1.43 lin=0.00 ang=-1.20 turn detours=0
p4_delivery: xy=(-0.39,1.45) yaw=-2.42 wp=0/3 fwd=1.43 lin=0.00 ang=-1.20 turn detours=0

{
  "arrived": false,
  "goal": "delivery",
  "in_zone": false,
  "in_picking_zone": false,
  "in_delivery_base": false,
  "odom_xy": [
    -0.393,
    1.453
  ],
  "yaw": -2.716,
  "head_joints": {
    "slide": 0.11606253728377279,
    "head_yaw": 0.0035747947946976294,
    "head_pitch": -0.11610043932937242
  },
  "goal_xy": [
    -1.94,
    -2.9
  ],
  "route": [
    [
      -0.4,
      2.2
    ],
    [
      -0.4,
      -2.7
    ],
    [
      -1.94,
      -2.9
    ]
  ],
  "elapsed_s": 150.44,
  "status": "turn",
  "detours": 0,
  "speed_scale": 8.0,
  "max_lin": 2.4,
  "max_ang": 1.2,
  "stop_dist": 0.432,
  "slow_dist": 0.832,
  "blocked_by_scan": false,
  "log_json": "/workspace/baseline/outputs/p4/delivery_20260903_112431.json",
  "log_txt": "/workspace/baseline/outputs/p4/delivery_20260903_112431.log"
}
p4 log: /workspace/baseline/outputs/p4/delivery_20260903_112431.log
