p4_delivery: start xy=(0.95,2.47) yaw=1.42 route=[(-0.4, 2.32), (-0.4, -2.7), (-1.94, -2.9)] stop=0.43 slow=0.83 max_lin=2.40 max_ang=1.65
p4_delivery: xy=(0.95,2.47) yaw=1.42 wp=0/3 fwd=0.69 lin=0.00 ang=1.65 turn detours=0
p4_delivery: xy=(0.95,2.47) yaw=1.67 wp=0/3 fwd=1.01 lin=0.00 ang=1.65 turn detours=0
p4_delivery: xy=(0.95,2.47) yaw=2.13 wp=0/3 fwd=0.70 lin=0.00 ang=1.63 turn detours=0
p4_delivery: xy=(0.96,2.47) yaw=2.56 wp=0/3 fwd=0.73 lin=0.00 ang=1.01 turn detours=0
p4_delivery: xy=(0.96,2.47) yaw=2.81 wp=0/3 fwd=1.39 lin=0.00 ang=0.65 turn detours=0
p4_delivery: xy=(0.96,2.47) yaw=2.97 wp=0/3 fwd=1.39 lin=0.39 ang=0.41 cruise detours=0
p4_delivery: xy=(0.92,2.47) yaw=3.07 wp=0/3 fwd=2.18 lin=0.75 ang=0.27 cruise detours=0
p4_delivery: xy=(0.80,2.48) yaw=-3.12 wp=0/3 fwd=2.07 lin=0.96 ang=0.16 cruise detours=0
p4_delivery: xy=(0.58,2.46) yaw=-3.04 wp=0/3 fwd=2.53 lin=0.96 ang=0.00 cruise detours=0
p4_delivery: xy=(0.34,2.43) yaw=-3.02 wp=0/3 fwd=2.29 lin=1.60 ang=-0.17 cruise detours=0
p4_delivery: xy=(-0.06,2.38) yaw=-3.00 wp=0/3 fwd=1.91 lin=0.34 ang=0.00 cruise detours=0
p4_delivery: xy=(-0.35,2.34) yaw=-2.98 wp=1/3 fwd=1.60 lin=0.00 ang=1.65 turn detours=0
p4_delivery: xy=(-0.47,2.32) yaw=-2.92 wp=1/3 fwd=1.47 lin=0.00 ang=1.65 turn detours=0
p4_delivery: xy=(-0.50,2.31) yaw=-2.58 wp=1/3 fwd=1.43 lin=0.00 ang=1.46 turn detours=0
p4_delivery: xy=(-0.50,2.30) yaw=-2.15 wp=1/3 fwd=1.61 lin=0.00 ang=0.85 turn detours=0
p4_delivery: xy=(-0.50,2.31) yaw=-1.91 wp=1/3 fwd=2.21 lin=0.00 ang=0.49 turn detours=0
p4_delivery: xy=(-0.51,2.28) yaw=-1.77 wp=1/3 fwd=2.19 lin=1.13 ang=0.47 cruise detours=0
p4_delivery: xy=(-0.53,2.16) yaw=-1.66 wp=1/3 fwd=1.14 lin=1.20 ang=0.09 cruise detours=0
p4_delivery: xy=(-0.54,1.93) yaw=-1.57 wp=1/3 fwd=0.87 lin=1.20 ang=0.00 cruise detours=0
p4_delivery: xy=(-0.53,1.63) yaw=-1.56 wp=1/3 fwd=0.79 lin=1.20 ang=-0.35 cruise detours=0
p4_delivery: xy=(-0.54,1.30) yaw=-1.66 wp=1/3 fwd=1.24 lin=1.20 ang=-0.27 cruise detours=0
p4_delivery: xy=(-0.58,0.97) yaw=-1.73 wp=1/3 fwd=0.91 lin=1.19 ang=0.41 cruise detours=0
p4_delivery: xy=(-0.62,0.70) yaw=-1.67 wp=1/4 fwd=0.60 lin=0.00 ang=0.16 blocked_right detours=1
p4_delivery: xy=(-0.63,0.57) yaw=-1.62 wp=1/4 fwd=0.47 lin=0.00 ang=0.08 blocked_right detours=2
p4_delivery: xy=(-0.63,0.55) yaw=-1.59 wp=1/4 fwd=0.46 lin=0.00 ang=0.03 blocked_right detours=3
p4_delivery: xy=(-0.63,0.56) yaw=-1.58 wp=1/4 fwd=0.47 lin=-0.45 ang=0.00 reverse detours=4
p4_delivery: xy=(-0.63,0.58) yaw=-1.58 wp=1/4 fwd=0.49 lin=0.00 ang=0.01 blocked_right detours=5
p4_delivery: xy=(-0.63,0.60) yaw=-1.57 wp=1/4 fwd=0.50 lin=0.00 ang=0.00 blocked_right detours=6
p4_delivery: xy=(-0.63,0.61) yaw=-1.57 wp=1/4 fwd=0.52 lin=0.00 ang=0.00 blocked_right detours=8
p4_delivery: xy=(-0.63,0.64) yaw=-1.57 wp=1/4 fwd=0.54 lin=-0.45 ang=0.00 reverse detours=8
p4_delivery: xy=(-0.63,0.74) yaw=-1.57 wp=1/4 fwd=0.63 lin=-0.45 ang=0.00 reverse detours=8
p4_delivery: xy=(-0.63,0.87) yaw=-1.57 wp=1/4 fwd=0.76 lin=-0.45 ang=0.00 reverse detours=8
p4_delivery: xy=(-0.63,0.98) yaw=-1.57 wp=1/4 fwd=0.87 lin=1.09 ang=0.00 cruise detours=8
p4_delivery: xy=(-0.63,0.99) yaw=-1.57 wp=1/4 fwd=0.88 lin=1.13 ang=0.00 cruise detours=8
p4_delivery: xy=(-0.63,0.89) yaw=-1.58 wp=1/4 fwd=0.80 lin=0.93 ang=0.00 slow detours=8
p4_delivery: xy=(-0.63,0.78) yaw=-1.58 wp=1/4 fwd=0.69 lin=-0.45 ang=0.00 reverse detours=8
p4_delivery: xy=(-0.63,0.82) yaw=-1.56 wp=1/4 fwd=0.71 lin=-0.45 ang=0.00 reverse detours=8
p4_delivery: xy=(-0.63,0.93) yaw=-1.56 wp=1/4 fwd=0.81 lin=-0.45 ang=0.00 reverse detours=8
p4_delivery: xy=(-0.63,1.00) yaw=-1.56 wp=1/4 fwd=0.90 lin=1.16 ang=0.00 cruise detours=8
p4_delivery: xy=(-0.63,0.98) yaw=-1.57 wp=1/4 fwd=0.88 lin=1.13 ang=0.00 cruise detours=8
p4_delivery: xy=(-0.63,0.88) yaw=-1.59 wp=1/4 fwd=0.78 lin=-0.45 ang=0.08 reverse detours=8
p4_delivery: xy=(-0.64,0.79) yaw=-1.61 wp=1/4 fwd=0.69 lin=-0.45 ang=0.06 reverse detours=8
p4_delivery: xy=(-0.63,0.82) yaw=-1.62 wp=1/4 fwd=0.71 lin=-0.45 ang=0.12 reverse detours=8
p4_delivery: xy=(-0.63,0.91) yaw=-1.60 wp=1/4 fwd=0.81 lin=-0.45 ang=0.09 reverse detours=8
p4_delivery: xy=(-0.63,0.99) yaw=-1.57 wp=1/4 fwd=0.89 lin=1.14 ang=0.00 cruise detours=8
p4_delivery: xy=(-0.63,0.98) yaw=-1.55 wp=1/4 fwd=0.88 lin=1.10 ang=0.00 cruise detours=8
p4_delivery: xy=(-0.63,0.87) yaw=-1.53 wp=1/4 fwd=0.78 lin=0.93 ang=0.00 cruise detours=8
p4_delivery: xy=(-0.62,0.72) yaw=-1.50 wp=1/4 fwd=0.62 lin=0.75 ang=0.27 cruise detours=8
p4_delivery: xy=(-0.60,0.54) yaw=-1.43 wp=1/4 fwd=0.71 lin=0.44 ang=0.12 cruise detours=8
p4_delivery: xy=(-0.58,0.41) yaw=-1.40 wp=1/4 fwd=1.98 lin=0.31 ang=0.02 cruise detours=8
p4_delivery: xy=(-0.56,0.32) yaw=-1.40 wp=1/4 fwd=1.89 lin=0.27 ang=-0.03 cruise detours=8
p4_delivery: xy=(-0.55,0.24) yaw=-1.41 wp=1/4 fwd=1.80 lin=0.26 ang=-0.05 cruise detours=8
p4_delivery: xy=(-0.54,0.16) yaw=-1.42 wp=1/4 fwd=1.72 lin=0.26 ang=-0.06 cruise detours=8
p4_delivery: xy=(-0.53,0.09) yaw=-1.44 wp=1/4 fwd=1.64 lin=0.25 ang=-0.06 cruise detours=8
p4_delivery: xy=(-0.52,0.01) yaw=-1.46 wp=1/4 fwd=1.57 lin=0.24 ang=-0.06 cruise detours=8
p4_delivery: xy=(-0.51,-0.06) yaw=-1.53 wp=1/4 fwd=1.51 lin=0.28 ang=-0.33 cruise detours=8
p4_delivery: xy=(-0.51,-0.13) yaw=-1.62 wp=1/4 fwd=1.43 lin=0.31 ang=-0.21 cruise detours=8
p4_delivery: xy=(-0.52,-0.21) yaw=-1.68 wp=1/4 fwd=1.35 lin=0.24 ang=-0.13 cruise detours=8
p4_delivery: xy=(-0.53,-0.28) yaw=-1.72 wp=1/4 fwd=1.29 lin=0.16 ang=0.00 cruise detours=8
p4_delivery: xy=(-0.53,-0.32) yaw=-1.72 wp=1/4 fwd=1.24 lin=0.12 ang=0.00 cruise detours=8
p4_delivery: xy=(-0.54,-0.36) yaw=-1.72 wp=2/4 fwd=1.20 lin=1.45 ang=0.00 cruise detours=8
p4_delivery: xy=(-0.56,-0.46) yaw=-1.72 wp=2/4 fwd=1.11 lin=1.48 ang=0.08 cruise detours=8
p4_delivery: xy=(-0.59,-0.71) yaw=-1.71 wp=2/4 fwd=0.87 lin=1.10 ang=0.14 cruise detours=8
p4_delivery: xy=(-0.62,-0.95) yaw=-1.69 wp=2/4 fwd=0.63 lin=-0.45 ang=0.15 reverse detours=8
p4_delivery: xy=(-0.64,-1.07) yaw=-1.68 wp=2/4 fwd=0.49 lin=-0.45 ang=0.17 reverse detours=8
p4_delivery: xy=(-0.63,-1.03) yaw=-1.67 wp=2/4 fwd=0.52 lin=-0.45 ang=0.15 reverse detours=8
p4_delivery: xy=(-0.62,-0.92) yaw=-1.64 wp=2/4 fwd=0.64 lin=-0.45 ang=0.09 reverse detours=8
p4_delivery: xy=(-0.61,-0.78) yaw=-1.62 wp=2/4 fwd=0.76 lin=-0.45 ang=0.08 reverse detours=8
p4_delivery: xy=(-0.61,-0.68) yaw=-1.61 wp=2/4 fwd=0.87 lin=1.10 ang=0.00 cruise detours=8
p4_delivery: xy=(-0.61,-0.68) yaw=-1.60 wp=2/4 fwd=0.88 lin=1.11 ang=0.00 cruise detours=8
p4_delivery: xy=(-0.61,-0.78) yaw=-1.60 wp=2/4 fwd=0.78 lin=-0.45 ang=0.00 reverse detours=8
p4_delivery: xy=(-0.61,-0.79) yaw=-1.60 wp=2/4 fwd=0.76 lin=-0.45 ang=0.00 reverse detours=8
p4_delivery: xy=(-0.61,-0.70) yaw=-1.59 wp=2/4 fwd=0.85 lin=1.05 ang=0.00 cruise detours=8
p4_delivery: xy=(-0.61,-0.68) yaw=-1.58 wp=2/4 fwd=0.88 lin=1.12 ang=0.00 cruise detours=8

{
  "arrived": false,
  "goal": "delivery",
  "in_zone": false,
  "in_picking_zone": false,
  "in_delivery_base": false,
  "odom_xy": [
    -0.61,
    -0.754
  ],
  "yaw": -1.552,
  "head_joints": {
    "slide": 0.11605956625598202,
    "head_yaw": -0.01371330921558069,
    "head_pitch": -0.11748846571748428
  },
  "goal_xy": [
    -1.94,
    -2.9
  ],
  "route": [
    [
      -0.4,
      2.32
    ],
    [
      -0.4,
      -2.7
    ],
    [
      -1.94,
      -2.9
    ]
  ],
  "elapsed_s": 150.4,
  "status": "reverse",
  "detours": 8,
  "speed_scale": 8.0,
  "max_lin": 2.4,
  "max_ang": 1.65,
  "stop_dist": 0.432,
  "slow_dist": 0.832,
  "blocked_by_scan": false,
  "log_json": "/workspace/baseline/outputs/p4/delivery_20260904_093733.json",
  "log_txt": "/workspace/baseline/outputs/p4/delivery_20260904_093733.log"
}
p4 log: /workspace/baseline/outputs/p4/delivery_20260904_093733.log
