p4_delivery: start xy=(0.95,2.48) yaw=1.42 route=[(-0.4, 2.32), (-0.4, -2.7), (-1.94, -2.9)] stop=0.43 slow=0.83 max_lin=2.40 max_ang=1.65
p4_delivery: xy=(0.95,2.48) yaw=1.42 wp=0/3 fwd=0.70 lin=0.00 ang=1.65 turn detours=0
p4_delivery: xy=(0.95,2.48) yaw=1.78 wp=0/3 fwd=0.96 lin=0.00 ang=1.65 turn detours=0
p4_delivery: xy=(0.95,2.48) yaw=2.32 wp=0/3 fwd=0.70 lin=0.00 ang=1.37 turn detours=0
p4_delivery: xy=(0.95,2.48) yaw=2.69 wp=0/3 fwd=1.38 lin=0.00 ang=0.82 turn detours=0
p4_delivery: xy=(0.95,2.48) yaw=2.90 wp=0/3 fwd=1.38 lin=0.00 ang=0.52 turn detours=0
p4_delivery: xy=(0.93,2.48) yaw=3.04 wp=0/3 fwd=1.38 lin=0.64 ang=0.31 cruise detours=0
p4_delivery: xy=(0.88,2.48) yaw=-3.08 wp=0/3 fwd=2.14 lin=0.00 ang=1.65 turn detours=0
p4_delivery: xy=(0.85,2.47) yaw=-2.67 wp=0/3 fwd=2.77 lin=0.15 ang=-0.51 cruise detours=0
p4_delivery: xy=(0.81,2.45) yaw=-2.66 wp=0/3 fwd=2.73 lin=0.14 ang=-0.54 cruise detours=0
p4_delivery: xy=(0.77,2.43) yaw=-2.80 wp=0/3 fwd=2.68 lin=0.47 ang=-0.35 cruise detours=0
p4_delivery: xy=(0.64,2.40) yaw=-2.91 wp=0/3 fwd=2.55 lin=0.67 ang=-0.23 cruise detours=0
p4_delivery: xy=(0.47,2.36) yaw=-2.98 wp=0/3 fwd=2.36 lin=1.60 ang=-0.24 cruise detours=0
p4_delivery: xy=(0.22,2.33) yaw=-3.03 wp=0/3 fwd=2.10 lin=1.60 ang=-0.16 cruise detours=0
p4_delivery: xy=(-0.12,2.30) yaw=-3.08 wp=0/3 fwd=1.81 lin=0.19 ang=-0.21 cruise detours=0
p4_delivery: xy=(-0.32,2.29) yaw=-3.12 wp=1/3 fwd=1.59 lin=0.00 ang=1.65 turn detours=0
p4_delivery: xy=(-0.41,2.28) yaw=-2.99 wp=1/3 fwd=1.51 lin=0.00 ang=1.65 turn detours=0
p4_delivery: xy=(-0.42,2.28) yaw=-2.51 wp=1/3 fwd=1.50 lin=0.00 ang=1.36 turn detours=0
p4_delivery: xy=(-0.42,2.28) yaw=-2.14 wp=1/3 fwd=1.77 lin=0.00 ang=0.83 turn detours=0
p4_delivery: xy=(-0.42,2.28) yaw=-1.89 wp=1/3 fwd=2.19 lin=0.00 ang=0.46 turn detours=0
p4_delivery: xy=(-0.43,2.24) yaw=-1.76 wp=1/3 fwd=1.25 lin=1.24 ang=0.32 cruise detours=0
p4_delivery: xy=(-0.45,2.08) yaw=-1.64 wp=1/3 fwd=0.89 lin=1.20 ang=0.07 cruise detours=0
p4_delivery: xy=(-0.46,1.87) yaw=-1.56 wp=1/4 fwd=0.69 lin=0.00 ang=-1.26 turn detours=1
p4_delivery: xy=(-0.46,1.76) yaw=-1.56 wp=1/4 fwd=0.60 lin=0.00 ang=-1.05 turn detours=2
p4_delivery: xy=(-0.46,1.74) yaw=-1.76 wp=1/4 fwd=1.65 lin=0.00 ang=-0.94 turn detours=3
p4_delivery: xy=(-0.46,1.74) yaw=-2.00 wp=1/4 fwd=1.66 lin=0.00 ang=-0.59 turn detours=3
p4_delivery: xy=(-0.46,1.73) yaw=-2.16 wp=1/4 fwd=1.67 lin=0.40 ang=-0.53 cruise detours=3
p4_delivery: xy=(-0.50,1.68) yaw=-2.29 wp=1/4 fwd=1.68 lin=0.72 ang=-0.34 cruise detours=3
p4_delivery: xy=(-0.61,1.57) yaw=-2.45 wp=1/4 fwd=1.88 lin=0.78 ang=-0.10 cruise detours=3
p4_delivery: xy=(-0.76,1.46) yaw=-2.50 wp=1/4 fwd=1.12 lin=0.53 ang=0.00 cruise detours=3
p4_delivery: xy=(-0.88,1.37) yaw=-2.50 wp=1/4 fwd=1.55 lin=0.43 ang=0.00 cruise detours=3
p4_delivery: xy=(-0.98,1.30) yaw=-2.50 wp=1/4 fwd=1.46 lin=0.36 ang=0.00 cruise detours=3
p4_delivery: xy=(-1.07,1.23) yaw=-2.50 wp=1/4 fwd=1.36 lin=0.31 ang=0.00 cruise detours=3
p4_delivery: xy=(-1.14,1.17) yaw=-2.51 wp=1/4 fwd=1.28 lin=0.00 ang=-1.65 turn detours=3
p4_delivery: xy=(-1.18,1.15) yaw=-2.85 wp=1/4 fwd=0.63 lin=0.00 ang=-1.65 turn detours=3
p4_delivery: xy=(-1.18,1.15) yaw=2.90 wp=1/4 fwd=0.63 lin=0.00 ang=-0.90 turn detours=3
p4_delivery: xy=(-1.18,1.15) yaw=2.62 wp=1/4 fwd=0.65 lin=0.00 ang=-0.51 turn detours=3
p4_delivery: xy=(-1.18,1.15) yaw=2.61 wp=1/4 fwd=0.65 lin=0.00 ang=0.91 blocked_left detours=3
p4_delivery: xy=(-1.17,1.15) yaw=3.03 wp=1/4 fwd=0.64 lin=0.00 ang=1.65 turn detours=5
p4_delivery: xy=(-1.15,1.15) yaw=-2.74 wp=1/4 fwd=1.21 lin=0.00 ang=1.18 turn detours=6
p4_delivery: xy=(-1.14,1.15) yaw=-2.37 wp=1/4 fwd=1.35 lin=0.00 ang=0.64 turn detours=6
p4_delivery: xy=(-1.15,1.15) yaw=-2.15 wp=1/4 fwd=1.51 lin=0.42 ang=0.50 cruise detours=6
p4_delivery: xy=(-1.19,1.06) yaw=-2.02 wp=1/4 fwd=0.97 lin=0.68 ang=0.31 cruise detours=6
p4_delivery: xy=(-1.26,0.90) yaw=-1.93 wp=1/4 fwd=0.81 lin=0.00 ang=0.58 blocked_right detours=6
p4_delivery: xy=(-1.31,0.76) yaw=-1.88 wp=1/4 fwd=0.66 lin=0.00 ang=0.50 blocked_right detours=7
p4_delivery: xy=(-1.32,0.74) yaw=-1.79 wp=1/4 fwd=0.63 lin=-0.45 ang=0.00 reverse detours=8
p4_delivery: xy=(-1.31,0.80) yaw=-1.72 wp=1/4 fwd=0.68 lin=-0.45 ang=-0.11 reverse detours=8
p4_delivery: xy=(-1.29,0.91) yaw=-1.72 wp=1/4 fwd=0.79 lin=-0.45 ang=-0.10 reverse detours=8
p4_delivery: xy=(-1.27,1.04) yaw=-1.74 wp=1/4 fwd=0.91 lin=0.74 ang=-0.08 cruise detours=8
p4_delivery: xy=(-1.26,1.11) yaw=-1.75 wp=1/4 fwd=0.99 lin=0.81 ang=0.00 cruise detours=8
p4_delivery: xy=(-1.27,1.06) yaw=-1.73 wp=1/4 fwd=0.95 lin=0.72 ang=-0.09 cruise detours=8
p4_delivery: xy=(-1.29,0.90) yaw=-1.73 wp=1/4 fwd=0.80 lin=-0.45 ang=0.25 reverse detours=8
p4_delivery: xy=(-1.31,0.82) yaw=-1.73 wp=1/4 fwd=0.71 lin=-0.45 ang=-0.09 reverse detours=8
p4_delivery: xy=(-1.30,0.87) yaw=-1.74 wp=1/4 fwd=0.75 lin=-0.45 ang=-0.08 reverse detours=8
p4_delivery: xy=(-1.28,1.00) yaw=-1.75 wp=1/4 fwd=0.87 lin=-0.45 ang=0.00 reverse detours=8
p4_delivery: xy=(-1.26,1.09) yaw=-1.73 wp=1/4 fwd=0.97 lin=0.72 ang=-0.10 cruise detours=8
p4_delivery: xy=(-1.26,1.06) yaw=-1.70 wp=1/4 fwd=0.96 lin=0.61 ang=-0.14 cruise detours=8
p4_delivery: xy=(-1.28,0.93) yaw=-1.70 wp=1/4 fwd=0.82 lin=-0.45 ang=-0.13 reverse detours=8
p4_delivery: xy=(-1.29,0.85) yaw=-1.73 wp=1/4 fwd=0.74 lin=-0.45 ang=-0.09 reverse detours=8
p4_delivery: xy=(-1.28,0.90) yaw=-1.75 wp=1/4 fwd=0.78 lin=-0.45 ang=0.00 reverse detours=8
p4_delivery: xy=(-1.26,1.01) yaw=-1.75 wp=1/4 fwd=0.90 lin=-0.45 ang=0.00 reverse detours=8
p4_delivery: xy=(-1.25,1.10) yaw=-1.73 wp=1/4 fwd=0.98 lin=0.74 ang=-0.09 cruise detours=8
p4_delivery: xy=(-1.25,1.06) yaw=-1.74 wp=1/4 fwd=0.95 lin=0.77 ang=0.00 cruise detours=8
p4_delivery: xy=(-1.28,0.92) yaw=-1.76 wp=1/4 fwd=0.82 lin=-0.45 ang=0.00 reverse detours=8
p4_delivery: xy=(-1.30,0.80) yaw=-1.79 wp=1/4 fwd=0.69 lin=-0.45 ang=0.00 reverse detours=8
p4_delivery: xy=(-1.30,0.82) yaw=-1.81 wp=1/4 fwd=0.70 lin=-0.45 ang=0.00 reverse detours=8
p4_delivery: xy=(-1.27,0.93) yaw=-1.81 wp=1/4 fwd=0.80 lin=-0.45 ang=0.00 reverse detours=8
p4_delivery: xy=(-1.24,1.04) yaw=-1.80 wp=1/4 fwd=0.92 lin=0.96 ang=0.00 cruise detours=8
p4_delivery: xy=(-1.23,1.09) yaw=-1.79 wp=1/4 fwd=0.98 lin=0.96 ang=0.00 cruise detours=8
p4_delivery: xy=(-1.25,1.03) yaw=-1.80 wp=1/4 fwd=0.93 lin=0.96 ang=0.00 cruise detours=8
p4_delivery: xy=(-1.29,0.85) yaw=-1.81 wp=1/4 fwd=0.76 lin=-0.45 ang=0.00 reverse detours=8
p4_delivery: xy=(-1.31,0.76) yaw=-1.79 wp=1/4 fwd=0.65 lin=-0.45 ang=0.00 reverse detours=8
p4_delivery: xy=(-1.30,0.81) yaw=-1.78 wp=1/4 fwd=0.69 lin=-0.45 ang=0.00 reverse detours=8
p4_delivery: xy=(-1.28,0.92) yaw=-1.76 wp=1/4 fwd=0.79 lin=-0.45 ang=0.00 reverse detours=8
p4_delivery: xy=(-1.25,1.05) yaw=-1.76 wp=1/4 fwd=0.93 lin=0.81 ang=0.00 cruise detours=8

{
  "arrived": false,
  "goal": "delivery",
  "in_zone": false,
  "in_picking_zone": false,
  "in_delivery_base": false,
  "odom_xy": [
    -1.246,
    1.092
  ],
  "yaw": -1.753,
  "head_joints": {
    "slide": 0.11605785686254702,
    "head_yaw": -0.01686876041742569,
    "head_pitch": -0.11747704594996175
  },
  "goal_xy": [
    -1.94,
    -2.9
  ],
  "route": [
    [
      -0.4,
      2.32
    ],
    [
      -0.4,
      -2.7
    ],
    [
      -1.94,
      -2.9
    ]
  ],
  "elapsed_s": 150.46,
  "status": "cruise",
  "detours": 8,
  "speed_scale": 8.0,
  "max_lin": 2.4,
  "max_ang": 1.65,
  "stop_dist": 0.432,
  "slow_dist": 0.832,
  "blocked_by_scan": false,
  "log_json": "/workspace/baseline/outputs/p4/delivery_20260904_092833.json",
  "log_txt": "/workspace/baseline/outputs/p4/delivery_20260904_092833.log"
}
p4 log: /workspace/baseline/outputs/p4/delivery_20260904_092833.log
