p4_delivery: start xy=(0.86,2.38) yaw=1.41 route=[(0.852, 2.0), (1.92, 2.0), (1.92, -2.9), (-1.94, -2.9)] stop=0.43 slow=0.83 max_lin=2.40 max_ang=1.20
p4_delivery: xy=(0.86,2.38) yaw=1.41 wp=1/4 fwd=1.07 lin=0.00 ang=0.00 hold detours=0
p4_delivery: xy=(0.86,2.38) yaw=1.17 wp=1/4 fwd=0.80 lin=0.00 ang=-1.20 turn detours=0
p4_delivery: xy=(0.86,2.38) yaw=0.88 wp=1/4 fwd=0.80 lin=0.00 ang=-1.20 turn detours=0
p4_delivery: xy=(0.86,2.38) yaw=0.54 wp=1/4 fwd=1.46 lin=0.00 ang=-1.20 turn detours=0
p4_delivery: xy=(0.86,2.38) yaw=0.25 wp=1/4 fwd=1.46 lin=0.00 ang=-1.20 turn detours=0
p4_delivery: xy=(0.86,2.37) yaw=-0.03 wp=1/4 fwd=1.50 lin=0.00 ang=-0.69 turn detours=0
p4_delivery: xy=(0.86,2.37) yaw=-0.20 wp=1/4 fwd=1.50 lin=0.00 ang=-0.32 turn detours=0
p4_delivery: xy=(0.86,2.37) yaw=-0.28 wp=1/4 fwd=1.50 lin=0.00 ang=-0.14 turn detours=0
p4_delivery: xy=(0.88,2.37) yaw=-0.32 wp=1/4 fwd=1.49 lin=1.21 ang=0.00 cruise detours=0
p4_delivery: xy=(1.00,2.32) yaw=-0.37 wp=1/4 fwd=1.37 lin=1.06 ang=0.00 cruise detours=0
p4_delivery: xy=(1.21,2.24) yaw=-0.39 wp=1/4 fwd=1.18 lin=0.82 ang=0.14 cruise detours=0
p4_delivery: xy=(1.41,2.16) yaw=-0.36 wp=1/4 fwd=0.97 lin=0.59 ang=0.00 cruise detours=0
p4_delivery: xy=(1.56,2.11) yaw=-0.34 wp=1/4 fwd=0.82 lin=0.40 ang=0.11 slow detours=0
p4_delivery: xy=(1.65,2.08) yaw=-0.33 wp=1/4 fwd=0.72 lin=0.23 ang=0.00 slow detours=0
p4_delivery: xy=(1.70,2.06) yaw=-0.31 wp=1/4 fwd=0.67 lin=0.15 ang=0.00 slow detours=0
p4_delivery: xy=(1.73,2.05) yaw=-0.31 wp=1/4 fwd=0.63 lin=0.11 ang=0.11 slow detours=0
p4_delivery: xy=(1.76,2.04) yaw=-0.30 wp=1/4 fwd=0.61 lin=0.08 ang=0.00 slow detours=0
p4_delivery: xy=(1.78,2.04) yaw=-0.29 wp=1/4 fwd=0.59 lin=0.06 ang=0.00 slow detours=0
p4_delivery: xy=(1.80,2.03) yaw=-0.29 wp=1/4 fwd=0.57 lin=0.05 ang=0.11 slow detours=0
p4_delivery: xy=(1.81,2.03) yaw=-0.33 wp=2/4 fwd=0.56 lin=0.00 ang=-1.20 turn detours=0
p4_delivery: xy=(1.81,2.03) yaw=-0.69 wp=2/4 fwd=0.59 lin=0.00 ang=-1.20 turn detours=0
p4_delivery: xy=(1.81,2.03) yaw=-1.09 wp=2/4 fwd=0.77 lin=0.00 ang=-1.01 turn detours=0
p4_delivery: xy=(1.81,2.03) yaw=-1.35 wp=2/4 fwd=1.07 lin=0.00 ang=-0.44 turn detours=0
p4_delivery: xy=(1.81,2.03) yaw=-1.46 wp=2/4 fwd=1.32 lin=0.00 ang=-0.19 turn detours=0
p4_delivery: xy=(1.81,2.02) yaw=-1.52 wp=2/4 fwd=1.50 lin=2.40 ang=0.00 cruise detours=0
p4_delivery: xy=(1.81,1.92) yaw=-1.56 wp=2/4 fwd=1.64 lin=2.40 ang=0.00 cruise detours=0
p4_delivery: xy=(1.81,1.75) yaw=-1.58 wp=2/4 fwd=1.76 lin=2.40 ang=0.00 cruise detours=0
p4_delivery: xy=(1.81,1.47) yaw=-1.61 wp=2/4 fwd=1.90 lin=2.40 ang=0.14 cruise detours=0
p4_delivery: xy=(1.79,1.10) yaw=-1.63 wp=2/4 fwd=2.07 lin=2.39 ang=0.20 cruise detours=0
p4_delivery: xy=(1.76,0.67) yaw=-1.65 wp=2/4 fwd=2.29 lin=2.38 ang=0.27 cruise detours=0
p4_delivery: xy=(1.72,0.18) yaw=-1.66 wp=2/4 fwd=2.47 lin=2.37 ang=0.35 cruise detours=0
p4_delivery: xy=(1.66,-0.37) yaw=-1.68 wp=2/4 fwd=2.29 lin=2.35 ang=0.46 cruise detours=0
p4_delivery: xy=(1.60,-0.95) yaw=-1.67 wp=2/4 fwd=2.15 lin=2.08 ang=0.58 cruise detours=0
p4_delivery: xy=(1.57,-1.50) yaw=-1.54 wp=2/4 fwd=2.15 lin=1.54 ang=0.46 cruise detours=0
p4_delivery: xy=(1.61,-1.94) yaw=-1.43 wp=2/4 fwd=1.71 lin=1.08 ang=0.39 cruise detours=0
p4_delivery: xy=(1.67,-2.27) yaw=-1.31 wp=2/4 fwd=1.29 lin=0.73 ang=0.25 cruise detours=0
p4_delivery: xy=(1.73,-2.46) yaw=-1.24 wp=2/4 fwd=1.05 lin=0.52 ang=0.16 cruise detours=0
p4_delivery: xy=(1.79,-2.61) yaw=-1.19 wp=2/4 fwd=0.92 lin=0.34 ang=0.00 cruise detours=0
p4_delivery: xy=(1.83,-2.72) yaw=-1.17 wp=2/4 fwd=0.83 lin=0.22 ang=-0.35 slow detours=0
p4_delivery: xy=(1.86,-2.78) yaw=-1.21 wp=2/4 fwd=0.83 lin=0.14 ang=0.27 cruise detours=0
p4_delivery: xy=(1.87,-2.81) yaw=-1.37 wp=3/4 fwd=0.80 lin=0.00 ang=-1.20 turn detours=0
p4_delivery: xy=(1.87,-2.82) yaw=-1.71 wp=3/4 fwd=0.79 lin=0.00 ang=-1.20 turn detours=0
p4_delivery: xy=(1.87,-2.81) yaw=-2.10 wp=3/4 fwd=0.81 lin=0.00 ang=-1.20 turn detours=0
p4_delivery: xy=(1.87,-2.81) yaw=-2.49 wp=3/4 fwd=0.94 lin=0.00 ang=-1.20 turn detours=0
p4_delivery: xy=(1.87,-2.81) yaw=-2.82 wp=3/4 fwd=1.20 lin=0.00 ang=-0.67 turn detours=0
p4_delivery: xy=(1.87,-2.81) yaw=-3.01 wp=3/4 fwd=1.20 lin=0.00 ang=-0.23 turn detours=0
p4_delivery: xy=(1.87,-2.81) yaw=-3.08 wp=3/4 fwd=1.20 lin=2.40 ang=0.00 cruise detours=0
p4_delivery: xy=(1.80,-2.82) yaw=-3.12 wp=3/4 fwd=1.14 lin=2.40 ang=0.00 cruise detours=0
p4_delivery: xy=(1.63,-2.82) yaw=3.14 wp=3/4 fwd=0.97 lin=2.40 ang=0.00 cruise detours=0
p4_delivery: xy=(1.35,-2.81) yaw=3.11 wp=3/4 fwd=0.71 lin=1.69 ang=0.12 slow detours=0
p4_delivery: xy=(1.05,-2.80) yaw=3.10 wp=3/5 fwd=0.37 lin=0.00 ang=-1.20 turn detours=1
p4_delivery: xy=(0.89,-2.80) yaw=3.11 wp=3/5 fwd=0.24 lin=0.00 ang=-1.20 turn detours=1
p4_delivery: xy=(0.94,-2.80) yaw=3.12 wp=3/5 fwd=0.26 lin=0.00 ang=-1.20 turn detours=1
p4_delivery: xy=(1.02,-2.80) yaw=3.11 wp=3/5 fwd=0.34 lin=0.00 ang=-1.20 turn detours=1
p4_delivery: xy=(1.05,-2.80) yaw=2.88 wp=3/5 fwd=0.38 lin=0.00 ang=-1.20 turn detours=1
p4_delivery: xy=(1.06,-2.80) yaw=2.50 wp=3/5 fwd=0.41 lin=0.00 ang=-0.97 turn detours=1
p4_delivery: xy=(1.06,-2.80) yaw=2.27 wp=3/5 fwd=0.47 lin=0.00 ang=-0.47 turn detours=1
p4_delivery: xy=(1.06,-2.80) yaw=2.17 wp=3/5 fwd=0.51 lin=0.00 ang=-0.24 turn detours=1
p4_delivery: xy=(1.06,-2.80) yaw=2.11 wp=3/5 fwd=0.55 lin=0.22 ang=-0.35 slow detours=1
p4_delivery: xy=(1.04,-2.77) yaw=2.04 wp=3/5 fwd=0.57 lin=0.25 ang=-0.35 slow detours=1
p4_delivery: xy=(1.02,-2.73) yaw=1.96 wp=3/5 fwd=0.59 lin=0.26 ang=-0.13 slow detours=1
p4_delivery: xy=(1.00,-2.66) yaw=1.98 wp=3/5 fwd=0.56 lin=0.19 ang=-0.12 slow detours=1
p4_delivery: xy=(0.98,-2.63) yaw=2.05 wp=3/5 fwd=0.48 lin=0.14 ang=-0.35 slow detours=1
p4_delivery: xy=(0.97,-2.60) yaw=2.10 wp=3/5 fwd=0.44 lin=0.13 ang=-0.35 slow detours=1
p4_delivery: xy=(0.96,-2.59) yaw=2.12 wp=3/5 fwd=0.42 lin=0.00 ang=-0.66 blocked_right detours=1
p4_delivery: xy=(0.96,-2.60) yaw=2.10 wp=3/5 fwd=0.43 lin=0.00 ang=-0.66 blocked_right detours=1
p4_delivery: xy=(0.96,-2.59) yaw=2.11 wp=3/5 fwd=0.43 lin=0.00 ang=-0.66 blocked_right detours=1
p4_delivery: xy=(0.96,-2.60) yaw=2.10 wp=3/5 fwd=0.43 lin=0.13 ang=-0.35 slow detours=1
p4_delivery: xy=(0.96,-2.59) yaw=2.10 wp=3/5 fwd=0.43 lin=0.00 ang=-0.66 blocked_right detours=1
p4_delivery: xy=(0.96,-2.59) yaw=2.10 wp=3/5 fwd=0.43 lin=0.00 ang=-0.66 blocked_right detours=1
p4_delivery: xy=(0.96,-2.59) yaw=2.10 wp=3/5 fwd=0.43 lin=0.13 ang=-0.35 slow detours=1
p4_delivery: xy=(0.96,-2.59) yaw=2.10 wp=3/5 fwd=0.43 lin=0.00 ang=-0.66 blocked_right detours=1
p4_delivery: xy=(0.96,-2.59) yaw=2.10 wp=3/5 fwd=0.43 lin=0.00 ang=-0.66 blocked_right detours=1
p4_delivery: xy=(0.96,-2.59) yaw=2.09 wp=3/5 fwd=0.43 lin=0.13 ang=-0.35 slow detours=1

{
  "arrived": false,
  "goal": "delivery",
  "in_zone": false,
  "in_picking_zone": false,
  "in_delivery_base": false,
  "odom_xy": [
    0.958,
    -2.588
  ],
  "yaw": 2.097,
  "head_joints": {
    "slide": 0.11604729787122364,
    "head_yaw": -0.000204526530977934,
    "head_pitch": -0.11614759819307058
  },
  "goal_xy": [
    -1.94,
    -2.9
  ],
  "route": [
    [
      0.852,
      2.0
    ],
    [
      1.92,
      2.0
    ],
    [
      1.92,
      -2.9
    ],
    [
      -1.94,
      -2.9
    ]
  ],
  "elapsed_s": 150.46,
  "status": "blocked_right",
  "detours": 1,
  "speed_scale": 8.0,
  "max_lin": 2.4,
  "max_ang": 1.2,
  "stop_dist": 0.432,
  "slow_dist": 0.832,
  "blocked_by_scan": true,
  "log_json": "/workspace/baseline/outputs/p4/delivery_20260901_123300.json",
  "log_txt": "/workspace/baseline/outputs/p4/delivery_20260901_123300.log"
}
p4 log: /workspace/baseline/outputs/p4/delivery_20260901_123300.log
