p4_delivery: start xy=(1.92,-3.17) yaw=1.57 goal=(-1.940,-2.900) stop=0.43 planner=grid max_lin=1.20 max_ang=1.65
p4_delivery: xy=(1.92,-3.17) yaw=1.57 wp=0/66 fwd=1.43 lin=0.00 ang=0.00 replan start plan_id=1 detours=0 plan_ms=84.2
p4_delivery: xy=(1.92,-3.13) yaw=1.57 wp=0/66 fwd=1.44 lin=0.00 ang=0.00 replan stuck plan_id=2 detours=0 plan_ms=92.3
p4_delivery: xy=(1.92,-3.02) yaw=1.55 wp=0/65 fwd=1.37 lin=0.00 ang=0.00 replan stuck plan_id=3 detours=0 plan_ms=86.9
p4_delivery: xy=(1.93,-2.85) yaw=1.55 wp=3/65 fwd=1.33 lin=0.73 ang=0.08 cruise plan_id=3 detours=0 plan_ms=86.9
p4_delivery: xy=(1.93,-2.66) yaw=1.56 wp=3/64 fwd=1.37 lin=0.77 ang=0.00 cruise plan_id=4 detours=0 plan_ms=80.0
p4_delivery: xy=(1.93,-2.50) yaw=1.56 wp=3/63 fwd=1.38 lin=0.84 ang=0.00 cruise plan_id=5 detours=0 plan_ms=77.3
p4_delivery: xy=(1.93,-2.29) yaw=1.56 wp=3/62 fwd=1.38 lin=0.84 ang=0.00 cruise plan_id=6 detours=0 plan_ms=93.7
p4_delivery: xy=(1.93,-2.13) yaw=1.56 wp=3/61 fwd=1.38 lin=0.89 ang=0.00 cruise plan_id=7 detours=0 plan_ms=80.3
p4_delivery: xy=(1.93,-1.96) yaw=1.56 wp=3/60 fwd=1.37 lin=0.95 ang=0.00 cruise plan_id=8 detours=0 plan_ms=80.2
p4_delivery: xy=(1.94,-1.76) yaw=1.56 wp=3/59 fwd=1.37 lin=0.95 ang=0.00 cruise plan_id=9 detours=0 plan_ms=76.8
p4_delivery: xy=(1.94,-1.59) yaw=1.57 wp=0/58 fwd=1.37 lin=0.00 ang=0.00 replan off_track plan_id=10 detours=0 plan_ms=79.7
p4_delivery: xy=(1.94,-1.40) yaw=1.57 wp=3/58 fwd=1.37 lin=0.68 ang=0.00 cruise plan_id=10 detours=0 plan_ms=79.7
p4_delivery: xy=(1.94,-1.21) yaw=1.57 wp=3/57 fwd=1.37 lin=0.69 ang=0.00 cruise plan_id=11 detours=0 plan_ms=75.2
p4_delivery: xy=(1.94,-1.04) yaw=1.57 wp=3/56 fwd=1.37 lin=0.76 ang=0.07 cruise plan_id=12 detours=0 plan_ms=85.3
p4_delivery: xy=(1.94,-0.88) yaw=1.57 wp=3/55 fwd=1.38 lin=0.83 ang=0.00 cruise plan_id=13 detours=0 plan_ms=83.4
p4_delivery: xy=(1.94,-0.69) yaw=1.57 wp=3/54 fwd=1.38 lin=0.84 ang=0.00 cruise plan_id=14 detours=0 plan_ms=79.7
p4_delivery: xy=(1.94,-0.52) yaw=1.57 wp=3/53 fwd=1.38 lin=0.90 ang=0.00 cruise plan_id=15 detours=0 plan_ms=81.5
p4_delivery: xy=(1.94,-0.32) yaw=1.57 wp=3/52 fwd=1.38 lin=0.90 ang=0.00 cruise plan_id=16 detours=0 plan_ms=74.5
p4_delivery: xy=(1.94,-0.13) yaw=1.57 wp=3/51 fwd=1.38 lin=0.92 ang=0.00 cruise plan_id=17 detours=0 plan_ms=78.3
p4_delivery: xy=(1.94,0.08) yaw=1.57 wp=3/50 fwd=1.38 lin=0.90 ang=0.00 cruise plan_id=18 detours=0 plan_ms=75.0
p4_delivery: xy=(1.94,0.28) yaw=1.57 wp=3/49 fwd=1.38 lin=0.89 ang=0.00 cruise plan_id=19 detours=0 plan_ms=72.2
p4_delivery: xy=(1.94,0.48) yaw=1.57 wp=3/48 fwd=1.38 lin=0.90 ang=0.00 cruise plan_id=20 detours=0 plan_ms=70.8
p4_delivery: xy=(1.94,0.68) yaw=1.57 wp=3/47 fwd=1.38 lin=0.90 ang=0.00 cruise plan_id=21 detours=0 plan_ms=72.2
p4_delivery: xy=(1.94,0.84) yaw=1.57 wp=1/22 fwd=1.38 lin=0.70 ang=0.00 cruise plan_id=22 detours=0 plan_ms=72.6
p4_delivery: xy=(1.94,1.05) yaw=1.57 wp=2/22 fwd=1.38 lin=1.11 ang=0.00 cruise plan_id=22 detours=0 plan_ms=72.6
p4_delivery: xy=(1.94,1.28) yaw=1.57 wp=3/45 fwd=1.38 lin=0.73 ang=0.00 cruise plan_id=23 detours=0 plan_ms=69.9
p4_delivery: xy=(1.94,1.46) yaw=1.57 wp=3/44 fwd=1.38 lin=0.33 ang=0.00 cruise plan_id=24 detours=0 plan_ms=79.7
p4_delivery: xy=(1.94,1.54) yaw=1.61 wp=3/43 fwd=1.49 lin=0.00 ang=1.08 turn plan_id=25 detours=0 plan_ms=74.8
p4_delivery: xy=(1.94,1.56) yaw=1.82 wp=3/43 fwd=1.57 lin=0.00 ang=0.78 turn plan_id=25 detours=0 plan_ms=74.8
p4_delivery: xy=(1.94,1.56) yaw=2.03 wp=3/43 fwd=1.57 lin=0.00 ang=0.48 turn plan_id=25 detours=0 plan_ms=74.8
p4_delivery: xy=(1.93,1.58) yaw=2.14 wp=2/42 fwd=1.55 lin=0.34 ang=-0.21 cruise plan_id=26 detours=0 plan_ms=69.6
p4_delivery: xy=(1.89,1.64) yaw=2.12 wp=2/42 fwd=1.50 lin=0.31 ang=-0.18 cruise plan_id=27 detours=0 plan_ms=73.0
p4_delivery: xy=(1.86,1.69) yaw=2.14 wp=3/42 fwd=1.43 lin=0.00 ang=1.13 turn plan_id=27 detours=0 plan_ms=73.0
p4_delivery: xy=(1.85,1.70) yaw=2.35 wp=3/42 fwd=1.86 lin=0.00 ang=0.83 turn plan_id=27 detours=0 plan_ms=73.0
p4_delivery: xy=(1.85,1.70) yaw=2.54 wp=3/42 fwd=1.87 lin=0.00 ang=0.54 turn plan_id=27 detours=0 plan_ms=73.0
p4_delivery: xy=(1.84,1.71) yaw=2.66 wp=2/42 fwd=1.87 lin=0.00 ang=-0.91 turn plan_id=28 detours=0 plan_ms=60.0
p4_delivery: xy=(1.84,1.71) yaw=2.53 wp=2/42 fwd=1.86 lin=0.00 ang=-0.72 turn plan_id=28 detours=0 plan_ms=60.0
p4_delivery: xy=(1.84,1.71) yaw=2.36 wp=2/42 fwd=1.86 lin=0.00 ang=-0.47 turn plan_id=28 detours=0 plan_ms=60.0
p4_delivery: xy=(1.83,1.72) yaw=2.23 wp=2/42 fwd=1.41 lin=0.18 ang=-0.38 cruise plan_id=29 detours=0 plan_ms=62.9
p4_delivery: xy=(1.82,1.74) yaw=2.31 wp=3/42 fwd=1.82 lin=0.00 ang=1.21 turn plan_id=29 detours=0 plan_ms=62.9
p4_delivery: xy=(1.81,1.74) yaw=2.57 wp=3/42 fwd=1.83 lin=0.00 ang=0.83 turn plan_id=29 detours=0 plan_ms=62.9
p4_delivery: xy=(1.81,1.74) yaw=2.77 wp=3/42 fwd=2.50 lin=0.00 ang=0.54 turn plan_id=29 detours=0 plan_ms=62.9
p4_delivery: xy=(1.81,1.74) yaw=2.89 wp=3/41 fwd=1.14 lin=0.18 ang=0.18 cruise plan_id=30 detours=0 plan_ms=66.3
p4_delivery: xy=(1.78,1.75) yaw=2.94 wp=3/41 fwd=1.11 lin=0.20 ang=0.12 cruise plan_id=31 detours=0 plan_ms=63.6
p4_delivery: xy=(1.74,1.76) yaw=2.97 wp=3/41 fwd=1.07 lin=0.21 ang=0.07 cruise plan_id=32 detours=0 plan_ms=60.3
p4_delivery: xy=(1.69,1.76) yaw=3.01 wp=3/41 fwd=1.03 lin=0.22 ang=0.00 cruise plan_id=32 detours=0 plan_ms=119.9
p4_delivery: xy=(1.65,1.77) yaw=3.05 wp=3/41 fwd=0.98 lin=0.22 ang=0.00 cruise plan_id=32 detours=0 plan_ms=121.6
p4_delivery: xy=(1.60,1.77) yaw=3.01 wp=0/4 fwd=0.94 lin=0.00 ang=-1.65 turn plan_id=33 detours=0 plan_ms=133.2
p4_delivery: xy=(1.59,1.78) yaw=2.75 wp=0/4 fwd=2.30 lin=0.00 ang=-1.65 turn plan_id=33 detours=0 plan_ms=133.2
p4_delivery: xy=(1.58,1.78) yaw=2.35 wp=0/4 fwd=1.64 lin=0.00 ang=-1.65 turn plan_id=33 detours=0 plan_ms=133.2
p4_delivery: xy=(1.58,1.78) yaw=1.95 wp=0/4 fwd=1.28 lin=0.00 ang=-1.35 turn plan_id=33 detours=0 plan_ms=133.2
p4_delivery: xy=(1.58,1.77) yaw=1.58 wp=0/4 fwd=1.28 lin=0.00 ang=-0.81 turn plan_id=33 detours=0 plan_ms=133.2
p4_delivery: xy=(1.58,1.77) yaw=1.37 wp=0/4 fwd=1.29 lin=0.00 ang=-0.52 turn plan_id=33 detours=0 plan_ms=133.2
p4_delivery: xy=(1.59,1.79) yaw=1.25 wp=0/4 fwd=1.30 lin=0.25 ang=-0.34 cruise plan_id=33 detours=0 plan_ms=121.2
p4_delivery: xy=(1.60,1.83) yaw=1.18 wp=0/4 fwd=1.19 lin=0.28 ang=-0.26 cruise plan_id=33 detours=0 plan_ms=122.3
p4_delivery: xy=(1.63,1.89) yaw=1.10 wp=2/39 fwd=1.03 lin=0.00 ang=1.65 turn plan_id=34 detours=0 plan_ms=65.2
p4_delivery: xy=(1.64,1.92) yaw=1.36 wp=4/39 fwd=1.25 lin=0.00 ang=1.65 turn plan_id=34 detours=0 plan_ms=65.2
p4_delivery: xy=(1.64,1.92) yaw=1.75 wp=4/39 fwd=1.14 lin=0.00 ang=1.65 turn plan_id=34 detours=0 plan_ms=65.2
p4_delivery: xy=(1.65,1.92) yaw=2.16 wp=4/39 fwd=1.15 lin=0.00 ang=1.42 turn plan_id=34 detours=0 plan_ms=65.2
p4_delivery: xy=(1.65,1.92) yaw=2.50 wp=4/39 fwd=1.57 lin=0.00 ang=0.92 turn plan_id=34 detours=0 plan_ms=65.2
p4_delivery: xy=(1.65,1.92) yaw=2.71 wp=4/39 fwd=1.58 lin=0.00 ang=0.62 turn plan_id=34 detours=0 plan_ms=65.2
p4_delivery: xy=(1.65,1.92) yaw=2.86 wp=0/40 fwd=2.27 lin=0.00 ang=0.00 replan off_track plan_id=35 detours=0 plan_ms=62.2
p4_delivery: xy=(1.61,1.93) yaw=2.96 wp=4/40 fwd=2.24 lin=0.61 ang=0.09 cruise plan_id=36 detours=0 plan_ms=57.8
p4_delivery: xy=(1.52,1.94) yaw=3.05 wp=2/38 fwd=0.90 lin=0.63 ang=0.00 cruise plan_id=37 detours=0 plan_ms=56.9
p4_delivery: xy=(1.38,1.95) yaw=3.06 wp=3/38 fwd=2.81 lin=0.73 ang=0.00 cruise plan_id=37 detours=0 plan_ms=116.8
p4_delivery: xy=(1.22,1.97) yaw=3.06 wp=3/37 fwd=2.68 lin=0.79 ang=0.00 cruise plan_id=38 detours=0 plan_ms=57.4
p4_delivery: xy=(1.03,1.98) yaw=3.07 wp=3/36 fwd=2.87 lin=0.80 ang=0.00 cruise plan_id=39 detours=0 plan_ms=56.1
p4_delivery: xy=(0.86,1.99) yaw=3.07 wp=4/36 fwd=2.71 lin=0.84 ang=0.00 cruise plan_id=39 detours=0 plan_ms=56.1
p4_delivery: xy=(0.70,2.00) yaw=3.14 wp=3/36 fwd=2.54 lin=0.70 ang=-0.16 cruise plan_id=40 detours=0 plan_ms=60.4
p4_delivery: xy=(0.61,1.99) yaw=-2.77 wp=3/35 fwd=2.44 lin=0.39 ang=-0.72 cruise plan_id=41 detours=0 plan_ms=48.3
p4_delivery: xy=(0.58,1.98) yaw=-2.62 wp=3/35 fwd=1.01 lin=0.00 ang=-0.76 turn plan_id=41 detours=0 plan_ms=91.6
p4_delivery: xy=(0.60,1.99) yaw=-2.69 wp=3/35 fwd=2.43 lin=0.00 ang=-0.65 turn plan_id=41 detours=0 plan_ms=91.6
p4_delivery: xy=(0.64,2.01) yaw=-2.78 wp=3/35 fwd=2.47 lin=0.00 ang=-0.53 turn plan_id=41 detours=0 plan_ms=91.6
p4_delivery: xy=(0.67,2.02) yaw=-2.85 wp=3/34 fwd=2.50 lin=0.45 ang=-0.57 cruise plan_id=42 detours=0 plan_ms=45.0
p4_delivery: xy=(0.67,2.02) yaw=-2.86 wp=3/34 fwd=2.50 lin=0.46 ang=-0.55 cruise plan_id=43 detours=0 plan_ms=48.4

{
  "arrived": false,
  "goal": "delivery",
  "in_zone": false,
  "in_picking_zone": true,
  "in_delivery_base": false,
  "odom_xy": [
    0.661,
    2.015
  ],
  "yaw": -2.827,
  "head_joints": {
    "slide": 0.005971805388072323,
    "head_yaw": -0.006719889927522731,
    "head_pitch": 0.002460761231670954
  },
  "goal_xy": [
    -1.94,
    -2.9
  ],
  "route": [
    [
      0.7,
      2.1
    ],
    [
      0.5,
      2.1
    ],
    [
      0.3,
      2.1
    ],
    [
      0.1,
      2.1
    ],
    [
      -0.1,
      2.1
    ],
    [
      -0.3,
      2.1
    ],
    [
      -0.4,
      2.0
    ],
    [
      -0.4,
      1.8
    ],
    [
      -0.4,
      1.6
    ],
    [
      -0.541,
      1.359
    ],
    [
      -0.683,
      1.217
    ],
    [
      -0.824,
      1.076
    ],
    [
      -0.966,
      0.934
    ],
    [
      -1.107,
      0.793
    ],
    [
      -1.249,
      0.651
    ],
    [
      -1.39,
      0.51
    ],
    [
      -1.641,
      0.359
    ],
    [
      -1.783,
      0.217
    ],
    [
      -1.8,
      -0.0
    ],
    [
      -1.8,
      -0.2
    ],
    [
      -1.8,
      -0.4
    ],
    [
      -1.7,
      -0.5
    ],
    [
      -1.7,
      -0.7
    ],
    [
      -1.6,
      -0.9
    ],
    [
      -1.6,
      -1.1
    ],
    [
      -1.6,
      -1.3
    ],
    [
      -1.6,
      -1.5
    ],
    [
      -1.6,
      -1.7
    ],
    [
      -1.6,
      -1.9
    ],
    [
      -1.6,
      -2.1
    ],
    [
      -1.6,
      -2.3
    ],
    [
      -1.6,
      -2.5
    ],
    [
      -1.741,
      -2.741
    ],
    [
      -1.883,
      -2.883
    ]
  ],
  "elapsed_s": 150.44,
  "status": "cruise",
  "detours": 0,
  "plan_id": 43,
  "plan_reason": "off_track",
  "speed_scale": 4.0,
  "max_lin": 1.2,
  "max_ang": 1.65,
  "stop_dist": 0.43,
  "slow_dist": null,
  "blocked_by_scan": false,
  "log_json": "/workspace/baseline/outputs/p4/delivery_20260905_084308.json",
  "log_txt": "/workspace/baseline/outputs/p4/delivery_20260905_084308.log"
}
p4 log: /workspace/baseline/outputs/p4/delivery_20260905_084308.log
