p4_delivery: start xy=(-0.44,-0.84) yaw=-2.79 route=[(-0.4, -2.7), (-1.94, -2.9)] stop=0.43 slow=0.83 max_lin=2.40 max_ang=1.65
p4_delivery: xy=(-0.44,-0.84) yaw=-2.79 wp=0/2 fwd=1.16 lin=0.00 ang=1.65 turn detours=0
p4_delivery: xy=(-0.44,-0.84) yaw=-2.45 wp=0/2 fwd=1.22 lin=0.00 ang=1.26 turn detours=0
p4_delivery: xy=(-0.44,-0.84) yaw=-2.11 wp=0/2 fwd=0.74 lin=0.00 ang=0.77 turn detours=0
p4_delivery: xy=(-0.44,-0.84) yaw=-1.87 wp=0/2 fwd=0.72 lin=0.00 ang=0.43 turn detours=0
p4_delivery: xy=(-0.44,-0.84) yaw=-1.92 wp=0/3 fwd=0.72 lin=0.00 ang=-0.91 turn detours=1
p4_delivery: xy=(-0.44,-0.84) yaw=-2.29 wp=0/3 fwd=2.22 lin=0.00 ang=-0.91 blocked_right detours=1
p4_delivery: xy=(-0.44,-0.84) yaw=-2.56 wp=0/3 fwd=1.20 lin=0.00 ang=-0.91 blocked_right detours=1
p4_delivery: xy=(-0.44,-0.84) yaw=-2.80 wp=0/3 fwd=1.17 lin=0.00 ang=-0.47 turn detours=1
p4_delivery: xy=(-0.48,-0.85) yaw=-2.95 wp=0/3 fwd=1.13 lin=0.62 ang=-0.28 nudge detours=1
p4_delivery: xy=(-0.61,-0.87) yaw=-3.05 wp=0/3 fwd=1.00 lin=0.61 ang=0.17 nudge detours=1
p4_delivery: xy=(-0.75,-0.88) yaw=-3.06 wp=0/3 fwd=0.85 lin=0.00 ang=0.91 blocked_left detours=1
p4_delivery: xy=(-0.80,-0.88) yaw=-2.98 wp=0/3 fwd=0.80 lin=0.00 ang=0.91 blocked_left detours=1
p4_delivery: xy=(-0.81,-0.88) yaw=-2.77 wp=0/3 fwd=0.80 lin=0.00 ang=0.91 blocked_left detours=1
p4_delivery: xy=(-0.81,-0.88) yaw=-2.55 wp=0/3 fwd=0.82 lin=0.00 ang=0.91 blocked_left detours=1
p4_delivery: xy=(-0.81,-0.88) yaw=-2.52 wp=0/3 fwd=0.84 lin=0.00 ang=-1.07 turn detours=1
p4_delivery: xy=(-0.81,-0.88) yaw=-2.79 wp=0/3 fwd=0.80 lin=0.00 ang=-0.91 blocked_right detours=1
p4_delivery: xy=(-0.81,-0.88) yaw=-3.07 wp=0/3 fwd=0.79 lin=0.00 ang=-0.91 blocked_right detours=1
p4_delivery: xy=(-0.81,-0.88) yaw=2.95 wp=0/3 fwd=0.79 lin=0.00 ang=-0.91 blocked_right detours=1
p4_delivery: xy=(-0.84,-0.87) yaw=2.81 wp=0/3 fwd=1.29 lin=0.25 ang=0.69 nudge detours=1
p4_delivery: xy=(-0.90,-0.86) yaw=2.96 wp=0/3 fwd=0.71 lin=0.27 ang=0.20 cruise detours=1
p4_delivery: xy=(-0.95,-0.85) yaw=3.10 wp=0/3 fwd=0.66 lin=0.00 ang=1.65 turn detours=2
p4_delivery: xy=(-0.95,-0.85) yaw=-2.82 wp=0/3 fwd=0.66 lin=0.00 ang=0.91 blocked_left detours=2
p4_delivery: xy=(-0.95,-0.85) yaw=-2.54 wp=0/3 fwd=0.68 lin=0.00 ang=0.91 blocked_left detours=2
p4_delivery: xy=(-0.94,-0.85) yaw=-2.34 wp=0/3 fwd=0.75 lin=0.00 ang=-1.16 turn detours=2
p4_delivery: xy=(-0.94,-0.85) yaw=-2.58 wp=0/3 fwd=0.68 lin=0.00 ang=-0.91 blocked_right detours=2
p4_delivery: xy=(-0.94,-0.85) yaw=-2.88 wp=0/3 fwd=0.66 lin=0.00 ang=-0.91 blocked_right detours=2
p4_delivery: xy=(-0.94,-0.85) yaw=3.14 wp=0/3 fwd=0.66 lin=0.00 ang=-0.91 blocked_right detours=2
p4_delivery: xy=(-0.95,-0.85) yaw=2.89 wp=0/3 fwd=0.78 lin=0.51 ang=0.73 nudge detours=2
p4_delivery: xy=(-1.03,-0.82) yaw=2.83 wp=0/3 fwd=1.34 lin=0.40 ang=0.53 cruise detours=2
p4_delivery: xy=(-1.14,-0.79) yaw=2.96 wp=0/3 fwd=0.71 lin=0.36 ang=0.08 nudge detours=2
p4_delivery: xy=(-1.25,-0.78) yaw=3.02 wp=0/3 fwd=0.56 lin=0.28 ang=0.08 nudge detours=2
p4_delivery: xy=(-1.32,-0.77) yaw=3.09 wp=0/3 fwd=0.45 lin=0.23 ang=0.08 nudge detours=2
p4_delivery: xy=(-1.36,-0.77) yaw=-3.03 wp=0/3 fwd=0.29 lin=0.00 ang=0.91 blocked_left detours=2
p4_delivery: xy=(-1.37,-0.77) yaw=-2.74 wp=0/3 fwd=0.26 lin=0.00 ang=0.91 blocked_left detours=2
p4_delivery: xy=(-1.37,-0.77) yaw=-2.44 wp=0/3 fwd=0.27 lin=0.00 ang=0.91 blocked_left detours=2
p4_delivery: xy=(-1.37,-0.77) yaw=-2.15 wp=0/3 fwd=0.33 lin=0.00 ang=0.91 blocked_left detours=2
p4_delivery: xy=(-1.37,-0.77) yaw=-1.92 wp=0/3 fwd=0.46 lin=0.00 ang=-1.37 turn detours=2
p4_delivery: xy=(-1.37,-0.77) yaw=-2.22 wp=0/3 fwd=0.33 lin=0.00 ang=-0.91 blocked_right detours=2
p4_delivery: xy=(-1.37,-0.77) yaw=-2.51 wp=0/3 fwd=0.27 lin=0.00 ang=-0.91 blocked_right detours=2
p4_delivery: xy=(-1.37,-0.77) yaw=-2.81 wp=0/3 fwd=0.26 lin=0.00 ang=-0.91 blocked_right detours=2
p4_delivery: xy=(-1.37,-0.77) yaw=-3.11 wp=0/3 fwd=0.32 lin=0.00 ang=-0.91 blocked_right detours=2
p4_delivery: xy=(-1.36,-0.77) yaw=2.88 wp=0/3 fwd=0.99 lin=0.00 ang=-0.91 blocked_right detours=2
p4_delivery: xy=(-1.36,-0.77) yaw=2.59 wp=0/3 fwd=1.02 lin=0.00 ang=-0.91 blocked_right detours=2
p4_delivery: xy=(-1.36,-0.77) yaw=2.39 wp=0/3 fwd=1.09 lin=0.00 ang=1.49 turn detours=2
p4_delivery: xy=(-1.36,-0.77) yaw=2.74 wp=0/3 fwd=1.00 lin=0.00 ang=0.99 turn detours=2
p4_delivery: xy=(-1.36,-0.77) yaw=3.04 wp=0/3 fwd=0.60 lin=0.00 ang=0.56 turn detours=2
p4_delivery: xy=(-1.36,-0.77) yaw=-3.02 wp=0/3 fwd=0.29 lin=0.00 ang=0.91 blocked_left detours=2
p4_delivery: xy=(-1.36,-0.77) yaw=-2.74 wp=0/3 fwd=0.27 lin=0.00 ang=0.91 blocked_left detours=2
p4_delivery: xy=(-1.36,-0.77) yaw=-2.47 wp=0/3 fwd=0.27 lin=0.00 ang=0.91 blocked_left detours=2
p4_delivery: xy=(-1.36,-0.77) yaw=-2.17 wp=0/3 fwd=0.33 lin=0.00 ang=0.91 blocked_left detours=2
p4_delivery: xy=(-1.36,-0.77) yaw=-1.90 wp=0/3 fwd=0.47 lin=0.00 ang=-1.39 turn detours=2
p4_delivery: xy=(-1.36,-0.77) yaw=-2.17 wp=0/3 fwd=0.35 lin=0.00 ang=-0.91 blocked_right detours=2
p4_delivery: xy=(-1.36,-0.77) yaw=-2.47 wp=0/3 fwd=0.28 lin=0.00 ang=-0.91 blocked_right detours=2
p4_delivery: xy=(-1.36,-0.76) yaw=-2.77 wp=0/3 fwd=0.27 lin=0.00 ang=-0.91 blocked_right detours=2
p4_delivery: xy=(-1.36,-0.76) yaw=-3.03 wp=0/3 fwd=0.29 lin=0.00 ang=-0.91 blocked_right detours=2
p4_delivery: xy=(-1.36,-0.76) yaw=2.96 wp=0/3 fwd=0.72 lin=0.00 ang=-0.91 blocked_right detours=2
p4_delivery: xy=(-1.36,-0.76) yaw=2.66 wp=0/3 fwd=1.01 lin=0.00 ang=-0.91 blocked_right detours=2
p4_delivery: xy=(-1.36,-0.77) yaw=2.39 wp=0/3 fwd=1.10 lin=0.00 ang=1.51 turn detours=2
p4_delivery: xy=(-1.36,-0.77) yaw=2.68 wp=0/3 fwd=1.02 lin=0.00 ang=1.08 turn detours=2
p4_delivery: xy=(-1.36,-0.77) yaw=3.01 wp=0/3 fwd=0.73 lin=0.00 ang=0.60 turn detours=2
p4_delivery: xy=(-1.36,-0.77) yaw=-3.06 wp=0/3 fwd=0.32 lin=0.00 ang=0.91 blocked_left detours=2
p4_delivery: xy=(-1.36,-0.77) yaw=-2.77 wp=0/3 fwd=0.27 lin=0.00 ang=0.91 blocked_left detours=2
p4_delivery: xy=(-1.36,-0.77) yaw=-2.46 wp=0/3 fwd=0.28 lin=0.00 ang=0.91 blocked_left detours=2
p4_delivery: xy=(-1.36,-0.77) yaw=-2.16 wp=0/3 fwd=0.35 lin=0.00 ang=0.91 blocked_left detours=2
p4_delivery: xy=(-1.35,-0.76) yaw=-1.91 wp=0/3 fwd=0.48 lin=0.00 ang=-1.38 turn detours=2
p4_delivery: xy=(-1.35,-0.76) yaw=-2.21 wp=0/3 fwd=0.34 lin=0.00 ang=-0.91 blocked_right detours=2
p4_delivery: xy=(-1.35,-0.76) yaw=-2.50 wp=0/3 fwd=0.28 lin=0.00 ang=-0.91 blocked_right detours=2
p4_delivery: xy=(-1.35,-0.76) yaw=-2.84 wp=0/3 fwd=0.27 lin=0.00 ang=-0.91 blocked_right detours=2
p4_delivery: xy=(-1.35,-0.76) yaw=-3.14 wp=0/3 fwd=0.36 lin=0.00 ang=-0.91 blocked_right detours=2
p4_delivery: xy=(-1.35,-0.76) yaw=2.85 wp=0/3 fwd=1.01 lin=0.00 ang=-0.91 blocked_right detours=2
p4_delivery: xy=(-1.35,-0.76) yaw=2.55 wp=0/3 fwd=1.04 lin=0.00 ang=-0.91 blocked_right detours=2
p4_delivery: xy=(-1.35,-0.76) yaw=2.46 wp=0/3 fwd=1.08 lin=0.00 ang=1.40 turn detours=2
p4_delivery: xy=(-1.35,-0.76) yaw=2.81 wp=0/3 fwd=1.01 lin=0.00 ang=0.89 turn detours=2
p4_delivery: xy=(-1.35,-0.76) yaw=3.09 wp=0/3 fwd=0.49 lin=0.00 ang=0.47 turn detours=2

{
  "arrived": false,
  "goal": "delivery",
  "in_zone": false,
  "in_picking_zone": false,
  "in_delivery_base": false,
  "odom_xy": [
    -1.35,
    -0.764
  ],
  "yaw": -3.015,
  "head_joints": {
    "slide": 0.00606282078429155,
    "head_yaw": 0.0037513325650046373,
    "head_pitch": 0.0027166895996368337
  },
  "goal_xy": [
    -1.94,
    -2.9
  ],
  "route": [
    [
      -0.4,
      -2.7
    ],
    [
      -1.94,
      -2.9
    ]
  ],
  "elapsed_s": 150.44,
  "status": "blocked_left",
  "detours": 2,
  "speed_scale": 8.0,
  "max_lin": 2.4,
  "max_ang": 1.65,
  "stop_dist": 0.432,
  "slow_dist": 0.832,
  "blocked_by_scan": true,
  "log_json": "/workspace/baseline/outputs/p4/delivery_20260905_065322.json",
  "log_txt": "/workspace/baseline/outputs/p4/delivery_20260905_065322.log"
}
p4 log: /workspace/baseline/outputs/p4/delivery_20260905_065322.log
