p4_delivery: start xy=(0.68,2.02) yaw=-2.86 goal=(-1.940,-2.900) stop=0.43 planner=grid max_lin=1.20 max_ang=1.65
p4_delivery: xy=(0.68,2.02) yaw=-2.86 wp=0/34 fwd=2.51 lin=0.00 ang=0.00 replan start plan_id=1 detours=0 plan_ms=62.5
p4_delivery: xy=(0.66,2.02) yaw=-2.82 wp=3/34 fwd=2.49 lin=0.00 ang=-0.47 turn plan_id=2 detours=0 plan_ms=48.2
p4_delivery: xy=(0.67,2.02) yaw=-2.85 wp=3/34 fwd=2.50 lin=0.45 ang=-0.56 cruise plan_id=3 detours=0 plan_ms=46.9
p4_delivery: xy=(0.66,2.02) yaw=-2.82 wp=3/34 fwd=2.49 lin=0.00 ang=-0.47 turn plan_id=4 detours=0 plan_ms=49.9
p4_delivery: xy=(0.67,2.02) yaw=-2.85 wp=3/34 fwd=2.50 lin=0.45 ang=-0.56 cruise plan_id=5 detours=0 plan_ms=47.1
p4_delivery: xy=(0.66,2.02) yaw=-2.81 wp=3/34 fwd=2.49 lin=0.00 ang=-0.49 turn plan_id=6 detours=0 plan_ms=45.3
p4_delivery: xy=(0.67,2.02) yaw=-2.85 wp=3/35 fwd=2.50 lin=0.45 ang=-0.56 cruise plan_id=7 detours=0 plan_ms=44.6
p4_delivery: xy=(0.66,2.02) yaw=-2.80 wp=3/35 fwd=2.49 lin=0.00 ang=-0.49 turn plan_id=8 detours=0 plan_ms=48.2
p4_delivery: xy=(0.67,2.02) yaw=-2.85 wp=0/35 fwd=2.50 lin=0.00 ang=0.00 replan off_track plan_id=9 detours=0 plan_ms=54.6
p4_delivery: xy=(0.66,2.02) yaw=-2.81 wp=3/35 fwd=2.49 lin=0.00 ang=-0.48 turn plan_id=10 detours=0 plan_ms=49.1
p4_delivery: xy=(0.67,2.02) yaw=-2.84 wp=3/35 fwd=2.50 lin=0.00 ang=-0.44 turn plan_id=10 detours=0 plan_ms=49.1
p4_delivery: xy=(0.67,2.02) yaw=-2.84 wp=3/35 fwd=2.50 lin=0.45 ang=-0.57 cruise plan_id=11 detours=0 plan_ms=48.8
p4_delivery: xy=(0.66,2.02) yaw=-2.83 wp=3/35 fwd=2.49 lin=0.00 ang=-0.46 turn plan_id=12 detours=0 plan_ms=50.6
p4_delivery: xy=(0.67,2.02) yaw=-2.84 wp=3/35 fwd=2.50 lin=0.45 ang=-0.57 cruise plan_id=13 detours=0 plan_ms=45.8
p4_delivery: xy=(0.65,2.02) yaw=-2.78 wp=3/35 fwd=2.48 lin=0.00 ang=-0.52 turn plan_id=14 detours=0 plan_ms=45.1
p4_delivery: xy=(0.66,2.02) yaw=-2.82 wp=3/35 fwd=2.50 lin=0.00 ang=-0.46 turn plan_id=14 detours=0 plan_ms=45.1
p4_delivery: xy=(0.67,2.03) yaw=-2.84 wp=3/35 fwd=2.50 lin=0.45 ang=-0.57 cruise plan_id=15 detours=0 plan_ms=47.1
p4_delivery: xy=(0.66,2.02) yaw=-2.81 wp=3/35 fwd=2.49 lin=0.00 ang=-0.49 turn plan_id=16 detours=0 plan_ms=50.0
p4_delivery: xy=(0.67,2.03) yaw=-2.83 wp=3/35 fwd=2.49 lin=0.00 ang=-0.45 turn plan_id=16 detours=0 plan_ms=50.0
p4_delivery: xy=(0.67,2.03) yaw=-2.85 wp=3/35 fwd=2.51 lin=0.45 ang=-0.56 cruise plan_id=17 detours=0 plan_ms=48.5
p4_delivery: xy=(0.66,2.02) yaw=-2.82 wp=3/35 fwd=2.49 lin=0.00 ang=-0.47 turn plan_id=18 detours=0 plan_ms=50.4
p4_delivery: xy=(0.67,2.03) yaw=-2.83 wp=3/35 fwd=2.49 lin=0.00 ang=-0.45 turn plan_id=18 detours=0 plan_ms=50.4
p4_delivery: xy=(0.67,2.03) yaw=-2.85 wp=3/35 fwd=2.51 lin=0.45 ang=-0.56 cruise plan_id=19 detours=0 plan_ms=44.0
p4_delivery: xy=(0.65,2.02) yaw=-2.79 wp=3/35 fwd=2.48 lin=0.00 ang=-0.51 turn plan_id=20 detours=0 plan_ms=45.3
p4_delivery: xy=(0.66,2.03) yaw=-2.82 wp=3/35 fwd=2.49 lin=0.00 ang=-0.46 turn plan_id=20 detours=0 plan_ms=45.3
p4_delivery: xy=(0.67,2.03) yaw=-2.84 wp=3/35 fwd=2.50 lin=0.45 ang=-0.56 cruise plan_id=21 detours=0 plan_ms=45.0
p4_delivery: xy=(0.65,2.02) yaw=-2.80 wp=3/35 fwd=2.49 lin=0.00 ang=-0.49 turn plan_id=22 detours=0 plan_ms=49.6
p4_delivery: xy=(0.66,2.03) yaw=-2.82 wp=3/35 fwd=2.49 lin=0.00 ang=-0.46 turn plan_id=22 detours=0 plan_ms=49.6
p4_delivery: xy=(0.67,2.03) yaw=-2.84 wp=0/35 fwd=2.50 lin=0.00 ang=0.00 replan off_track plan_id=23 detours=0 plan_ms=45.7
p4_delivery: xy=(0.66,2.02) yaw=-2.81 wp=3/35 fwd=2.49 lin=0.00 ang=-0.49 turn plan_id=24 detours=0 plan_ms=48.4
p4_delivery: xy=(0.66,2.02) yaw=-2.81 wp=3/35 fwd=2.49 lin=0.00 ang=-0.48 turn plan_id=24 detours=0 plan_ms=48.4
p4_delivery: xy=(0.67,2.03) yaw=-2.83 wp=3/35 fwd=2.50 lin=0.00 ang=-0.45 turn plan_id=24 detours=0 plan_ms=48.4
p4_delivery: xy=(0.67,2.03) yaw=-2.85 wp=3/35 fwd=2.51 lin=0.45 ang=-0.55 cruise plan_id=25 detours=0 plan_ms=49.2
p4_delivery: xy=(0.66,2.03) yaw=-2.82 wp=3/35 fwd=2.49 lin=0.00 ang=-0.47 turn plan_id=26 detours=0 plan_ms=52.8
p4_delivery: xy=(0.67,2.03) yaw=-2.84 wp=3/35 fwd=2.50 lin=0.00 ang=-0.44 turn plan_id=26 detours=0 plan_ms=52.8
p4_delivery: xy=(0.66,2.03) yaw=-2.83 wp=3/35 fwd=2.49 lin=0.44 ang=-0.58 cruise plan_id=27 detours=0 plan_ms=46.1
p4_delivery: xy=(0.65,2.02) yaw=-2.80 wp=3/35 fwd=2.49 lin=0.00 ang=-0.49 turn plan_id=28 detours=0 plan_ms=53.9
p4_delivery: xy=(0.66,2.03) yaw=-2.83 wp=3/35 fwd=2.49 lin=0.00 ang=-0.46 turn plan_id=28 detours=0 plan_ms=53.9
p4_delivery: xy=(0.67,2.03) yaw=-2.84 wp=3/35 fwd=2.51 lin=0.45 ang=-0.55 cruise plan_id=29 detours=0 plan_ms=45.0
p4_delivery: xy=(0.66,2.03) yaw=-2.80 wp=3/35 fwd=2.49 lin=0.00 ang=-0.49 turn plan_id=30 detours=0 plan_ms=45.9
p4_delivery: xy=(0.66,2.03) yaw=-2.81 wp=3/35 fwd=2.49 lin=0.00 ang=-0.48 turn plan_id=30 detours=0 plan_ms=45.9
p4_delivery: xy=(0.66,2.03) yaw=-2.83 wp=3/35 fwd=2.49 lin=0.00 ang=-0.45 turn plan_id=30 detours=0 plan_ms=45.9
p4_delivery: xy=(0.67,2.03) yaw=-2.84 wp=3/35 fwd=2.50 lin=0.45 ang=-0.56 cruise plan_id=31 detours=0 plan_ms=47.1
p4_delivery: xy=(0.65,2.02) yaw=-2.80 wp=3/35 fwd=2.48 lin=0.00 ang=-0.50 turn plan_id=32 detours=0 plan_ms=45.9
p4_delivery: xy=(0.66,2.03) yaw=-2.82 wp=3/35 fwd=2.49 lin=0.00 ang=-0.47 turn plan_id=32 detours=0 plan_ms=45.9
p4_delivery: xy=(0.67,2.03) yaw=-2.84 wp=3/35 fwd=2.50 lin=0.00 ang=-0.44 turn plan_id=32 detours=0 plan_ms=45.9
p4_delivery: xy=(0.66,2.03) yaw=-2.82 wp=3/35 fwd=2.50 lin=0.44 ang=-0.58 cruise plan_id=33 detours=0 plan_ms=45.2
p4_delivery: xy=(0.66,2.03) yaw=-2.81 wp=3/35 fwd=2.49 lin=0.00 ang=-0.48 turn plan_id=34 detours=0 plan_ms=47.5
p4_delivery: xy=(0.66,2.03) yaw=-2.83 wp=3/35 fwd=2.49 lin=0.00 ang=-0.45 turn plan_id=34 detours=0 plan_ms=47.5
p4_delivery: xy=(0.67,2.03) yaw=-2.84 wp=3/35 fwd=2.50 lin=0.45 ang=-0.55 cruise plan_id=35 detours=0 plan_ms=48.7
p4_delivery: xy=(0.65,2.03) yaw=-2.79 wp=3/35 fwd=2.48 lin=0.00 ang=-0.51 turn plan_id=36 detours=0 plan_ms=46.2
p4_delivery: xy=(0.66,2.03) yaw=-2.81 wp=3/35 fwd=2.49 lin=0.00 ang=-0.48 turn plan_id=36 detours=0 plan_ms=46.2
p4_delivery: xy=(0.67,2.03) yaw=-2.83 wp=3/35 fwd=2.50 lin=0.00 ang=-0.44 turn plan_id=36 detours=0 plan_ms=46.2
p4_delivery: xy=(0.67,2.03) yaw=-2.83 wp=3/35 fwd=2.50 lin=0.44 ang=-0.57 cruise plan_id=37 detours=0 plan_ms=51.5
p4_delivery: xy=(0.65,2.03) yaw=-2.79 wp=3/35 fwd=2.48 lin=0.00 ang=-0.52 turn plan_id=38 detours=0 plan_ms=70.6
p4_delivery: xy=(0.66,2.03) yaw=-2.81 wp=3/35 fwd=2.49 lin=0.00 ang=-0.48 turn plan_id=38 detours=0 plan_ms=70.6
p4_delivery: xy=(0.67,2.03) yaw=-2.84 wp=3/35 fwd=2.50 lin=0.00 ang=-0.44 turn plan_id=38 detours=0 plan_ms=70.6
Traceback (most recent call last):
  File "/workspace/baseline/runtime/p4_nav.py", line 169, in navigate
    rclpy_mod.spin_once(node, timeout_sec=period)
  File "/opt/ros/humble/local/lib/python3.10/dist-packages/rclpy/__init__.py", line 208, in spin_once
    executor.spin_once(timeout_sec=timeout_sec)
  File "/opt/ros/humble/local/lib/python3.10/dist-packages/rclpy/executors.py", line 808, in spin_once
    self._spin_once_impl(timeout_sec)
  File "/opt/ros/humble/local/lib/python3.10/dist-packages/rclpy/executors.py", line 797, in _spin_once_impl
    handler, entity, node = self.wait_for_ready_callbacks(timeout_sec=timeout_sec)
  File "/opt/ros/humble/local/lib/python3.10/dist-packages/rclpy/executors.py", line 780, in wait_for_ready_callbacks
    return next(self._cb_iter)
  File "/opt/ros/humble/local/lib/python3.10/dist-packages/rclpy/executors.py", line 677, in _wait_for_ready_callbacks
    wait_set.wait(timeout_nsec)
KeyboardInterrupt

During handling of the above exception, another exception occurred:

Traceback (most recent call last):
  File "/workspace/baseline/runtime/p4_nav.py", line 286, in main
    report = navigate(
  File "/workspace/baseline/runtime/p4_nav.py", line 253, in navigate
    controller.stop_base()
  File "/workspace/baseline/runtime/ros_robot_control.py", line 64, in stop_base
    self.publish_velocity()
  File "/workspace/baseline/runtime/ros_robot_control.py", line 61, in publish_velocity
    self.cmd_vel_pub.publish(message)
  File "/opt/ros/humble/local/lib/python3.10/dist-packages/rclpy/publisher.py", line 70, in publish
    self.__publisher.publish(msg)
rclpy._rclpy_pybind11.RCLError: Failed to publish: publisher's context is invalid, at ./src/rcl/publisher.c:389

During handling of the above exception, another exception occurred:

Traceback (most recent call last):
  File "/usr/lib/python3.10/runpy.py", line 196, in _run_module_as_main
    return _run_code(code, main_globals, None,
  File "/usr/lib/python3.10/runpy.py", line 86, in _run_code
    exec(code, run_globals)
  File "/workspace/baseline/runtime/p4_nav.py", line 304, in <module>
    raise SystemExit(main())
  File "/workspace/baseline/runtime/p4_nav.py", line 300, in main
    rclpy.shutdown()
  File "/opt/ros/humble/local/lib/python3.10/dist-packages/rclpy/__init__.py", line 130, in shutdown
    _shutdown(context=context)
  File "/opt/ros/humble/local/lib/python3.10/dist-packages/rclpy/utilities.py", line 58, in shutdown
    return context.shutdown()
  File "/opt/ros/humble/local/lib/python3.10/dist-packages/rclpy/context.py", line 102, in shutdown
    self.__context.shutdown()
rclpy._rclpy_pybind11.RCLError: failed to shutdown: rcl_shutdown already called on the given context, at ./src/rcl/init.c:241
