p4_delivery: start xy=(-0.02,1.66) yaw=-1.93 goal=(-1.940,-2.900) stop=0.43 planner=grid max_lin=1.20 max_ang=1.65
p4_delivery: xy=(-0.02,1.66) yaw=-1.93 wp=0/0 fwd=0.42 lin=0.00 ang=1.65 blocked_no_path plan_id=0 detours=0 plan_ms=119.0
p4_delivery: xy=(-0.02,1.66) yaw=-1.83 wp=0/0 fwd=0.42 lin=0.00 ang=0.00 hold plan_id=0 detours=0 plan_ms=99.5
p4_delivery: xy=(-0.02,1.67) yaw=-1.82 wp=0/0 fwd=0.43 lin=0.00 ang=0.00 hold plan_id=0 detours=0 plan_ms=92.7
p4_delivery: xy=(-0.02,1.68) yaw=-1.82 wp=0/0 fwd=0.44 lin=0.00 ang=0.00 hold plan_id=0 detours=0 plan_ms=106.3
p4_delivery: xy=(-0.02,1.68) yaw=-1.82 wp=0/0 fwd=0.44 lin=0.00 ang=0.00 hold plan_id=0 detours=0 plan_ms=95.2
p4_delivery: xy=(-0.02,1.69) yaw=-1.82 wp=0/0 fwd=0.45 lin=0.00 ang=0.00 hold plan_id=0 detours=0 plan_ms=90.1
p4_delivery: xy=(-0.02,1.69) yaw=-1.82 wp=0/0 fwd=0.45 lin=0.00 ang=0.00 hold plan_id=0 detours=0 plan_ms=85.1
p4_delivery: xy=(-0.02,1.69) yaw=-1.82 wp=0/0 fwd=0.45 lin=0.00 ang=0.00 hold plan_id=0 detours=0 plan_ms=94.8
p4_delivery: xy=(-0.01,1.70) yaw=-1.82 wp=0/0 fwd=0.46 lin=0.00 ang=0.00 hold plan_id=0 detours=0 plan_ms=93.2
p4_delivery: xy=(-0.01,1.71) yaw=-1.82 wp=0/0 fwd=0.47 lin=0.00 ang=0.00 hold plan_id=0 detours=0 plan_ms=90.4
p4_delivery: xy=(-0.01,1.71) yaw=-1.82 wp=0/0 fwd=0.47 lin=0.00 ang=0.00 hold plan_id=0 detours=0 plan_ms=88.6
p4_delivery: xy=(-0.01,1.71) yaw=-1.82 wp=0/0 fwd=0.47 lin=0.00 ang=0.00 hold plan_id=0 detours=0 plan_ms=84.4
p4_delivery: xy=(-0.01,1.71) yaw=-1.82 wp=0/0 fwd=0.47 lin=0.00 ang=0.00 hold plan_id=0 detours=0 plan_ms=92.5
p4_delivery: xy=(-0.01,1.72) yaw=-1.82 wp=0/0 fwd=0.48 lin=0.00 ang=0.00 hold plan_id=0 detours=0 plan_ms=89.1
p4_delivery: xy=(-0.01,1.72) yaw=-1.82 wp=0/0 fwd=0.48 lin=0.00 ang=0.00 hold plan_id=0 detours=0 plan_ms=96.8
p4_delivery: xy=(-0.01,1.72) yaw=-1.82 wp=0/0 fwd=0.48 lin=0.00 ang=0.00 hold plan_id=0 detours=0 plan_ms=98.6
p4_delivery: xy=(-0.01,1.72) yaw=-1.82 wp=0/0 fwd=0.48 lin=0.00 ang=0.00 hold plan_id=0 detours=0 plan_ms=96.8
p4_delivery: xy=(-0.01,1.72) yaw=-1.82 wp=0/0 fwd=0.48 lin=0.00 ang=0.00 hold plan_id=0 detours=0 plan_ms=96.2
p4_delivery: xy=(-0.01,1.72) yaw=-1.82 wp=0/0 fwd=0.48 lin=0.00 ang=0.00 hold plan_id=0 detours=0 plan_ms=109.9
p4_delivery: xy=(-0.01,1.72) yaw=-1.82 wp=0/0 fwd=0.48 lin=0.00 ang=0.00 hold plan_id=0 detours=0 plan_ms=93.3
p4_delivery: xy=(-0.01,1.73) yaw=-1.82 wp=0/0 fwd=0.49 lin=0.00 ang=0.00 hold plan_id=0 detours=0 plan_ms=91.5
p4_delivery: xy=(-0.01,1.73) yaw=-1.82 wp=0/0 fwd=0.49 lin=0.00 ang=0.00 hold plan_id=0 detours=0 plan_ms=83.6
p4_delivery: xy=(-0.00,1.74) yaw=-1.82 wp=0/0 fwd=0.49 lin=0.00 ang=0.00 hold plan_id=0 detours=0 plan_ms=96.9
p4_delivery: xy=(-0.00,1.74) yaw=-1.82 wp=0/0 fwd=0.50 lin=0.00 ang=0.00 hold plan_id=0 detours=0 plan_ms=94.5
Traceback (most recent call last):
  File "/workspace/baseline/runtime/p4_nav.py", line 169, in navigate
    rclpy_mod.spin_once(node, timeout_sec=period)
  File "/opt/ros/humble/local/lib/python3.10/dist-packages/rclpy/__init__.py", line 208, in spin_once
    executor.spin_once(timeout_sec=timeout_sec)
  File "/opt/ros/humble/local/lib/python3.10/dist-packages/rclpy/executors.py", line 808, in spin_once
    self._spin_once_impl(timeout_sec)
  File "/opt/ros/humble/local/lib/python3.10/dist-packages/rclpy/executors.py", line 797, in _spin_once_impl
    handler, entity, node = self.wait_for_ready_callbacks(timeout_sec=timeout_sec)
  File "/opt/ros/humble/local/lib/python3.10/dist-packages/rclpy/executors.py", line 780, in wait_for_ready_callbacks
    return next(self._cb_iter)
  File "/opt/ros/humble/local/lib/python3.10/dist-packages/rclpy/executors.py", line 677, in _wait_for_ready_callbacks
    wait_set.wait(timeout_nsec)
KeyboardInterrupt

During handling of the above exception, another exception occurred:

Traceback (most recent call last):
  File "/workspace/baseline/runtime/p4_nav.py", line 286, in main
    report = navigate(
  File "/workspace/baseline/runtime/p4_nav.py", line 253, in navigate
    controller.stop_base()
  File "/workspace/baseline/runtime/ros_robot_control.py", line 64, in stop_base
    self.publish_velocity()
  File "/workspace/baseline/runtime/ros_robot_control.py", line 61, in publish_velocity
    self.cmd_vel_pub.publish(message)
  File "/opt/ros/humble/local/lib/python3.10/dist-packages/rclpy/publisher.py", line 70, in publish
    self.__publisher.publish(msg)
rclpy._rclpy_pybind11.RCLError: Failed to publish: publisher's context is invalid, at ./src/rcl/publisher.c:389

During handling of the above exception, another exception occurred:

Traceback (most recent call last):
  File "/usr/lib/python3.10/runpy.py", line 196, in _run_module_as_main
    return _run_code(code, main_globals, None,
  File "/usr/lib/python3.10/runpy.py", line 86, in _run_code
    exec(code, run_globals)
  File "/workspace/baseline/runtime/p4_nav.py", line 304, in <module>
    raise SystemExit(main())
  File "/workspace/baseline/runtime/p4_nav.py", line 300, in main
    rclpy.shutdown()
  File "/opt/ros/humble/local/lib/python3.10/dist-packages/rclpy/__init__.py", line 130, in shutdown
    _shutdown(context=context)
  File "/opt/ros/humble/local/lib/python3.10/dist-packages/rclpy/utilities.py", line 58, in shutdown
    return context.shutdown()
  File "/opt/ros/humble/local/lib/python3.10/dist-packages/rclpy/context.py", line 102, in shutdown
    self.__context.shutdown()
rclpy._rclpy_pybind11.RCLError: failed to shutdown: rcl_shutdown already called on the given context, at ./src/rcl/init.c:241
