p4_shelf: start xy=(1.92,-3.17) yaw=1.57 goal=(0.852,2.475) stop=0.43 planner=grid max_lin=1.20 max_ang=1.65
p4_shelf: xy=(1.92,-3.17) yaw=1.57 wp=0/15 fwd=1.43 lin=0.00 ang=0.00 replan start plan_id=1 detours=0 plan_ms=12.7
p4_shelf: xy=(1.92,-3.14) yaw=1.57 wp=1/15 fwd=1.42 lin=0.83 ang=0.00 cruise plan_id=2 detours=0 plan_ms=12.8
p4_shelf: xy=(1.92,-3.00) yaw=1.56 wp=1/15 fwd=1.39 lin=0.76 ang=0.00 cruise plan_id=3 detours=0 plan_ms=17.6
p4_shelf: xy=(1.92,-2.81) yaw=1.56 wp=2/15 fwd=1.38 lin=1.17 ang=0.00 cruise plan_id=4 detours=0 plan_ms=12.0
p4_shelf: xy=(1.93,-2.58) yaw=1.56 wp=2/15 fwd=1.37 lin=0.97 ang=0.00 cruise plan_id=4 detours=0 plan_ms=12.0
p4_shelf: xy=(1.93,-2.32) yaw=1.56 wp=2/14 fwd=1.36 lin=1.17 ang=0.07 cruise plan_id=5 detours=0 plan_ms=12.2
p4_shelf: xy=(1.93,-2.09) yaw=1.56 wp=2/13 fwd=1.37 lin=1.19 ang=0.00 cruise plan_id=6 detours=0 plan_ms=12.1
p4_shelf: xy=(1.93,-1.90) yaw=1.57 wp=2/13 fwd=1.40 lin=1.20 ang=0.00 cruise plan_id=7 detours=0 plan_ms=18.1
p4_shelf: xy=(1.93,-1.66) yaw=1.58 wp=1/12 fwd=1.41 lin=0.69 ang=0.00 cruise plan_id=8 detours=0 plan_ms=13.0
p4_shelf: xy=(1.93,-1.46) yaw=1.58 wp=2/12 fwd=1.44 lin=1.10 ang=0.00 cruise plan_id=8 detours=0 plan_ms=13.0
p4_shelf: xy=(1.93,-1.21) yaw=1.59 wp=2/12 fwd=1.47 lin=1.01 ang=0.00 cruise plan_id=9 detours=0 plan_ms=15.7
p4_shelf: xy=(1.92,-0.95) yaw=1.59 wp=2/11 fwd=1.48 lin=1.09 ang=0.00 cruise plan_id=10 detours=0 plan_ms=13.3
p4_shelf: xy=(1.92,-0.71) yaw=1.59 wp=2/10 fwd=1.49 lin=1.17 ang=0.00 cruise plan_id=11 detours=0 plan_ms=14.2
p4_shelf: xy=(1.92,-0.46) yaw=1.58 wp=1/9 fwd=1.49 lin=0.69 ang=0.00 cruise plan_id=12 detours=0 plan_ms=11.7
p4_shelf: xy=(1.91,-0.23) yaw=1.58 wp=2/9 fwd=1.50 lin=1.05 ang=0.00 cruise plan_id=12 detours=0 plan_ms=11.7
p4_shelf: xy=(1.91,0.04) yaw=1.60 wp=2/9 fwd=1.55 lin=1.09 ang=0.00 cruise plan_id=13 detours=0 plan_ms=11.7
p4_shelf: xy=(1.90,0.28) yaw=1.60 wp=2/8 fwd=1.60 lin=1.13 ang=0.00 cruise plan_id=14 detours=0 plan_ms=10.5
p4_shelf: xy=(1.90,0.52) yaw=1.60 wp=2/7 fwd=1.62 lin=1.15 ang=0.00 cruise plan_id=15 detours=0 plan_ms=13.8
p4_shelf: xy=(1.89,0.80) yaw=1.57 wp=2/7 fwd=1.49 lin=1.19 ang=0.00 cruise plan_id=16 detours=0 plan_ms=8.2
p4_shelf: xy=(1.90,1.11) yaw=1.56 wp=2/7 fwd=1.47 lin=0.82 ang=0.00 cruise plan_id=16 detours=0 plan_ms=8.2
p4_shelf: xy=(1.90,1.34) yaw=1.56 wp=2/5 fwd=1.46 lin=0.00 ang=0.75 turn plan_id=17 detours=0 plan_ms=7.3
p4_shelf: xy=(1.90,1.43) yaw=1.59 wp=2/5 fwd=1.52 lin=0.00 ang=0.71 turn plan_id=17 detours=0 plan_ms=7.3
p4_shelf: xy=(1.90,1.44) yaw=1.73 wp=2/5 fwd=1.64 lin=0.00 ang=0.51 turn plan_id=17 detours=0 plan_ms=7.3
p4_shelf: xy=(1.89,1.46) yaw=1.85 wp=2/5 fwd=1.67 lin=0.25 ang=0.45 cruise plan_id=18 detours=0 plan_ms=6.0
p4_shelf: xy=(1.88,1.49) yaw=1.90 wp=1/5 fwd=1.62 lin=0.00 ang=-0.48 turn plan_id=19 detours=0 plan_ms=6.4
p4_shelf: xy=(1.88,1.51) yaw=1.93 wp=2/5 fwd=1.61 lin=0.00 ang=0.61 turn plan_id=19 detours=0 plan_ms=6.4
p4_shelf: xy=(1.88,1.51) yaw=2.07 wp=2/5 fwd=1.61 lin=0.27 ang=0.25 cruise plan_id=19 detours=0 plan_ms=6.4
p4_shelf: xy=(1.86,1.54) yaw=2.15 wp=2/5 fwd=1.58 lin=0.33 ang=0.13 cruise plan_id=21 detours=0 plan_ms=8.1
p4_shelf: xy=(1.82,1.59) yaw=2.18 wp=1/5 fwd=1.52 lin=0.00 ang=-0.89 turn plan_id=22 detours=0 plan_ms=5.2
p4_shelf: xy=(1.78,1.65) yaw=2.18 wp=2/5 fwd=1.46 lin=0.36 ang=0.09 cruise plan_id=23 detours=0 plan_ms=5.1
p4_shelf: xy=(1.74,1.71) yaw=2.19 wp=1/5 fwd=1.39 lin=0.00 ang=-0.90 turn plan_id=24 detours=0 plan_ms=4.8
p4_shelf: xy=(1.72,1.74) yaw=2.07 wp=1/5 fwd=1.34 lin=0.00 ang=-0.72 turn plan_id=24 detours=0 plan_ms=4.8
p4_shelf: xy=(1.71,1.75) yaw=1.89 wp=1/5 fwd=1.33 lin=0.00 ang=-0.46 turn plan_id=24 detours=0 plan_ms=4.8
p4_shelf: xy=(1.71,1.76) yaw=1.76 wp=1/5 fwd=1.32 lin=0.16 ang=-0.26 cruise plan_id=25 detours=0 plan_ms=4.8
p4_shelf: xy=(1.70,1.80) yaw=1.69 wp=1/5 fwd=1.28 lin=0.17 ang=-0.16 cruise plan_id=26 detours=0 plan_ms=4.5
p4_shelf: xy=(1.70,1.84) yaw=1.65 wp=1/5 fwd=1.24 lin=0.17 ang=-0.11 cruise plan_id=27 detours=0 plan_ms=5.8
p4_shelf: xy=(1.70,1.87) yaw=1.70 wp=2/6 fwd=1.21 lin=0.00 ang=0.95 turn plan_id=28 detours=0 plan_ms=5.4
p4_shelf: xy=(1.70,1.88) yaw=1.93 wp=2/6 fwd=1.20 lin=0.00 ang=0.61 turn plan_id=28 detours=0 plan_ms=5.4
p4_shelf: xy=(1.70,1.88) yaw=2.08 wp=2/6 fwd=1.20 lin=0.15 ang=0.22 cruise plan_id=28 detours=0 plan_ms=5.4
p4_shelf: xy=(1.68,1.90) yaw=2.15 wp=2/6 fwd=1.18 lin=0.18 ang=0.13 cruise plan_id=29 detours=0 plan_ms=4.5
p4_shelf: xy=(1.67,1.92) yaw=2.24 wp=3/6 fwd=1.58 lin=0.00 ang=0.84 turn plan_id=30 detours=0 plan_ms=4.4
p4_shelf: xy=(1.66,1.93) yaw=2.43 wp=3/6 fwd=1.58 lin=0.00 ang=0.57 turn plan_id=30 detours=0 plan_ms=4.4
p4_shelf: xy=(1.66,1.93) yaw=2.55 wp=3/6 fwd=1.58 lin=0.24 ang=0.22 cruise plan_id=31 detours=0 plan_ms=4.6
p4_shelf: xy=(1.63,1.95) yaw=2.62 wp=3/6 fwd=1.55 lin=0.30 ang=0.12 cruise plan_id=32 detours=0 plan_ms=6.1
p4_shelf: xy=(1.58,1.98) yaw=2.64 wp=1/4 fwd=1.49 lin=0.00 ang=-0.62 turn plan_id=33 detours=0 plan_ms=3.8
p4_shelf: xy=(1.56,1.99) yaw=2.54 wp=1/4 fwd=1.46 lin=0.00 ang=-0.48 turn plan_id=33 detours=0 plan_ms=3.8
p4_shelf: xy=(1.54,2.00) yaw=2.43 wp=1/4 fwd=1.45 lin=0.30 ang=-0.27 cruise plan_id=34 detours=0 plan_ms=4.9
p4_shelf: xy=(1.50,2.04) yaw=2.35 wp=1/4 fwd=1.39 lin=0.35 ang=0.00 cruise plan_id=35 detours=0 plan_ms=2.4
p4_shelf: xy=(1.45,2.10) yaw=2.34 wp=2/4 fwd=1.31 lin=0.00 ang=1.16 turn plan_id=36 detours=0 plan_ms=2.4
p4_shelf: xy=(1.42,2.12) yaw=2.46 wp=2/4 fwd=1.26 lin=0.00 ang=0.99 turn plan_id=36 detours=0 plan_ms=2.4
p4_shelf: xy=(1.41,2.13) yaw=2.70 wp=2/4 fwd=1.30 lin=0.00 ang=0.64 turn plan_id=36 detours=0 plan_ms=2.4
p4_shelf: xy=(1.41,2.13) yaw=2.86 wp=2/4 fwd=1.96 lin=0.46 ang=0.23 cruise plan_id=36 detours=0 plan_ms=2.4
p4_shelf: xy=(1.40,2.13) yaw=2.90 wp=2/3 fwd=1.94 lin=1.01 ang=-0.24 cruise plan_id=37 detours=0 plan_ms=2.5
p4_shelf: xy=(1.36,2.15) yaw=2.79 wp=2/3 fwd=1.90 lin=0.92 ang=-0.09 cruise plan_id=39 detours=0 plan_ms=2.0
p4_shelf: xy=(1.25,2.19) yaw=2.70 wp=2/3 fwd=1.80 lin=0.60 ang=0.00 cruise plan_id=40 detours=0 plan_ms=1.8
p4_shelf: xy=(1.13,2.25) yaw=2.68 wp=2/3 fwd=1.67 lin=0.42 ang=0.00 cruise plan_id=40 detours=0 plan_ms=1.8
p4_shelf: xy=(1.07,2.28) yaw=2.65 wp=2/3 fwd=1.59 lin=0.00 ang=-0.74 turn plan_id=41 detours=0 plan_ms=1.4
p4_shelf: xy=(1.06,2.29) yaw=2.50 wp=2/3 fwd=0.94 lin=0.00 ang=-0.53 turn plan_id=41 detours=0 plan_ms=1.4
p4_shelf: xy=(1.04,2.30) yaw=2.37 wp=1/2 fwd=0.91 lin=0.32 ang=0.16 cruise plan_id=42 detours=0 plan_ms=1.4
p4_shelf: xy=(1.00,2.34) yaw=2.38 wp=1/2 fwd=0.85 lin=0.28 ang=-0.10 cruise plan_id=43 detours=0 plan_ms=2.2
p4_shelf: xy=(0.95,2.39) yaw=2.36 wp=1/2 fwd=0.78 lin=0.00 ang=0.45 turn plan_id=44 detours=0 plan_ms=0.9
p4_shelf: xy=(0.93,2.41) yaw=2.27 wp=2/2 fwd=0.75 lin=0.00 ang=-1.29 turn plan_id=45 detours=0 plan_ms=0.8
p4_shelf: xy=(0.93,2.41) yaw=1.91 wp=2/2 fwd=0.74 lin=0.00 ang=-0.77 turn plan_id=45 detours=0 plan_ms=0.8
p4_shelf: xy=(0.93,2.41) yaw=1.67 wp=2/2 fwd=1.02 lin=0.00 ang=-0.43 turn plan_id=45 detours=0 plan_ms=0.8
p4_shelf: xy=(0.93,2.41) yaw=1.55 wp=2/2 fwd=1.02 lin=0.00 ang=-0.25 turn plan_id=45 detours=0 plan_ms=0.8
p4_shelf: xy=(0.93,2.41) yaw=1.47 wp=2/2 fwd=1.01 lin=0.00 ang=-0.13 turn plan_id=45 detours=0 plan_ms=0.8
p4_shelf: xy=(0.93,2.41) yaw=1.43 wp=2/2 fwd=0.76 lin=0.00 ang=-0.08 turn plan_id=45 detours=0 plan_ms=0.8

{
  "arrived": true,
  "goal": "shelf",
  "in_zone": true,
  "in_picking_zone": true,
  "in_delivery_base": false,
  "odom_xy": [
    0.931,
    2.409
  ],
  "yaw": 1.429,
  "head_joints": {
    "slide": 0.1160627575307257,
    "head_yaw": 0.001254024348089381,
    "head_pitch": -0.1162976044858035
  },
  "goal_xy": [
    0.852,
    2.475
  ],
  "route": [
    [
      0.9,
      2.4
    ],
    [
      0.852,
      2.475
    ]
  ],
  "elapsed_s": 134.97,
  "status": "arrived",
  "detours": 0,
  "plan_id": 45,
  "plan_reason": "stuck",
  "speed_scale": 4.0,
  "max_lin": 1.2,
  "max_ang": 1.65,
  "stop_dist": 0.43,
  "slow_dist": null,
  "blocked_by_scan": false,
  "log_json": "/workspace/baseline/outputs/p4/shelf_20260905_083043.json",
  "log_txt": "/workspace/baseline/outputs/p4/shelf_20260905_083043.log"
}
p4 log: /workspace/baseline/outputs/p4/shelf_20260905_083043.log
