p4_shelf: start xy=(1.92,-3.17) yaw=1.57 route=[(1.92, 2.0), (0.852, 2.0), (0.852, 2.475)] stop=0.43 slow=0.83 max_lin=2.40 max_ang=1.20
p4_shelf: xy=(1.92,-3.17) yaw=1.57 wp=0/3 fwd=1.43 lin=2.40 ang=0.00 cruise detours=0
p4_shelf: xy=(1.92,-3.13) yaw=1.57 wp=0/3 fwd=1.43 lin=2.40 ang=0.00 cruise detours=0
p4_shelf: xy=(1.92,-3.02) yaw=1.57 wp=0/3 fwd=1.44 lin=2.40 ang=0.00 cruise detours=0
p4_shelf: xy=(1.92,-2.83) yaw=1.57 wp=0/3 fwd=1.44 lin=2.40 ang=0.00 cruise detours=0
p4_shelf: xy=(1.92,-2.58) yaw=1.57 wp=0/3 fwd=1.45 lin=2.40 ang=0.00 cruise detours=0
p4_shelf: xy=(1.92,-2.26) yaw=1.58 wp=0/3 fwd=1.46 lin=2.40 ang=0.00 cruise detours=0
p4_shelf: xy=(1.92,-1.90) yaw=1.58 wp=0/3 fwd=1.47 lin=2.40 ang=0.00 cruise detours=0
p4_shelf: xy=(1.91,-1.55) yaw=1.58 wp=0/3 fwd=1.49 lin=2.40 ang=0.00 cruise detours=0
p4_shelf: xy=(1.91,-1.10) yaw=1.58 wp=0/3 fwd=1.50 lin=2.40 ang=0.00 cruise detours=0
p4_shelf: xy=(1.90,-0.62) yaw=1.58 wp=0/3 fwd=1.53 lin=2.40 ang=0.00 cruise detours=0
p4_shelf: xy=(1.90,-0.10) yaw=1.59 wp=0/3 fwd=1.56 lin=2.29 ang=0.00 cruise detours=0
p4_shelf: xy=(1.89,0.41) yaw=1.59 wp=0/3 fwd=1.59 lin=1.73 ang=0.00 cruise detours=0
p4_shelf: xy=(1.88,0.83) yaw=1.59 wp=0/3 fwd=1.61 lin=1.28 ang=-0.11 cruise detours=0
p4_shelf: xy=(1.88,1.14) yaw=1.57 wp=0/3 fwd=1.55 lin=0.94 ang=0.00 cruise detours=0
p4_shelf: xy=(1.88,1.37) yaw=1.56 wp=0/3 fwd=1.49 lin=0.69 ang=-0.11 cruise detours=0
p4_shelf: xy=(1.88,1.54) yaw=1.54 wp=0/3 fwd=1.43 lin=0.51 ang=-0.12 cruise detours=0
p4_shelf: xy=(1.89,1.68) yaw=1.52 wp=0/3 fwd=1.34 lin=0.35 ang=0.00 cruise detours=0
p4_shelf: xy=(1.89,1.77) yaw=1.50 wp=0/3 fwd=1.28 lin=0.25 ang=0.00 cruise detours=0
p4_shelf: xy=(1.90,1.84) yaw=1.49 wp=0/3 fwd=1.23 lin=0.18 ang=-0.11 cruise detours=0
p4_shelf: xy=(1.90,1.88) yaw=1.47 wp=0/3 fwd=1.18 lin=0.13 ang=-0.11 cruise detours=0
p4_shelf: xy=(1.90,1.90) yaw=1.59 wp=1/3 fwd=1.18 lin=0.00 ang=1.20 turn detours=0
p4_shelf: xy=(1.90,1.91) yaw=1.82 wp=1/3 fwd=1.24 lin=0.00 ang=1.20 turn detours=0
p4_shelf: xy=(1.90,1.91) yaw=2.12 wp=1/3 fwd=1.24 lin=0.00 ang=1.20 turn detours=0
p4_shelf: xy=(1.90,1.91) yaw=2.41 wp=1/3 fwd=1.77 lin=0.00 ang=1.20 turn detours=0
p4_shelf: xy=(1.90,1.91) yaw=2.70 wp=1/3 fwd=1.76 lin=0.00 ang=0.78 turn detours=0
p4_shelf: xy=(1.90,1.91) yaw=2.86 wp=1/3 fwd=2.49 lin=0.00 ang=0.42 turn detours=0
p4_shelf: xy=(1.90,1.91) yaw=2.96 wp=1/3 fwd=1.26 lin=0.00 ang=0.20 turn detours=0
p4_shelf: xy=(1.90,1.91) yaw=3.01 wp=1/3 fwd=1.25 lin=1.15 ang=0.00 cruise detours=0
p4_shelf: xy=(1.87,1.91) yaw=3.05 wp=1/3 fwd=1.22 lin=1.11 ang=0.00 cruise detours=0
p4_shelf: xy=(1.75,1.92) yaw=3.11 wp=1/3 fwd=1.11 lin=0.98 ang=-0.14 cruise detours=0
p4_shelf: xy=(1.60,1.92) yaw=3.14 wp=1/3 fwd=0.97 lin=0.81 ang=-0.23 cruise detours=0
p4_shelf: xy=(1.41,1.92) yaw=3.09 wp=1/3 fwd=0.79 lin=0.56 ang=-0.53 slow detours=0
p4_shelf: xy=(1.29,1.93) yaw=3.01 wp=1/3 fwd=2.75 lin=0.49 ang=0.00 cruise detours=0
p4_shelf: xy=(1.20,1.95) yaw=3.00 wp=1/3 fwd=2.64 lin=0.38 ang=0.00 cruise detours=0
p4_shelf: xy=(1.09,1.96) yaw=2.99 wp=1/3 fwd=2.55 lin=0.27 ang=0.00 cruise detours=0
p4_shelf: xy=(1.04,1.97) yaw=2.99 wp=1/3 fwd=2.48 lin=0.21 ang=0.00 cruise detours=0
p4_shelf: xy=(0.99,1.98) yaw=2.99 wp=1/3 fwd=2.45 lin=0.15 ang=0.00 cruise detours=0
p4_shelf: xy=(0.96,1.98) yaw=2.94 wp=2/3 fwd=2.41 lin=0.00 ang=-1.20 turn detours=0
p4_shelf: xy=(0.95,1.98) yaw=2.72 wp=2/3 fwd=1.67 lin=0.00 ang=-1.20 turn detours=0
p4_shelf: xy=(0.95,1.98) yaw=2.39 wp=2/3 fwd=1.66 lin=0.00 ang=-1.20 turn detours=0
p4_shelf: xy=(0.95,1.98) yaw=2.07 wp=2/3 fwd=1.14 lin=0.00 ang=-0.67 turn detours=0
p4_shelf: xy=(0.95,1.98) yaw=1.91 wp=2/3 fwd=1.14 lin=0.00 ang=-0.31 turn detours=0
p4_shelf: xy=(0.95,1.98) yaw=1.83 wp=2/3 fwd=1.14 lin=0.00 ang=-0.13 turn detours=0
p4_shelf: xy=(0.95,2.00) yaw=1.79 wp=2/3 fwd=1.13 lin=0.53 ang=0.00 cruise detours=0
p4_shelf: xy=(0.92,2.09) yaw=1.81 wp=2/3 fwd=1.04 lin=0.43 ang=0.00 cruise detours=0
p4_shelf: xy=(0.91,2.17) yaw=1.80 wp=2/3 fwd=0.96 lin=0.34 ang=-0.12 cruise detours=0
p4_shelf: xy=(0.89,2.24) yaw=1.78 wp=2/3 fwd=0.90 lin=0.26 ang=0.00 cruise detours=0
p4_shelf: xy=(0.88,2.30) yaw=1.77 wp=2/3 fwd=0.83 lin=0.19 ang=0.00 slow detours=0
p4_shelf: xy=(0.87,2.34) yaw=1.75 wp=2/3 fwd=0.79 lin=0.14 ang=-0.11 slow detours=0
p4_shelf: xy=(0.87,2.37) yaw=1.71 wp=3/3 fwd=0.76 lin=0.00 ang=-0.72 turn detours=0
p4_shelf: xy=(0.86,2.37) yaw=1.56 wp=3/3 fwd=1.03 lin=0.00 ang=-0.40 turn detours=0
p4_shelf: xy=(0.86,2.37) yaw=1.46 wp=3/3 fwd=1.07 lin=0.00 ang=-0.17 turn detours=0

{
  "arrived": true,
  "goal": "shelf",
  "in_zone": true,
  "in_picking_zone": true,
  "in_delivery_base": false,
  "odom_xy": [
    0.865,
    2.373
  ],
  "yaw": 1.427,
  "head_joints": {
    "slide": 0.116062630283061,
    "head_yaw": 0.0028710752891448208,
    "head_pitch": -0.11630079435112585
  },
  "goal_xy": [
    0.852,
    2.475
  ],
  "route": [
    [
      1.92,
      2.0
    ],
    [
      0.852,
      2.0
    ],
    [
      0.852,
      2.475
    ]
  ],
  "elapsed_s": 105.93,
  "status": "arrived",
  "detours": 0,
  "speed_scale": 8.0,
  "max_lin": 2.4,
  "max_ang": 1.2,
  "stop_dist": 0.432,
  "slow_dist": 0.832,
  "blocked_by_scan": false,
  "log_json": "/workspace/baseline/outputs/p4/shelf_20260901_124525.json",
  "log_txt": "/workspace/baseline/outputs/p4/shelf_20260901_124525.log"
}
p4 log: /workspace/baseline/outputs/p4/shelf_20260901_124525.log
