p4_shelf: start xy=(1.92,-3.17) yaw=1.57 route=[(1.92, 2.0), (0.852, 2.0), (0.852, 2.475)] stop=0.43 slow=0.83 max_lin=2.40 max_ang=1.20
p4_shelf: xy=(1.92,-3.17) yaw=1.57 wp=0/3 fwd=1.43 lin=2.40 ang=0.00 cruise detours=0
p4_shelf: xy=(1.92,-3.13) yaw=1.57 wp=0/3 fwd=1.43 lin=2.40 ang=0.00 cruise detours=0
p4_shelf: xy=(1.92,-3.02) yaw=1.57 wp=0/3 fwd=1.44 lin=2.40 ang=0.00 cruise detours=0
p4_shelf: xy=(1.92,-2.83) yaw=1.57 wp=0/3 fwd=1.44 lin=2.40 ang=0.00 cruise detours=0
p4_shelf: xy=(1.92,-2.58) yaw=1.57 wp=0/3 fwd=1.45 lin=2.40 ang=0.00 cruise detours=0
p4_shelf: xy=(1.92,-2.26) yaw=1.58 wp=0/3 fwd=1.46 lin=2.40 ang=0.00 cruise detours=0
p4_shelf: xy=(1.92,-1.90) yaw=1.58 wp=0/3 fwd=1.47 lin=2.40 ang=0.00 cruise detours=0
p4_shelf: xy=(1.91,-1.48) yaw=1.58 wp=0/3 fwd=1.49 lin=2.40 ang=0.00 cruise detours=0
p4_shelf: xy=(1.91,-1.03) yaw=1.58 wp=0/3 fwd=1.51 lin=2.40 ang=0.00 cruise detours=0
p4_shelf: xy=(1.90,-0.54) yaw=1.58 wp=0/3 fwd=1.53 lin=2.40 ang=0.00 cruise detours=0
p4_shelf: xy=(1.89,-0.01) yaw=1.59 wp=0/3 fwd=1.56 lin=2.20 ang=0.00 cruise detours=0
p4_shelf: xy=(1.89,0.49) yaw=1.59 wp=0/3 fwd=1.59 lin=1.65 ang=0.00 cruise detours=0
p4_shelf: xy=(1.88,0.85) yaw=1.59 wp=0/3 fwd=1.61 lin=1.26 ang=-0.11 cruise detours=0
p4_shelf: xy=(1.88,1.18) yaw=1.57 wp=0/3 fwd=1.54 lin=0.89 ang=0.00 cruise detours=0
p4_shelf: xy=(1.88,1.40) yaw=1.55 wp=0/3 fwd=1.49 lin=0.66 ang=-0.11 cruise detours=0
p4_shelf: xy=(1.88,1.55) yaw=1.54 wp=0/3 fwd=1.42 lin=0.49 ang=-0.11 cruise detours=0
p4_shelf: xy=(1.89,1.67) yaw=1.53 wp=1/3 fwd=1.37 lin=0.00 ang=1.20 turn detours=0
p4_shelf: xy=(1.89,1.70) yaw=1.63 wp=1/3 fwd=1.38 lin=0.00 ang=1.20 turn detours=0
p4_shelf: xy=(1.89,1.71) yaw=1.95 wp=1/3 fwd=1.41 lin=0.00 ang=1.20 turn detours=0
p4_shelf: xy=(1.89,1.71) yaw=2.24 wp=1/3 fwd=1.42 lin=0.00 ang=1.20 turn detours=0
p4_shelf: xy=(1.89,1.71) yaw=2.53 wp=1/3 fwd=1.89 lin=0.00 ang=0.76 turn detours=0
p4_shelf: xy=(1.87,1.72) yaw=2.70 wp=1/3 fwd=1.88 lin=1.12 ang=0.38 cruise detours=0
p4_shelf: xy=(1.79,1.75) yaw=2.91 wp=1/3 fwd=1.14 lin=1.06 ang=0.00 cruise detours=0
p4_shelf: xy=(1.67,1.77) yaw=3.10 wp=1/3 fwd=1.02 lin=0.88 ang=-0.51 cruise detours=0
p4_shelf: xy=(1.50,1.77) yaw=3.09 wp=1/3 fwd=0.85 lin=0.68 ang=-0.64 cruise detours=0
p4_shelf: xy=(1.35,1.79) yaw=2.90 wp=1/3 fwd=0.70 lin=0.38 ang=-0.71 slow detours=0
p4_shelf: xy=(1.25,1.82) yaw=2.79 wp=1/3 fwd=2.00 lin=0.47 ang=-0.16 cruise detours=0
p4_shelf: xy=(1.16,1.85) yaw=2.72 wp=2/3 fwd=1.92 lin=0.00 ang=-1.20 turn detours=0
p4_shelf: xy=(1.14,1.87) yaw=2.51 wp=2/3 fwd=1.89 lin=0.00 ang=-1.09 turn detours=0
p4_shelf: xy=(1.13,1.87) yaw=2.30 wp=2/3 fwd=1.33 lin=0.67 ang=-0.64 cruise detours=0
p4_shelf: xy=(1.11,1.91) yaw=2.09 wp=2/3 fwd=1.28 lin=0.67 ang=-0.21 cruise detours=0
p4_shelf: xy=(1.06,2.02) yaw=1.91 wp=2/3 fwd=1.16 lin=0.54 ang=0.20 cruise detours=0
p4_shelf: xy=(1.02,2.14) yaw=1.93 wp=2/3 fwd=1.04 lin=0.41 ang=0.21 cruise detours=0
p4_shelf: xy=(0.98,2.23) yaw=1.98 wp=2/3 fwd=0.93 lin=0.30 ang=0.16 cruise detours=0
p4_shelf: xy=(0.95,2.30) yaw=2.03 wp=2/3 fwd=0.85 lin=0.21 ang=0.00 cruise detours=0
p4_shelf: xy=(0.92,2.35) yaw=2.04 wp=2/3 fwd=0.80 lin=0.14 ang=0.11 slow detours=0
p4_shelf: xy=(0.91,2.38) yaw=2.03 wp=3/3 fwd=0.76 lin=0.00 ang=-1.20 turn detours=0
p4_shelf: xy=(0.90,2.39) yaw=1.81 wp=3/3 fwd=0.75 lin=0.00 ang=-0.94 turn detours=0
p4_shelf: xy=(0.90,2.39) yaw=1.62 wp=3/3 fwd=1.03 lin=0.00 ang=-0.53 turn detours=0
p4_shelf: xy=(0.90,2.39) yaw=1.49 wp=3/3 fwd=1.04 lin=0.00 ang=-0.24 turn detours=0

{
  "arrived": true,
  "goal": "shelf",
  "in_zone": true,
  "in_picking_zone": true,
  "in_delivery_base": false,
  "odom_xy": [
    0.904,
    2.39
  ],
  "yaw": 1.427,
  "head_joints": {
    "slide": 0.11606267162370064,
    "head_yaw": 0.0032165805699391503,
    "head_pitch": -0.11630492736615701
  },
  "goal_xy": [
    0.852,
    2.475
  ],
  "route": [
    [
      1.92,
      2.0
    ],
    [
      0.852,
      2.0
    ],
    [
      0.852,
      2.475
    ]
  ],
  "elapsed_s": 82.87,
  "status": "arrived",
  "detours": 0,
  "speed_scale": 8.0,
  "max_lin": 2.4,
  "max_ang": 1.2,
  "stop_dist": 0.432,
  "slow_dist": 0.832,
  "blocked_by_scan": false,
  "log_json": "/workspace/baseline/outputs/p4/shelf_20260903_113957.json",
  "log_txt": "/workspace/baseline/outputs/p4/shelf_20260903_113957.log"
}
p4 log: /workspace/baseline/outputs/p4/shelf_20260903_113957.log
