p4_shelf: start xy=(1.92,-3.17) yaw=1.57 route=[(1.92, 2.0), (0.852, 2.0), (0.852, 2.475)] stop=0.43 slow=0.83 max_lin=2.40 max_ang=1.65
p4_shelf: xy=(1.92,-3.17) yaw=1.57 wp=0/3 fwd=1.43 lin=2.40 ang=0.00 cruise detours=0
p4_shelf: xy=(1.92,-3.15) yaw=1.57 wp=0/3 fwd=1.43 lin=2.40 ang=0.00 cruise detours=0
p4_shelf: xy=(1.92,-3.07) yaw=1.57 wp=0/3 fwd=1.44 lin=2.40 ang=0.00 cruise detours=0
p4_shelf: xy=(1.92,-2.88) yaw=1.57 wp=0/3 fwd=1.44 lin=2.40 ang=0.00 cruise detours=0
p4_shelf: xy=(1.92,-2.64) yaw=1.57 wp=0/3 fwd=1.45 lin=2.39 ang=0.00 cruise detours=0
p4_shelf: xy=(1.92,-2.39) yaw=1.58 wp=0/3 fwd=1.45 lin=2.39 ang=0.00 cruise detours=0
p4_shelf: xy=(1.92,-2.04) yaw=1.58 wp=0/3 fwd=1.47 lin=2.39 ang=0.00 cruise detours=0
p4_shelf: xy=(1.91,-1.71) yaw=1.58 wp=0/3 fwd=1.48 lin=2.38 ang=0.00 cruise detours=0
p4_shelf: xy=(1.91,-1.28) yaw=1.58 wp=0/3 fwd=1.50 lin=2.37 ang=0.00 cruise detours=0
p4_shelf: xy=(1.91,-0.81) yaw=1.58 wp=0/3 fwd=1.52 lin=2.36 ang=0.00 cruise detours=0
p4_shelf: xy=(1.90,-0.30) yaw=1.59 wp=0/3 fwd=1.55 lin=2.35 ang=0.00 cruise detours=0
p4_shelf: xy=(1.89,0.22) yaw=1.59 wp=0/3 fwd=1.58 lin=1.88 ang=0.00 cruise detours=0
p4_shelf: xy=(1.88,0.67) yaw=1.59 wp=0/3 fwd=1.60 lin=1.40 ang=0.00 cruise detours=0
p4_shelf: xy=(1.88,1.01) yaw=1.58 wp=0/3 fwd=1.59 lin=1.03 ang=-0.12 cruise detours=0
p4_shelf: xy=(1.88,1.26) yaw=1.56 wp=0/3 fwd=1.52 lin=0.77 ang=-0.11 cruise detours=0
p4_shelf: xy=(1.88,1.45) yaw=1.55 wp=0/3 fwd=1.45 lin=0.58 ang=0.00 cruise detours=0
p4_shelf: xy=(1.88,1.60) yaw=1.53 wp=0/3 fwd=1.39 lin=0.42 ang=-0.11 cruise detours=0
p4_shelf: xy=(1.89,1.69) yaw=1.62 wp=1/3 fwd=1.40 lin=0.02 ang=1.65 turn detours=0
p4_shelf: xy=(1.88,1.72) yaw=2.01 wp=1/3 fwd=1.41 lin=0.13 ang=1.65 cruise detours=0
p4_shelf: xy=(1.86,1.75) yaw=2.42 wp=1/3 fwd=1.85 lin=0.54 ang=1.05 cruise detours=0
p4_shelf: xy=(1.80,1.78) yaw=2.81 wp=1/3 fwd=2.47 lin=0.95 ang=0.24 cruise detours=0
p4_shelf: xy=(1.68,1.80) yaw=-3.02 wp=1/3 fwd=1.03 lin=0.57 ang=-0.80 cruise detours=0
p4_shelf: xy=(1.55,1.78) yaw=-3.08 wp=1/3 fwd=0.89 lin=0.48 ang=-0.81 cruise detours=0
p4_shelf: xy=(1.44,1.78) yaw=2.99 wp=1/3 fwd=0.78 lin=0.47 ang=-1.01 slow detours=0
p4_shelf: xy=(1.33,1.81) yaw=2.80 wp=1/3 fwd=2.09 lin=0.54 ang=0.00 cruise detours=0
p4_shelf: xy=(1.22,1.85) yaw=2.77 wp=2/3 fwd=1.96 lin=0.22 ang=-1.47 cruise detours=0
p4_shelf: xy=(1.14,1.89) yaw=2.59 wp=2/3 fwd=1.88 lin=0.26 ang=-1.26 cruise detours=0
p4_shelf: xy=(1.08,1.93) yaw=2.31 wp=2/3 fwd=1.25 lin=0.41 ang=-0.75 cruise detours=0
p4_shelf: xy=(1.03,2.00) yaw=2.12 wp=2/3 fwd=1.16 lin=0.44 ang=-0.42 cruise detours=0
p4_shelf: xy=(0.98,2.09) yaw=2.01 wp=2/3 fwd=1.06 lin=0.39 ang=-0.25 cruise detours=0
p4_shelf: xy=(0.94,2.19) yaw=1.93 wp=2/3 fwd=0.95 lin=0.31 ang=-0.15 cruise detours=0
p4_shelf: xy=(0.91,2.26) yaw=1.90 wp=2/3 fwd=0.88 lin=0.24 ang=0.00 cruise detours=0
p4_shelf: xy=(0.89,2.32) yaw=1.91 wp=2/3 fwd=0.81 lin=0.16 ang=0.38 slow detours=0
p4_shelf: xy=(0.88,2.36) yaw=1.98 wp=2/3 fwd=0.77 lin=0.09 ang=-0.40 slow detours=0
p4_shelf: xy=(0.87,2.37) yaw=1.89 wp=3/3 fwd=0.75 lin=0.00 ang=-1.11 turn detours=0
p4_shelf: xy=(0.87,2.37) yaw=1.65 wp=3/3 fwd=0.76 lin=0.00 ang=-0.60 turn detours=0
p4_shelf: xy=(0.87,2.37) yaw=1.51 wp=3/3 fwd=1.07 lin=0.00 ang=-0.29 turn detours=0
p4_shelf: xy=(0.87,2.37) yaw=1.44 wp=3/3 fwd=1.06 lin=0.00 ang=-0.14 turn detours=0

{
  "arrived": true,
  "goal": "shelf",
  "in_zone": true,
  "in_picking_zone": true,
  "in_delivery_base": false,
  "odom_xy": [
    0.873,
    2.374
  ],
  "yaw": 1.428,
  "head_joints": {
    "slide": 0.11606266932553584,
    "head_yaw": 0.003238489767747361,
    "head_pitch": -0.11630444063544451
  },
  "goal_xy": [
    0.852,
    2.475
  ],
  "route": [
    [
      1.92,
      2.0
    ],
    [
      0.852,
      2.0
    ],
    [
      0.852,
      2.475
    ]
  ],
  "elapsed_s": 77.15,
  "status": "arrived",
  "detours": 0,
  "speed_scale": 8.0,
  "max_lin": 2.4,
  "max_ang": 1.65,
  "stop_dist": 0.432,
  "slow_dist": 0.832,
  "blocked_by_scan": false,
  "log_json": "/workspace/baseline/outputs/p4/shelf_20260903_121938.json",
  "log_txt": "/workspace/baseline/outputs/p4/shelf_20260903_121938.log"
}
p4 log: /workspace/baseline/outputs/p4/shelf_20260903_121938.log
