p4_shelf: start xy=(1.92,-3.17) yaw=1.57 route=[(1.92, 2.475), (0.852, 2.475)] stop=0.43 slow=0.83 max_lin=2.40 max_ang=1.20
p4_shelf: xy=(1.92,-3.17) yaw=1.57 wp=0/2 fwd=1.43 cruise detours=0
p4_shelf: xy=(1.92,-3.15) yaw=1.57 wp=0/2 fwd=1.43 cruise detours=0
p4_shelf: xy=(1.92,-3.05) yaw=1.57 wp=0/2 fwd=1.44 cruise detours=0
p4_shelf: xy=(1.92,-2.85) yaw=1.57 wp=0/2 fwd=1.44 cruise detours=0
p4_shelf: xy=(1.92,-2.58) yaw=1.57 wp=0/2 fwd=1.45 cruise detours=0
p4_shelf: xy=(1.92,-2.31) yaw=1.58 wp=0/2 fwd=1.46 cruise detours=0
p4_shelf: xy=(1.92,-1.92) yaw=1.58 wp=0/2 fwd=1.47 cruise detours=0
p4_shelf: xy=(1.91,-1.57) yaw=1.58 wp=0/2 fwd=1.48 cruise detours=0
p4_shelf: xy=(1.91,-1.12) yaw=1.58 wp=0/2 fwd=1.50 cruise detours=0
p4_shelf: xy=(1.90,-0.64) yaw=1.58 wp=0/2 fwd=1.53 cruise detours=0
p4_shelf: xy=(1.90,-0.12) yaw=1.59 wp=0/2 fwd=1.56 cruise detours=0
p4_shelf: xy=(1.89,0.43) yaw=1.59 wp=0/2 fwd=1.59 cruise detours=0
p4_shelf: xy=(1.88,0.98) yaw=1.59 wp=0/2 fwd=1.62 cruise detours=0
p4_shelf: xy=(1.87,1.54) yaw=1.58 wp=0/2 fwd=1.60 cruise detours=0
p4_shelf: xy=(1.87,2.14) yaw=1.56 wp=0/2 fwd=1.01 cruise detours=0
p4_shelf: xy=(1.87,2.62) yaw=1.57 wp=1/2 fwd=1.04 cruise detours=0
p4_shelf: xy=(1.87,2.93) yaw=1.57 wp=1/2 fwd=0.73 cruise detours=0
p4_shelf: xy=(1.87,3.18) yaw=1.57 wp=1/2 fwd=0.57 cruise detours=0
p4_shelf: xy=(1.87,3.34) yaw=1.57 wp=1/2 fwd=0.53 cruise detours=0
p4_shelf: xy=(1.87,3.26) yaw=1.57 wp=1/2 fwd=0.39 cruise detours=0
p4_shelf: xy=(1.87,3.19) yaw=-1.57 wp=1/2 fwd=inf cruise detours=0
p4_shelf: xy=(1.87,3.19) yaw=-1.57 wp=1/2 fwd=inf cruise detours=0
p4_shelf: xy=(1.87,3.19) yaw=-1.57 wp=1/2 fwd=inf cruise detours=0
p4_shelf: xy=(1.87,3.19) yaw=-1.57 wp=1/2 fwd=inf cruise detours=0
p4_shelf: xy=(1.87,3.19) yaw=-1.57 wp=1/2 fwd=inf cruise detours=0
p4_shelf: xy=(1.87,3.19) yaw=-1.57 wp=1/2 fwd=inf cruise detours=0
p4_shelf: xy=(1.87,3.19) yaw=-1.57 wp=1/2 fwd=inf cruise detours=0
p4_shelf: xy=(1.87,3.19) yaw=-1.57 wp=1/2 fwd=inf cruise detours=0
p4_shelf: xy=(1.87,3.19) yaw=-1.57 wp=1/2 fwd=inf cruise detours=0
p4_shelf: xy=(1.87,3.19) yaw=-1.57 wp=1/2 fwd=inf cruise detours=0
p4_shelf: xy=(1.87,3.19) yaw=-1.57 wp=1/2 fwd=inf cruise detours=0
p4_shelf: xy=(1.87,3.19) yaw=-1.57 wp=1/2 fwd=inf cruise detours=0
p4_shelf: xy=(1.87,3.19) yaw=-1.57 wp=1/2 fwd=inf cruise detours=0
p4_shelf: xy=(1.87,3.19) yaw=-1.57 wp=1/2 fwd=inf cruise detours=0
p4_shelf: xy=(1.87,3.19) yaw=-1.57 wp=1/2 fwd=inf cruise detours=0
p4_shelf: xy=(1.87,3.19) yaw=-1.57 wp=1/2 fwd=inf cruise detours=0
p4_shelf: xy=(1.87,3.19) yaw=-1.57 wp=1/2 fwd=inf cruise detours=0
p4_shelf: xy=(1.87,3.19) yaw=-1.57 wp=1/2 fwd=inf cruise detours=0
p4_shelf: xy=(1.87,3.19) yaw=-1.57 wp=1/2 fwd=inf cruise detours=0
p4_shelf: xy=(1.87,3.19) yaw=-1.57 wp=1/2 fwd=inf cruise detours=0
p4_shelf: xy=(1.87,3.19) yaw=-1.57 wp=1/2 fwd=inf cruise detours=0
p4_shelf: xy=(1.87,3.19) yaw=-1.57 wp=1/2 fwd=inf cruise detours=0
p4_shelf: xy=(1.87,3.19) yaw=-1.57 wp=1/2 fwd=inf cruise detours=0
p4_shelf: xy=(1.87,3.19) yaw=-1.57 wp=1/2 fwd=inf cruise detours=0
p4_shelf: xy=(1.87,3.19) yaw=-1.57 wp=1/2 fwd=inf cruise detours=0
Traceback (most recent call last):
  File "/workspace/baseline/runtime/p4_nav.py", line 181, in navigate
    rclpy_mod.spin_once(node, timeout_sec=period)
  File "/opt/ros/humble/local/lib/python3.10/dist-packages/rclpy/__init__.py", line 208, in spin_once
    executor.spin_once(timeout_sec=timeout_sec)
  File "/opt/ros/humble/local/lib/python3.10/dist-packages/rclpy/executors.py", line 808, in spin_once
    self._spin_once_impl(timeout_sec)
  File "/opt/ros/humble/local/lib/python3.10/dist-packages/rclpy/executors.py", line 797, in _spin_once_impl
    handler, entity, node = self.wait_for_ready_callbacks(timeout_sec=timeout_sec)
  File "/opt/ros/humble/local/lib/python3.10/dist-packages/rclpy/executors.py", line 780, in wait_for_ready_callbacks
    return next(self._cb_iter)
  File "/opt/ros/humble/local/lib/python3.10/dist-packages/rclpy/executors.py", line 677, in _wait_for_ready_callbacks
    wait_set.wait(timeout_nsec)
KeyboardInterrupt

During handling of the above exception, another exception occurred:

Traceback (most recent call last):
  File "/workspace/baseline/runtime/p4_nav.py", line 286, in main
    report = navigate(
  File "/workspace/baseline/runtime/p4_nav.py", line 253, in navigate
    controller.stop_base()
  File "/workspace/baseline/runtime/ros_robot_control.py", line 64, in stop_base
    self.publish_velocity()
  File "/workspace/baseline/runtime/ros_robot_control.py", line 61, in publish_velocity
    self.cmd_vel_pub.publish(message)
  File "/opt/ros/humble/local/lib/python3.10/dist-packages/rclpy/publisher.py", line 70, in publish
    self.__publisher.publish(msg)
rclpy._rclpy_pybind11.RCLError: Failed to publish: publisher's context is invalid, at ./src/rcl/publisher.c:389

During handling of the above exception, another exception occurred:

Traceback (most recent call last):
  File "/usr/lib/python3.10/runpy.py", line 196, in _run_module_as_main
    return _run_code(code, main_globals, None,
  File "/usr/lib/python3.10/runpy.py", line 86, in _run_code
    exec(code, run_globals)
  File "/workspace/baseline/runtime/p4_nav.py", line 304, in <module>
    raise SystemExit(main())
  File "/workspace/baseline/runtime/p4_nav.py", line 300, in main
    rclpy.shutdown()
  File "/opt/ros/humble/local/lib/python3.10/dist-packages/rclpy/__init__.py", line 130, in shutdown
    _shutdown(context=context)
  File "/opt/ros/humble/local/lib/python3.10/dist-packages/rclpy/utilities.py", line 58, in shutdown
    return context.shutdown()
  File "/opt/ros/humble/local/lib/python3.10/dist-packages/rclpy/context.py", line 102, in shutdown
    self.__context.shutdown()
rclpy._rclpy_pybind11.RCLError: failed to shutdown: rcl_shutdown already called on the given context, at ./src/rcl/init.c:241
