p4_shelf: start xy=(1.92,-3.17) yaw=1.57 route=[(1.92, 2.0), (0.852, 2.0), (0.852, 2.475)] stop=0.43 slow=0.83 max_lin=2.40 max_ang=1.20
p4_shelf: xy=(1.92,-3.17) yaw=1.57 wp=0/3 fwd=1.43 lin=2.40 ang=0.00 cruise detours=0
p4_shelf: xy=(1.92,-3.13) yaw=1.57 wp=0/3 fwd=1.43 lin=2.40 ang=0.00 cruise detours=0
p4_shelf: xy=(1.92,-3.02) yaw=1.57 wp=0/3 fwd=1.44 lin=2.40 ang=0.00 cruise detours=0
p4_shelf: xy=(1.92,-2.83) yaw=1.57 wp=0/3 fwd=1.44 lin=2.40 ang=0.00 cruise detours=0
p4_shelf: xy=(1.92,-2.58) yaw=1.57 wp=0/3 fwd=1.45 lin=2.40 ang=0.00 cruise detours=0
p4_shelf: xy=(1.92,-2.26) yaw=1.58 wp=0/3 fwd=1.46 lin=2.40 ang=0.00 cruise detours=0
p4_shelf: xy=(1.92,-1.90) yaw=1.58 wp=0/3 fwd=1.47 lin=2.40 ang=0.00 cruise detours=0
p4_shelf: xy=(1.91,-1.55) yaw=1.58 wp=0/3 fwd=1.49 lin=2.40 ang=0.00 cruise detours=0
p4_shelf: xy=(1.91,-1.12) yaw=1.58 wp=0/3 fwd=1.51 lin=2.40 ang=0.00 cruise detours=0
p4_shelf: xy=(1.90,-0.64) yaw=1.58 wp=0/3 fwd=1.53 lin=2.40 ang=0.00 cruise detours=0
p4_shelf: xy=(1.90,-0.12) yaw=1.59 wp=0/3 fwd=1.56 lin=2.31 ang=0.00 cruise detours=0
p4_shelf: xy=(1.89,0.39) yaw=1.59 wp=0/3 fwd=1.58 lin=1.75 ang=0.00 cruise detours=0
p4_shelf: xy=(1.88,0.81) yaw=1.59 wp=0/3 fwd=1.60 lin=1.29 ang=0.00 cruise detours=0
p4_shelf: xy=(1.88,1.13) yaw=1.57 wp=0/3 fwd=1.56 lin=0.95 ang=-0.11 cruise detours=0
p4_shelf: xy=(1.88,1.36) yaw=1.56 wp=0/3 fwd=1.48 lin=0.70 ang=0.00 cruise detours=0
p4_shelf: xy=(1.88,1.56) yaw=1.54 wp=0/3 fwd=1.42 lin=0.48 ang=0.00 cruise detours=0
p4_shelf: xy=(1.89,1.67) yaw=1.53 wp=1/3 fwd=1.37 lin=0.00 ang=1.20 turn detours=0
p4_shelf: xy=(1.89,1.70) yaw=1.66 wp=1/3 fwd=1.38 lin=0.00 ang=1.20 turn detours=0
p4_shelf: xy=(1.89,1.71) yaw=1.91 wp=1/3 fwd=1.41 lin=0.00 ang=1.20 turn detours=0
p4_shelf: xy=(1.89,1.71) yaw=2.16 wp=1/3 fwd=1.41 lin=0.00 ang=1.20 turn detours=0
p4_shelf: xy=(1.89,1.71) yaw=2.49 wp=1/3 fwd=1.89 lin=0.00 ang=0.83 turn detours=0
p4_shelf: xy=(1.87,1.72) yaw=2.71 wp=1/3 fwd=1.87 lin=1.12 ang=0.37 cruise detours=0
p4_shelf: xy=(1.80,1.74) yaw=2.88 wp=1/3 fwd=1.13 lin=1.08 ang=0.00 cruise detours=0
p4_shelf: xy=(1.66,1.77) yaw=3.09 wp=1/3 fwd=0.98 lin=0.87 ang=-0.51 cruise detours=0
p4_shelf: xy=(1.48,1.77) yaw=3.07 wp=1/3 fwd=0.81 lin=0.63 ang=-0.96 slow detours=0
p4_shelf: xy=(1.32,1.80) yaw=2.86 wp=1/3 fwd=2.83 lin=0.55 ang=-0.28 cruise detours=0
p4_shelf: xy=(1.21,1.84) yaw=2.76 wp=2/3 fwd=1.98 lin=0.00 ang=-1.20 turn detours=0
p4_shelf: xy=(1.15,1.86) yaw=2.67 wp=2/3 fwd=1.90 lin=0.00 ang=-1.20 turn detours=0
p4_shelf: xy=(1.14,1.87) yaw=2.46 wp=2/3 fwd=1.87 lin=0.00 ang=-0.99 turn detours=0
p4_shelf: xy=(1.13,1.88) yaw=2.20 wp=2/3 fwd=1.32 lin=0.69 ang=-0.43 cruise detours=0
p4_shelf: xy=(1.09,1.94) yaw=2.00 wp=2/3 fwd=1.25 lin=0.64 ang=0.00 cruise detours=0
p4_shelf: xy=(1.04,2.08) yaw=1.92 wp=2/3 fwd=1.11 lin=0.48 ang=0.20 cruise detours=0
p4_shelf: xy=(0.99,2.20) yaw=1.97 wp=2/3 fwd=0.97 lin=0.34 ang=0.16 cruise detours=0
p4_shelf: xy=(0.96,2.27) yaw=2.01 wp=2/3 fwd=0.87 lin=0.25 ang=0.12 cruise detours=0
p4_shelf: xy=(0.93,2.33) yaw=2.03 wp=2/3 fwd=0.82 lin=0.17 ang=0.00 slow detours=0
p4_shelf: xy=(0.91,2.37) yaw=2.05 wp=3/3 fwd=0.77 lin=0.00 ang=-1.20 turn detours=0
p4_shelf: xy=(0.90,2.39) yaw=1.84 wp=3/3 fwd=0.75 lin=0.00 ang=-1.01 turn detours=0
p4_shelf: xy=(0.90,2.39) yaw=1.58 wp=3/3 fwd=1.03 lin=0.00 ang=-0.44 turn detours=0
p4_shelf: xy=(0.90,2.39) yaw=1.46 wp=3/3 fwd=1.04 lin=0.00 ang=-0.17 turn detours=0

{
  "arrived": true,
  "goal": "shelf",
  "in_zone": true,
  "in_picking_zone": true,
  "in_delivery_base": false,
  "odom_xy": [
    0.904,
    2.389
  ],
  "yaw": 1.424,
  "head_joints": {
    "slide": 0.11606268771830179,
    "head_yaw": 0.002910970647890345,
    "head_pitch": -0.11630283520154698
  },
  "goal_xy": [
    0.852,
    2.475
  ],
  "route": [
    [
      1.92,
      2.0
    ],
    [
      0.852,
      2.0
    ],
    [
      0.852,
      2.475
    ]
  ],
  "elapsed_s": 79.61,
  "status": "arrived",
  "detours": 0,
  "speed_scale": 8.0,
  "max_lin": 2.4,
  "max_ang": 1.2,
  "stop_dist": 0.432,
  "slow_dist": 0.832,
  "blocked_by_scan": false,
  "log_json": "/workspace/baseline/outputs/p4/shelf_20260903_115158.json",
  "log_txt": "/workspace/baseline/outputs/p4/shelf_20260903_115158.log"
}
p4 log: /workspace/baseline/outputs/p4/shelf_20260903_115158.log
