p4_shelf: start xy=(1.92,-3.17) yaw=1.57 route=[(1.92, 2.0), (0.852, 2.0), (0.852, 2.475)] stop=0.43 slow=0.83 max_lin=2.40 max_ang=1.20
p4_shelf: xy=(1.92,-3.17) yaw=1.57 wp=0/3 fwd=1.43 lin=2.40 ang=0.00 cruise detours=0
p4_shelf: xy=(1.92,-3.13) yaw=1.57 wp=0/3 fwd=1.43 lin=2.40 ang=0.00 cruise detours=0
p4_shelf: xy=(1.92,-3.05) yaw=1.57 wp=0/3 fwd=1.44 lin=2.40 ang=0.00 cruise detours=0
p4_shelf: xy=(1.92,-2.91) yaw=1.57 wp=0/3 fwd=1.44 lin=2.40 ang=0.00 cruise detours=0
p4_shelf: xy=(1.92,-2.72) yaw=1.57 wp=0/3 fwd=1.44 lin=2.40 ang=0.00 cruise detours=0
p4_shelf: xy=(1.92,-2.43) yaw=1.58 wp=0/3 fwd=1.45 lin=2.40 ang=0.00 cruise detours=0
p4_shelf: xy=(1.92,-2.09) yaw=1.58 wp=0/3 fwd=1.46 lin=2.40 ang=0.00 cruise detours=0
p4_shelf: xy=(1.91,-1.77) yaw=1.58 wp=0/3 fwd=1.48 lin=2.40 ang=0.00 cruise detours=0
p4_shelf: xy=(1.91,-1.34) yaw=1.58 wp=0/3 fwd=1.49 lin=2.40 ang=0.00 cruise detours=0
p4_shelf: xy=(1.91,-0.88) yaw=1.58 wp=0/3 fwd=1.51 lin=2.40 ang=0.00 cruise detours=0
p4_shelf: xy=(1.90,-0.37) yaw=1.59 wp=0/3 fwd=1.54 lin=2.40 ang=0.00 cruise detours=0
p4_shelf: xy=(1.89,0.15) yaw=1.59 wp=0/3 fwd=1.57 lin=2.01 ang=0.00 cruise detours=0
p4_shelf: xy=(1.88,0.63) yaw=1.59 wp=0/3 fwd=1.60 lin=1.50 ang=0.00 cruise detours=0
p4_shelf: xy=(1.88,1.04) yaw=1.58 wp=0/3 fwd=1.58 lin=1.05 ang=-0.11 cruise detours=0
p4_shelf: xy=(1.88,1.29) yaw=1.56 wp=0/3 fwd=1.51 lin=0.77 ang=0.00 cruise detours=0
p4_shelf: xy=(1.88,1.51) yaw=1.54 wp=0/3 fwd=1.43 lin=0.54 ang=0.00 cruise detours=0
p4_shelf: xy=(1.89,1.64) yaw=1.53 wp=1/3 fwd=1.38 lin=0.00 ang=1.20 turn detours=0
p4_shelf: xy=(1.89,1.69) yaw=1.66 wp=1/3 fwd=1.39 lin=0.00 ang=1.20 turn detours=0
p4_shelf: xy=(1.89,1.70) yaw=1.94 wp=1/3 fwd=1.42 lin=0.00 ang=1.20 turn detours=0
p4_shelf: xy=(1.89,1.70) yaw=2.28 wp=1/3 fwd=1.43 lin=0.00 ang=1.20 turn detours=0
p4_shelf: xy=(1.89,1.70) yaw=2.53 wp=1/3 fwd=1.90 lin=0.00 ang=0.74 turn detours=0
p4_shelf: xy=(1.86,1.71) yaw=2.72 wp=1/3 fwd=1.88 lin=1.12 ang=0.32 cruise detours=0
p4_shelf: xy=(1.77,1.74) yaw=2.93 wp=1/3 fwd=1.12 lin=1.04 ang=-0.14 cruise detours=0
p4_shelf: xy=(1.62,1.76) yaw=3.13 wp=1/3 fwd=0.97 lin=0.81 ang=-0.63 cruise detours=0
p4_shelf: xy=(1.47,1.76) yaw=3.07 wp=1/3 fwd=0.82 lin=0.64 ang=-1.00 slow detours=0
p4_shelf: xy=(1.35,1.78) yaw=2.90 wp=1/3 fwd=0.70 lin=0.39 ang=-0.73 slow detours=0
p4_shelf: xy=(1.23,1.82) yaw=2.77 wp=1/3 fwd=2.00 lin=0.46 ang=-0.16 cruise detours=0
p4_shelf: xy=(1.15,1.85) yaw=2.71 wp=2/3 fwd=1.90 lin=0.00 ang=-1.20 turn detours=0
p4_shelf: xy=(1.13,1.87) yaw=2.53 wp=2/3 fwd=1.87 lin=0.00 ang=-1.18 turn detours=0
p4_shelf: xy=(1.12,1.87) yaw=2.28 wp=2/3 fwd=1.32 lin=0.67 ang=-0.63 cruise detours=0
p4_shelf: xy=(1.10,1.90) yaw=2.08 wp=2/3 fwd=1.28 lin=0.68 ang=-0.22 cruise detours=0
p4_shelf: xy=(1.06,1.99) yaw=1.90 wp=2/3 fwd=1.19 lin=0.57 ang=0.17 cruise detours=0
p4_shelf: xy=(1.01,2.13) yaw=1.92 wp=2/3 fwd=1.04 lin=0.41 ang=0.20 cruise detours=0
p4_shelf: xy=(0.98,2.22) yaw=1.97 wp=2/3 fwd=0.94 lin=0.31 ang=0.15 cruise detours=0
p4_shelf: xy=(0.94,2.30) yaw=2.01 wp=2/3 fwd=0.85 lin=0.22 ang=0.00 cruise detours=0
p4_shelf: xy=(0.92,2.35) yaw=2.04 wp=2/3 fwd=0.79 lin=0.14 ang=0.00 slow detours=0
p4_shelf: xy=(0.90,2.38) yaw=1.99 wp=3/3 fwd=0.76 lin=0.00 ang=-1.20 turn detours=0
p4_shelf: xy=(0.90,2.39) yaw=1.70 wp=3/3 fwd=0.75 lin=0.00 ang=-0.72 turn detours=0
p4_shelf: xy=(0.90,2.39) yaw=1.51 wp=3/3 fwd=1.04 lin=0.00 ang=-0.30 turn detours=0
p4_shelf: xy=(0.90,2.39) yaw=1.43 wp=3/3 fwd=1.04 lin=0.00 ang=-0.11 turn detours=0

{
  "arrived": true,
  "goal": "shelf",
  "in_zone": true,
  "in_picking_zone": true,
  "in_delivery_base": false,
  "odom_xy": [
    0.901,
    2.389
  ],
  "yaw": 1.427,
  "head_joints": {
    "slide": 0.11606268562082574,
    "head_yaw": 0.002911286391065277,
    "head_pitch": -0.11630244072082244
  },
  "goal_xy": [
    0.852,
    2.475
  ],
  "route": [
    [
      1.92,
      2.0
    ],
    [
      0.852,
      2.0
    ],
    [
      0.852,
      2.475
    ]
  ],
  "elapsed_s": 80.79,
  "status": "arrived",
  "detours": 0,
  "speed_scale": 8.0,
  "max_lin": 2.4,
  "max_ang": 1.2,
  "stop_dist": 0.432,
  "slow_dist": 0.832,
  "blocked_by_scan": false,
  "log_json": "/workspace/baseline/outputs/p4/shelf_20260903_111749.json",
  "log_txt": "/workspace/baseline/outputs/p4/shelf_20260903_111749.log"
}
p4 log: /workspace/baseline/outputs/p4/shelf_20260903_111749.log
