p4_shelf: start xy=(1.92,-3.17) yaw=1.57 route=[(1.92, 2.0), (0.852, 2.0), (0.852, 2.475)] stop=0.43 slow=0.83 max_lin=2.40 max_ang=1.65
p4_shelf: xy=(1.92,-3.17) yaw=1.57 wp=0/3 fwd=1.43 lin=2.40 ang=0.00 cruise detours=0
p4_shelf: xy=(1.92,-3.13) yaw=1.57 wp=0/3 fwd=1.43 lin=2.40 ang=0.00 cruise detours=0
p4_shelf: xy=(1.92,-3.04) yaw=1.57 wp=0/3 fwd=1.44 lin=2.40 ang=0.00 cruise detours=0
p4_shelf: xy=(1.92,-2.91) yaw=1.57 wp=0/3 fwd=1.44 lin=2.40 ang=0.00 cruise detours=0
p4_shelf: xy=(1.92,-2.68) yaw=1.57 wp=0/3 fwd=1.45 lin=2.40 ang=0.00 cruise detours=0
p4_shelf: xy=(1.92,-2.38) yaw=1.58 wp=0/3 fwd=1.45 lin=2.40 ang=0.00 cruise detours=0
p4_shelf: xy=(1.92,-2.03) yaw=1.58 wp=0/3 fwd=1.47 lin=2.40 ang=0.00 cruise detours=0
p4_shelf: xy=(1.91,-1.70) yaw=1.58 wp=0/3 fwd=1.48 lin=2.40 ang=0.00 cruise detours=0
p4_shelf: xy=(1.91,-1.27) yaw=1.58 wp=0/3 fwd=1.50 lin=2.40 ang=0.00 cruise detours=0
p4_shelf: xy=(1.91,-0.80) yaw=1.58 wp=0/3 fwd=1.52 lin=2.40 ang=0.00 cruise detours=0
p4_shelf: xy=(1.90,-0.37) yaw=1.59 wp=0/3 fwd=1.54 lin=2.40 ang=0.00 cruise detours=0
p4_shelf: xy=(1.89,0.15) yaw=1.59 wp=0/3 fwd=1.57 lin=2.01 ang=0.00 cruise detours=0
p4_shelf: xy=(1.88,0.62) yaw=1.59 wp=0/3 fwd=1.60 lin=1.50 ang=0.00 cruise detours=0
p4_shelf: xy=(1.88,0.99) yaw=1.58 wp=0/3 fwd=1.58 lin=1.10 ang=-0.12 cruise detours=0
p4_shelf: xy=(1.88,1.29) yaw=1.56 wp=0/3 fwd=1.51 lin=0.77 ang=0.00 cruise detours=0
p4_shelf: xy=(1.88,1.48) yaw=1.54 wp=0/3 fwd=1.45 lin=0.56 ang=0.00 cruise detours=0
p4_shelf: xy=(1.89,1.62) yaw=1.53 wp=1/3 fwd=1.39 lin=0.00 ang=1.65 turn detours=0
p4_shelf: xy=(1.89,1.69) yaw=1.64 wp=1/3 fwd=1.39 lin=0.00 ang=1.65 turn detours=0
p4_shelf: xy=(1.88,1.71) yaw=1.97 wp=1/3 fwd=1.41 lin=0.00 ang=1.65 turn detours=0
p4_shelf: xy=(1.88,1.72) yaw=2.42 wp=1/3 fwd=1.88 lin=0.00 ang=1.00 turn detours=0
p4_shelf: xy=(1.87,1.72) yaw=2.67 wp=1/3 fwd=1.89 lin=1.11 ang=0.44 cruise detours=0
p4_shelf: xy=(1.82,1.74) yaw=2.86 wp=1/3 fwd=1.17 lin=1.10 ang=0.00 cruise detours=0
p4_shelf: xy=(1.70,1.76) yaw=3.11 wp=1/3 fwd=1.05 lin=0.90 ang=-0.55 cruise detours=0
p4_shelf: xy=(1.53,1.76) yaw=-3.13 wp=1/3 fwd=0.88 lin=0.69 ang=-0.79 cruise detours=0
p4_shelf: xy=(1.38,1.77) yaw=2.93 wp=1/3 fwd=0.73 lin=0.45 ang=-1.01 slow detours=0
p4_shelf: xy=(1.26,1.81) yaw=2.75 wp=1/3 fwd=2.03 lin=0.49 ang=-0.11 cruise detours=0
p4_shelf: xy=(1.16,1.85) yaw=2.70 wp=2/3 fwd=1.93 lin=0.00 ang=-1.46 turn detours=0
p4_shelf: xy=(1.12,1.87) yaw=2.51 wp=2/3 fwd=1.87 lin=0.00 ang=-1.13 turn detours=0
p4_shelf: xy=(1.12,1.88) yaw=2.26 wp=2/3 fwd=1.31 lin=0.66 ang=-0.59 cruise detours=0
p4_shelf: xy=(1.09,1.92) yaw=2.04 wp=2/3 fwd=1.26 lin=0.66 ang=-0.15 cruise detours=0
p4_shelf: xy=(1.05,2.02) yaw=1.89 wp=2/3 fwd=1.16 lin=0.53 ang=0.20 cruise detours=0
p4_shelf: xy=(1.01,2.15) yaw=1.92 wp=2/3 fwd=1.02 lin=0.39 ang=0.20 cruise detours=0
p4_shelf: xy=(0.97,2.25) yaw=1.98 wp=2/3 fwd=0.91 lin=0.27 ang=0.14 cruise detours=0
p4_shelf: xy=(0.93,2.32) yaw=2.01 wp=2/3 fwd=0.82 lin=0.19 ang=0.55 slow detours=0
p4_shelf: xy=(0.91,2.37) yaw=2.14 wp=3/3 fwd=0.77 lin=0.00 ang=-1.65 turn detours=0
p4_shelf: xy=(0.90,2.39) yaw=1.95 wp=3/3 fwd=0.74 lin=0.00 ang=-1.25 turn detours=0
p4_shelf: xy=(0.89,2.40) yaw=1.60 wp=3/3 fwd=1.02 lin=0.00 ang=-0.49 turn detours=0
p4_shelf: xy=(0.89,2.39) yaw=1.44 wp=3/3 fwd=1.04 lin=0.00 ang=-0.14 turn detours=0

{
  "arrived": true,
  "goal": "shelf",
  "in_zone": true,
  "in_picking_zone": true,
  "in_delivery_base": false,
  "odom_xy": [
    0.894,
    2.395
  ],
  "yaw": 1.428,
  "head_joints": {
    "slide": 0.11606269120430729,
    "head_yaw": 0.0027531569073984984,
    "head_pitch": -0.11630175650770311
  },
  "goal_xy": [
    0.852,
    2.475
  ],
  "route": [
    [
      1.92,
      2.0
    ],
    [
      0.852,
      2.0
    ],
    [
      0.852,
      2.475
    ]
  ],
  "elapsed_s": 77.03,
  "status": "arrived",
  "detours": 0,
  "speed_scale": 8.0,
  "max_lin": 2.4,
  "max_ang": 1.65,
  "stop_dist": 0.432,
  "slow_dist": 0.832,
  "blocked_by_scan": false,
  "log_json": "/workspace/baseline/outputs/p4/shelf_20260903_122701.json",
  "log_txt": "/workspace/baseline/outputs/p4/shelf_20260903_122701.log"
}
p4 log: /workspace/baseline/outputs/p4/shelf_20260903_122701.log
