p4_shelf: start xy=(1.92,-3.17) yaw=1.57 route=[(1.92, 2.0), (0.852, 2.0), (0.852, 2.475)] stop=0.43 slow=0.83 max_lin=2.40 max_ang=1.20
p4_shelf: xy=(1.92,-3.17) yaw=1.57 wp=0/3 fwd=1.43 lin=2.40 ang=0.00 cruise detours=0
p4_shelf: xy=(1.92,-3.15) yaw=1.57 wp=0/3 fwd=1.43 lin=2.40 ang=0.00 cruise detours=0
p4_shelf: xy=(1.92,-3.04) yaw=1.57 wp=0/3 fwd=1.44 lin=2.40 ang=0.00 cruise detours=0
p4_shelf: xy=(1.92,-2.87) yaw=1.57 wp=0/3 fwd=1.44 lin=2.40 ang=0.00 cruise detours=0
p4_shelf: xy=(1.92,-2.62) yaw=1.57 wp=0/3 fwd=1.45 lin=2.40 ang=0.00 cruise detours=0
p4_shelf: xy=(1.92,-2.32) yaw=1.58 wp=0/3 fwd=1.46 lin=2.40 ang=0.00 cruise detours=0
p4_shelf: xy=(1.92,-1.96) yaw=1.58 wp=0/3 fwd=1.47 lin=2.40 ang=0.00 cruise detours=0
p4_shelf: xy=(1.91,-1.55) yaw=1.58 wp=0/3 fwd=1.48 lin=2.40 ang=0.00 cruise detours=0
p4_shelf: xy=(1.91,-1.10) yaw=1.58 wp=0/3 fwd=1.50 lin=2.40 ang=0.00 cruise detours=0
p4_shelf: xy=(1.90,-0.62) yaw=1.58 wp=0/3 fwd=1.53 lin=2.40 ang=0.00 cruise detours=0
p4_shelf: xy=(1.90,-0.10) yaw=1.59 wp=0/3 fwd=1.56 lin=2.29 ang=0.00 cruise detours=0
p4_shelf: xy=(1.89,0.41) yaw=1.59 wp=0/3 fwd=1.59 lin=1.73 ang=0.00 cruise detours=0
p4_shelf: xy=(1.88,0.83) yaw=1.59 wp=0/3 fwd=1.60 lin=1.28 ang=-0.11 cruise detours=0
p4_shelf: xy=(1.88,1.14) yaw=1.57 wp=0/3 fwd=1.55 lin=0.94 ang=0.00 cruise detours=0
p4_shelf: xy=(1.88,1.37) yaw=1.56 wp=0/3 fwd=1.49 lin=0.69 ang=-0.11 cruise detours=0
p4_shelf: xy=(1.88,1.56) yaw=1.54 wp=0/3 fwd=1.42 lin=0.48 ang=-0.12 cruise detours=0
p4_shelf: xy=(1.89,1.68) yaw=1.52 wp=0/3 fwd=1.34 lin=0.35 ang=0.00 cruise detours=0
p4_shelf: xy=(1.89,1.78) yaw=1.50 wp=0/3 fwd=1.28 lin=0.25 ang=0.00 cruise detours=0
p4_shelf: xy=(1.90,1.84) yaw=1.49 wp=0/3 fwd=1.22 lin=0.18 ang=0.00 cruise detours=0
p4_shelf: xy=(1.90,1.89) yaw=1.47 wp=1/3 fwd=1.17 lin=0.00 ang=1.20 turn detours=0
p4_shelf: xy=(1.90,1.91) yaw=1.63 wp=1/3 fwd=1.18 lin=0.00 ang=1.20 turn detours=0
p4_shelf: xy=(1.90,1.91) yaw=1.91 wp=1/3 fwd=1.24 lin=0.00 ang=1.20 turn detours=0
p4_shelf: xy=(1.90,1.91) yaw=2.25 wp=1/3 fwd=1.24 lin=0.00 ang=1.20 turn detours=0
p4_shelf: xy=(1.90,1.91) yaw=2.58 wp=1/3 fwd=1.77 lin=0.00 ang=1.05 turn detours=0
p4_shelf: xy=(1.90,1.91) yaw=2.80 wp=1/3 fwd=1.77 lin=0.00 ang=0.56 turn detours=0
p4_shelf: xy=(1.91,1.91) yaw=2.92 wp=1/3 fwd=1.28 lin=0.00 ang=0.29 turn detours=0
p4_shelf: xy=(1.91,1.91) yaw=3.00 wp=1/3 fwd=1.26 lin=0.00 ang=0.12 turn detours=0
p4_shelf: xy=(1.89,1.91) yaw=3.03 wp=1/3 fwd=1.23 lin=1.13 ang=0.00 cruise detours=0
p4_shelf: xy=(1.80,1.92) yaw=3.09 wp=1/3 fwd=1.16 lin=1.04 ang=0.00 cruise detours=0
p4_shelf: xy=(1.67,1.92) yaw=3.14 wp=1/3 fwd=1.04 lin=0.89 ang=-0.21 cruise detours=0
p4_shelf: xy=(1.48,1.92) yaw=3.11 wp=1/3 fwd=0.85 lin=0.68 ang=-0.21 cruise detours=0
p4_shelf: xy=(1.34,1.93) yaw=3.03 wp=1/3 fwd=2.79 lin=0.54 ang=0.00 cruise detours=0
p4_shelf: xy=(1.22,1.94) yaw=3.00 wp=1/3 fwd=2.66 lin=0.40 ang=0.00 cruise detours=0
p4_shelf: xy=(1.13,1.96) yaw=2.99 wp=1/3 fwd=2.58 lin=0.30 ang=0.00 cruise detours=0
p4_shelf: xy=(1.05,1.97) yaw=2.99 wp=1/3 fwd=2.50 lin=0.22 ang=0.00 cruise detours=0
p4_shelf: xy=(1.00,1.98) yaw=2.99 wp=1/3 fwd=2.47 lin=0.17 ang=0.00 cruise detours=0
p4_shelf: xy=(0.96,1.98) yaw=2.99 wp=2/3 fwd=2.42 lin=0.00 ang=-1.20 turn detours=0
p4_shelf: xy=(0.95,1.98) yaw=2.87 wp=2/3 fwd=2.40 lin=0.00 ang=-1.20 turn detours=0
p4_shelf: xy=(0.95,1.99) yaw=2.54 wp=2/3 fwd=1.65 lin=0.00 ang=-1.20 turn detours=0
p4_shelf: xy=(0.95,1.99) yaw=2.20 wp=2/3 fwd=1.14 lin=0.00 ang=-0.96 turn detours=0
p4_shelf: xy=(0.95,1.99) yaw=1.95 wp=2/3 fwd=1.14 lin=0.00 ang=-0.41 turn detours=0
p4_shelf: xy=(0.95,1.99) yaw=1.84 wp=2/3 fwd=1.14 lin=0.00 ang=-0.16 turn detours=0
p4_shelf: xy=(0.94,2.00) yaw=1.80 wp=2/3 fwd=1.12 lin=0.52 ang=0.00 cruise detours=0
p4_shelf: xy=(0.92,2.10) yaw=1.80 wp=2/3 fwd=1.03 lin=0.41 ang=0.00 cruise detours=0
p4_shelf: xy=(0.90,2.21) yaw=1.79 wp=2/3 fwd=0.92 lin=0.30 ang=-0.12 cruise detours=0
p4_shelf: xy=(0.88,2.29) yaw=1.77 wp=2/3 fwd=0.84 lin=0.21 ang=-0.11 cruise detours=0
p4_shelf: xy=(0.87,2.34) yaw=1.75 wp=2/3 fwd=0.78 lin=0.13 ang=0.00 slow detours=0
p4_shelf: xy=(0.86,2.37) yaw=1.68 wp=3/3 fwd=0.76 lin=0.00 ang=-0.66 turn detours=0
p4_shelf: xy=(0.86,2.37) yaw=1.52 wp=3/3 fwd=1.04 lin=0.00 ang=-0.31 turn detours=0
p4_shelf: xy=(0.86,2.37) yaw=1.44 wp=3/3 fwd=1.07 lin=0.00 ang=-0.12 turn detours=0

{
  "arrived": true,
  "goal": "shelf",
  "in_zone": true,
  "in_picking_zone": true,
  "in_delivery_base": false,
  "odom_xy": [
    0.865,
    2.375
  ],
  "yaw": 1.428,
  "head_joints": {
    "slide": 0.11606262381003889,
    "head_yaw": 0.003042238788702178,
    "head_pitch": -0.11630153380268665
  },
  "goal_xy": [
    0.852,
    2.475
  ],
  "route": [
    [
      1.92,
      2.0
    ],
    [
      0.852,
      2.0
    ],
    [
      0.852,
      2.475
    ]
  ],
  "elapsed_s": 101.03,
  "status": "arrived",
  "detours": 0,
  "speed_scale": 8.0,
  "max_lin": 2.4,
  "max_ang": 1.2,
  "stop_dist": 0.432,
  "slow_dist": 0.832,
  "blocked_by_scan": false,
  "log_json": "/workspace/baseline/outputs/p4/shelf_20260901_122143.json",
  "log_txt": "/workspace/baseline/outputs/p4/shelf_20260901_122143.log"
}
p4 log: /workspace/baseline/outputs/p4/shelf_20260901_122143.log
