p4_shelf: start xy=(1.92,-3.17) yaw=1.57 route=[(1.92, 2.32), (0.852, 2.32), (0.852, 2.475)] stop=0.43 slow=0.83 max_lin=2.40 max_ang=1.65
p4_shelf: xy=(1.92,-3.17) yaw=1.57 wp=0/3 fwd=1.43 lin=2.40 ang=0.00 cruise detours=0
p4_shelf: xy=(1.92,-3.13) yaw=1.57 wp=0/3 fwd=1.43 lin=2.40 ang=0.00 cruise detours=0
p4_shelf: xy=(1.92,-3.02) yaw=1.57 wp=0/3 fwd=1.44 lin=2.39 ang=0.00 cruise detours=0
p4_shelf: xy=(1.92,-2.83) yaw=1.57 wp=0/3 fwd=1.44 lin=2.39 ang=0.00 cruise detours=0
p4_shelf: xy=(1.92,-2.58) yaw=1.57 wp=0/3 fwd=1.45 lin=2.38 ang=0.00 cruise detours=0
p4_shelf: xy=(1.92,-2.26) yaw=1.58 wp=0/3 fwd=1.46 lin=2.37 ang=0.00 cruise detours=0
p4_shelf: xy=(1.92,-1.90) yaw=1.58 wp=0/3 fwd=1.47 lin=2.35 ang=0.00 cruise detours=0
p4_shelf: xy=(1.91,-1.55) yaw=1.58 wp=0/3 fwd=1.49 lin=2.34 ang=0.00 cruise detours=0
p4_shelf: xy=(1.91,-1.10) yaw=1.58 wp=0/3 fwd=1.50 lin=2.32 ang=0.00 cruise detours=0
p4_shelf: xy=(1.90,-0.66) yaw=1.58 wp=0/3 fwd=1.53 lin=2.29 ang=0.00 cruise detours=0
p4_shelf: xy=(1.90,-0.19) yaw=1.59 wp=0/3 fwd=1.55 lin=2.25 ang=0.00 cruise detours=0
p4_shelf: xy=(1.89,0.34) yaw=1.59 wp=0/3 fwd=1.57 lin=1.99 ang=0.00 cruise detours=0
p4_shelf: xy=(1.88,0.80) yaw=1.59 wp=0/3 fwd=1.59 lin=1.49 ang=0.00 cruise detours=0
p4_shelf: xy=(1.88,1.16) yaw=1.58 wp=0/3 fwd=1.61 lin=1.10 ang=-0.11 cruise detours=0
p4_shelf: xy=(1.87,1.43) yaw=1.57 wp=0/3 fwd=1.55 lin=0.85 ang=0.00 cruise detours=0
p4_shelf: xy=(1.88,1.64) yaw=1.55 wp=0/3 fwd=1.44 lin=0.66 ang=0.00 cruise detours=0
p4_shelf: xy=(1.88,1.80) yaw=1.54 wp=0/3 fwd=1.30 lin=0.50 ang=-0.11 cruise detours=0
p4_shelf: xy=(1.88,1.90) yaw=1.53 wp=0/3 fwd=1.20 lin=0.40 ang=-0.11 cruise detours=0
p4_shelf: xy=(1.89,2.00) yaw=1.52 wp=0/3 fwd=1.10 lin=0.31 ang=-0.11 cruise detours=0
p4_shelf: xy=(1.89,2.06) yaw=1.51 wp=0/3 fwd=1.04 lin=0.25 ang=0.00 cruise detours=0
p4_shelf: xy=(1.90,2.13) yaw=1.49 wp=0/3 fwd=0.97 lin=0.18 ang=0.00 cruise detours=0
p4_shelf: xy=(1.90,2.18) yaw=1.48 wp=0/3 fwd=0.92 lin=0.14 ang=0.00 cruise detours=0
p4_shelf: xy=(1.90,2.21) yaw=1.47 wp=0/3 fwd=0.89 lin=0.10 ang=-0.11 cruise detours=0
p4_shelf: xy=(1.91,2.24) yaw=1.45 wp=1/3 fwd=0.86 lin=0.00 ang=1.65 turn detours=0
p4_shelf: xy=(1.91,2.25) yaw=1.74 wp=1/3 fwd=1.20 lin=0.00 ang=1.65 turn detours=0
p4_shelf: xy=(1.91,2.25) yaw=2.14 wp=1/3 fwd=0.93 lin=0.00 ang=1.65 turn detours=0
p4_shelf: xy=(1.91,2.25) yaw=2.54 wp=1/3 fwd=1.56 lin=0.00 ang=1.32 turn detours=0
p4_shelf: xy=(1.91,2.25) yaw=2.85 wp=1/3 fwd=1.57 lin=0.00 ang=0.63 turn detours=0
p4_shelf: xy=(1.90,2.25) yaw=3.01 wp=1/3 fwd=2.35 lin=0.74 ang=0.13 cruise detours=0
p4_shelf: xy=(1.83,2.26) yaw=3.14 wp=1/3 fwd=2.30 lin=1.05 ang=-0.15 cruise detours=0
p4_shelf: xy=(1.68,2.25) yaw=-3.06 wp=1/3 fwd=1.18 lin=0.71 ang=-0.37 cruise detours=0
p4_shelf: xy=(1.50,2.24) yaw=-3.12 wp=1/3 fwd=2.81 lin=0.68 ang=-0.26 cruise detours=0
p4_shelf: xy=(1.36,2.24) yaw=3.11 wp=1/3 fwd=2.69 lin=0.51 ang=-0.13 cruise detours=0
p4_shelf: xy=(1.24,2.25) yaw=3.08 wp=2/3 fwd=2.57 lin=0.00 ang=-1.65 turn detours=0
p4_shelf: xy=(1.17,2.25) yaw=2.96 wp=2/3 fwd=1.69 lin=0.00 ang=-1.65 turn detours=0
p4_shelf: xy=(1.15,2.26) yaw=2.67 wp=2/3 fwd=1.66 lin=0.00 ang=-1.65 turn detours=0
p4_shelf: xy=(1.15,2.26) yaw=2.25 wp=2/3 fwd=0.99 lin=0.00 ang=-1.50 turn detours=0
p4_shelf: xy=(1.15,2.26) yaw=1.89 wp=2/3 fwd=0.99 lin=0.00 ang=-0.70 turn detours=0
p4_shelf: xy=(1.15,2.27) yaw=1.73 wp=2/3 fwd=1.09 lin=0.23 ang=0.13 cruise detours=0
p4_shelf: xy=(1.14,2.32) yaw=1.74 wp=2/3 fwd=1.05 lin=0.20 ang=0.12 cruise detours=0
p4_shelf: xy=(1.13,2.37) yaw=1.75 wp=2/3 fwd=1.04 lin=0.17 ang=0.00 cruise detours=0
p4_shelf: xy=(1.12,2.41) yaw=1.75 wp=2/3 fwd=1.12 lin=0.16 ang=0.00 cruise detours=0
p4_shelf: xy=(1.12,2.45) yaw=1.86 wp=2/3 fwd=1.07 lin=0.00 ang=1.65 turn detours=0
p4_shelf: xy=(1.11,2.45) yaw=2.17 wp=2/3 fwd=0.81 lin=0.00 ang=1.65 turn detours=0
p4_shelf: xy=(1.11,2.45) yaw=2.48 wp=2/3 fwd=0.82 lin=0.00 ang=1.27 turn detours=0
p4_shelf: xy=(1.12,2.45) yaw=2.83 wp=2/3 fwd=1.54 lin=0.11 ang=0.52 cruise detours=0
p4_shelf: xy=(1.09,2.46) yaw=2.97 wp=2/3 fwd=1.52 lin=0.20 ang=0.22 cruise detours=0
p4_shelf: xy=(1.05,2.46) yaw=3.03 wp=2/3 fwd=1.49 lin=0.19 ang=0.12 cruise detours=0
p4_shelf: xy=(1.01,2.47) yaw=3.06 wp=2/3 fwd=1.46 lin=0.15 ang=0.00 cruise detours=0
p4_shelf: xy=(0.97,2.47) yaw=3.06 wp=2/3 fwd=2.24 lin=0.11 ang=0.11 cruise detours=0
p4_shelf: xy=(0.95,2.47) yaw=2.88 wp=3/3 fwd=1.39 lin=0.00 ang=-1.65 turn detours=0
p4_shelf: xy=(0.95,2.48) yaw=2.49 wp=3/3 fwd=0.73 lin=0.00 ang=-1.65 turn detours=0
p4_shelf: xy=(0.95,2.47) yaw=2.02 wp=3/3 fwd=0.70 lin=0.00 ang=-1.41 turn detours=0
p4_shelf: xy=(0.95,2.47) yaw=1.69 wp=3/3 fwd=0.97 lin=0.00 ang=-0.69 turn detours=0
p4_shelf: xy=(0.95,2.47) yaw=1.50 wp=3/3 fwd=0.95 lin=0.00 ang=-0.26 turn detours=0
p4_shelf: xy=(0.95,2.47) yaw=1.43 wp=3/3 fwd=0.95 lin=0.00 ang=-0.11 turn detours=0

{
  "arrived": true,
  "goal": "shelf",
  "in_zone": true,
  "in_picking_zone": true,
  "in_delivery_base": false,
  "odom_xy": [
    0.95,
    2.472
  ],
  "yaw": 1.424,
  "head_joints": {
    "slide": 0.1160628061786724,
    "head_yaw": 0.0031223711209770947,
    "head_pitch": -0.11630522848795516
  },
  "goal_xy": [
    0.852,
    2.475
  ],
  "route": [
    [
      1.92,
      2.32
    ],
    [
      0.852,
      2.32
    ],
    [
      0.852,
      2.475
    ]
  ],
  "elapsed_s": 113.43,
  "status": "arrived",
  "detours": 0,
  "speed_scale": 8.0,
  "max_lin": 2.4,
  "max_ang": 1.65,
  "stop_dist": 0.432,
  "slow_dist": 0.832,
  "blocked_by_scan": false,
  "log_json": "/workspace/baseline/outputs/p4/shelf_20260903_125526.json",
  "log_txt": "/workspace/baseline/outputs/p4/shelf_20260903_125526.log"
}
p4 log: /workspace/baseline/outputs/p4/shelf_20260903_125526.log
