p4_shelf: start xy=(1.92,-3.17) yaw=1.57 route=[(1.92, 2.0), (0.852, 2.0), (0.852, 2.475)] stop=0.43 slow=0.83 max_lin=2.40 max_ang=1.20
p4_shelf: xy=(1.92,-3.17) yaw=1.57 wp=0/3 fwd=1.43 lin=2.40 ang=0.00 cruise detours=0
p4_shelf: xy=(1.92,-3.13) yaw=1.57 wp=0/3 fwd=1.43 lin=2.40 ang=0.00 cruise detours=0
p4_shelf: xy=(1.92,-3.02) yaw=1.57 wp=0/3 fwd=1.44 lin=2.40 ang=0.00 cruise detours=0
p4_shelf: xy=(1.92,-2.83) yaw=1.57 wp=0/3 fwd=1.44 lin=2.40 ang=0.00 cruise detours=0
p4_shelf: xy=(1.92,-2.58) yaw=1.57 wp=0/3 fwd=1.45 lin=2.40 ang=0.00 cruise detours=0
p4_shelf: xy=(1.92,-2.26) yaw=1.58 wp=0/3 fwd=1.46 lin=2.40 ang=0.00 cruise detours=0
p4_shelf: xy=(1.92,-1.90) yaw=1.58 wp=0/3 fwd=1.47 lin=2.40 ang=0.00 cruise detours=0
p4_shelf: xy=(1.91,-1.48) yaw=1.58 wp=0/3 fwd=1.49 lin=2.40 ang=0.00 cruise detours=0
p4_shelf: xy=(1.91,-1.09) yaw=1.58 wp=0/3 fwd=1.51 lin=2.40 ang=0.00 cruise detours=0
p4_shelf: xy=(1.90,-0.62) yaw=1.58 wp=0/3 fwd=1.53 lin=2.40 ang=0.00 cruise detours=0
p4_shelf: xy=(1.90,-0.10) yaw=1.59 wp=0/3 fwd=1.56 lin=2.29 ang=0.00 cruise detours=0
p4_shelf: xy=(1.89,0.41) yaw=1.59 wp=0/3 fwd=1.59 lin=1.73 ang=0.00 cruise detours=0
p4_shelf: xy=(1.88,0.83) yaw=1.59 wp=0/3 fwd=1.61 lin=1.28 ang=-0.11 cruise detours=0
p4_shelf: xy=(1.88,1.14) yaw=1.57 wp=0/3 fwd=1.55 lin=0.94 ang=0.00 cruise detours=0
p4_shelf: xy=(1.88,1.40) yaw=1.55 wp=0/3 fwd=1.48 lin=0.66 ang=-0.11 cruise detours=0
p4_shelf: xy=(1.88,1.56) yaw=1.54 wp=0/3 fwd=1.42 lin=0.48 ang=-0.11 cruise detours=0
p4_shelf: xy=(1.89,1.67) yaw=1.54 wp=1/3 fwd=1.39 lin=0.00 ang=1.20 turn detours=0
p4_shelf: xy=(1.89,1.70) yaw=1.70 wp=1/3 fwd=1.39 lin=0.00 ang=1.20 turn detours=0
p4_shelf: xy=(1.89,1.71) yaw=1.98 wp=1/3 fwd=1.42 lin=0.00 ang=1.20 turn detours=0
p4_shelf: xy=(1.89,1.71) yaw=2.32 wp=1/3 fwd=1.43 lin=0.00 ang=1.20 turn detours=0
p4_shelf: xy=(1.89,1.71) yaw=2.55 wp=1/3 fwd=1.89 lin=1.06 ang=0.70 cruise detours=0
p4_shelf: xy=(1.86,1.72) yaw=2.72 wp=1/3 fwd=2.55 lin=1.12 ang=0.32 cruise detours=0
p4_shelf: xy=(1.77,1.75) yaw=2.94 wp=1/3 fwd=1.12 lin=1.04 ang=-0.15 cruise detours=0
p4_shelf: xy=(1.63,1.76) yaw=3.12 wp=1/3 fwd=0.96 lin=0.82 ang=-0.61 cruise detours=0
p4_shelf: xy=(1.44,1.77) yaw=3.04 wp=1/3 fwd=0.79 lin=0.57 ang=-0.94 slow detours=0
p4_shelf: xy=(1.31,1.79) yaw=2.83 wp=1/3 fwd=2.11 lin=0.54 ang=-0.25 cruise detours=0
p4_shelf: xy=(1.21,1.83) yaw=2.76 wp=1/3 fwd=1.99 lin=0.44 ang=-0.12 cruise detours=0
p4_shelf: xy=(1.14,1.86) yaw=2.67 wp=2/3 fwd=1.90 lin=0.00 ang=-1.20 turn detours=0
p4_shelf: xy=(1.13,1.87) yaw=2.43 wp=2/3 fwd=1.87 lin=0.00 ang=-0.95 turn detours=0
p4_shelf: xy=(1.12,1.88) yaw=2.20 wp=2/3 fwd=1.31 lin=0.68 ang=-0.46 cruise detours=0
p4_shelf: xy=(1.08,1.94) yaw=1.98 wp=2/3 fwd=1.24 lin=0.63 ang=0.00 cruise detours=0
p4_shelf: xy=(1.04,2.07) yaw=1.91 wp=2/3 fwd=1.10 lin=0.48 ang=0.21 cruise detours=0
p4_shelf: xy=(0.99,2.19) yaw=1.95 wp=2/3 fwd=0.97 lin=0.34 ang=0.17 cruise detours=0
p4_shelf: xy=(0.96,2.27) yaw=1.99 wp=2/3 fwd=0.89 lin=0.25 ang=0.12 cruise detours=0
p4_shelf: xy=(0.93,2.33) yaw=2.02 wp=2/3 fwd=0.81 lin=0.17 ang=0.35 slow detours=0
p4_shelf: xy=(0.91,2.36) yaw=2.04 wp=2/3 fwd=0.78 lin=0.12 ang=0.00 slow detours=0
p4_shelf: xy=(0.90,2.38) yaw=2.00 wp=3/3 fwd=0.76 lin=0.00 ang=-1.20 turn detours=0
p4_shelf: xy=(0.90,2.39) yaw=1.77 wp=3/3 fwd=0.75 lin=0.00 ang=-0.86 turn detours=0
p4_shelf: xy=(0.90,2.39) yaw=1.58 wp=3/3 fwd=1.03 lin=0.00 ang=-0.45 turn detours=0
p4_shelf: xy=(0.90,2.39) yaw=1.47 wp=3/3 fwd=1.04 lin=0.00 ang=-0.20 turn detours=0

{
  "arrived": true,
  "goal": "shelf",
  "in_zone": true,
  "in_picking_zone": true,
  "in_delivery_base": false,
  "odom_xy": [
    0.901,
    2.391
  ],
  "yaw": 1.423,
  "head_joints": {
    "slide": 0.11606267479414292,
    "head_yaw": 0.00300441144994347,
    "head_pitch": -0.11630473501384211
  },
  "goal_xy": [
    0.852,
    2.475
  ],
  "route": [
    [
      1.92,
      2.0
    ],
    [
      0.852,
      2.0
    ],
    [
      0.852,
      2.475
    ]
  ],
  "elapsed_s": 82.36,
  "status": "arrived",
  "detours": 0,
  "speed_scale": 8.0,
  "max_lin": 2.4,
  "max_ang": 1.2,
  "stop_dist": 0.432,
  "slow_dist": 0.832,
  "blocked_by_scan": false,
  "log_json": "/workspace/baseline/outputs/p4/shelf_20260903_120654.json",
  "log_txt": "/workspace/baseline/outputs/p4/shelf_20260903_120654.log"
}
p4 log: /workspace/baseline/outputs/p4/shelf_20260903_120654.log
