p4_shelf: start xy=(1.92,-3.17) yaw=1.57 route=[(1.92, 2.32), (0.852, 2.32), (0.852, 2.475)] stop=0.43 slow=0.83 max_lin=2.40 max_ang=1.65
p4_shelf: xy=(1.92,-3.17) yaw=1.57 wp=0/3 fwd=1.43 lin=2.40 ang=0.00 cruise detours=0
p4_shelf: xy=(1.92,-3.13) yaw=1.57 wp=0/3 fwd=1.43 lin=2.40 ang=0.00 cruise detours=0
p4_shelf: xy=(1.92,-3.02) yaw=1.57 wp=0/3 fwd=1.44 lin=2.39 ang=0.00 cruise detours=0
p4_shelf: xy=(1.92,-2.83) yaw=1.57 wp=0/3 fwd=1.44 lin=2.39 ang=0.00 cruise detours=0
p4_shelf: xy=(1.92,-2.58) yaw=1.57 wp=0/3 fwd=1.45 lin=2.38 ang=0.00 cruise detours=0
p4_shelf: xy=(1.92,-2.22) yaw=1.58 wp=0/3 fwd=1.46 lin=2.36 ang=0.00 cruise detours=0
p4_shelf: xy=(1.92,-1.83) yaw=1.58 wp=0/3 fwd=1.47 lin=2.35 ang=0.00 cruise detours=0
p4_shelf: xy=(1.91,-1.41) yaw=1.58 wp=0/3 fwd=1.49 lin=2.33 ang=0.00 cruise detours=0
p4_shelf: xy=(1.91,-0.95) yaw=1.58 wp=0/3 fwd=1.51 lin=2.31 ang=0.00 cruise detours=0
p4_shelf: xy=(1.90,-0.46) yaw=1.58 wp=0/3 fwd=1.54 lin=2.27 ang=0.00 cruise detours=0
p4_shelf: xy=(1.89,0.07) yaw=1.59 wp=0/3 fwd=1.56 lin=2.24 ang=0.00 cruise detours=0
p4_shelf: xy=(1.89,0.57) yaw=1.59 wp=0/3 fwd=1.58 lin=1.74 ang=0.00 cruise detours=0
p4_shelf: xy=(1.88,0.99) yaw=1.59 wp=0/3 fwd=1.60 lin=1.28 ang=0.00 cruise detours=0
p4_shelf: xy=(1.87,1.30) yaw=1.58 wp=0/3 fwd=1.59 lin=0.96 ang=-0.08 cruise detours=0
p4_shelf: xy=(1.87,1.57) yaw=1.56 wp=0/3 fwd=1.51 lin=0.72 ang=0.00 cruise detours=0
p4_shelf: xy=(1.88,1.74) yaw=1.55 wp=0/3 fwd=1.36 lin=0.55 ang=-0.08 cruise detours=0
p4_shelf: xy=(1.88,1.89) yaw=1.53 wp=0/3 fwd=1.21 lin=0.40 ang=-0.07 cruise detours=0
p4_shelf: xy=(1.89,1.99) yaw=1.52 wp=0/3 fwd=1.11 lin=0.31 ang=0.00 cruise detours=0
p4_shelf: xy=(1.89,2.07) yaw=1.51 wp=0/3 fwd=1.02 lin=0.24 ang=-0.08 cruise detours=0
p4_shelf: xy=(1.90,2.14) yaw=1.49 wp=0/3 fwd=0.96 lin=0.18 ang=-0.07 cruise detours=0
p4_shelf: xy=(1.90,2.18) yaw=1.50 wp=0/3 fwd=0.91 lin=0.12 ang=-0.11 cruise detours=0
p4_shelf: xy=(1.90,2.22) yaw=1.49 wp=0/3 fwd=0.88 lin=0.09 ang=0.22 cruise detours=0
p4_shelf: xy=(1.90,2.24) yaw=1.49 wp=1/3 fwd=0.86 lin=0.00 ang=1.65 turn detours=0
p4_shelf: xy=(1.90,2.25) yaw=1.78 wp=1/3 fwd=0.93 lin=0.00 ang=1.65 turn detours=0
p4_shelf: xy=(1.90,2.25) yaw=2.24 wp=1/3 fwd=0.93 lin=0.00 ang=1.31 turn detours=0
p4_shelf: xy=(1.90,2.25) yaw=2.56 wp=1/3 fwd=1.55 lin=0.00 ang=0.85 turn detours=0
p4_shelf: xy=(1.91,2.25) yaw=2.77 wp=1/3 fwd=1.56 lin=0.00 ang=0.55 turn detours=0
p4_shelf: xy=(1.90,2.25) yaw=2.89 wp=1/3 fwd=1.56 lin=0.39 ang=0.25 cruise detours=0
p4_shelf: xy=(1.84,2.26) yaw=3.04 wp=1/3 fwd=2.29 lin=0.79 ang=0.00 cruise detours=0
p4_shelf: xy=(1.71,2.26) yaw=-3.07 wp=1/3 fwd=3.01 lin=0.76 ang=-0.20 cruise detours=0
p4_shelf: xy=(1.55,2.25) yaw=-3.05 wp=1/3 fwd=3.42 lin=0.59 ang=-0.26 cruise detours=0
p4_shelf: xy=(1.41,2.24) yaw=-3.11 wp=1/3 fwd=2.74 lin=0.56 ang=-0.19 cruise detours=0
p4_shelf: xy=(1.30,2.24) yaw=3.14 wp=1/3 fwd=2.61 lin=0.49 ang=-0.14 cruise detours=0
p4_shelf: xy=(1.19,2.24) yaw=3.10 wp=2/3 fwd=2.52 lin=0.00 ang=-1.65 turn detours=0
p4_shelf: xy=(1.12,2.25) yaw=2.96 wp=2/3 fwd=2.46 lin=0.00 ang=-1.65 turn detours=0
p4_shelf: xy=(1.11,2.25) yaw=2.61 wp=2/3 fwd=1.63 lin=0.00 ang=-1.51 turn detours=0
p4_shelf: xy=(1.11,2.25) yaw=2.23 wp=2/3 fwd=0.97 lin=0.00 ang=-0.96 turn detours=0
p4_shelf: xy=(1.11,2.25) yaw=1.98 wp=2/3 fwd=0.97 lin=0.00 ang=-0.60 turn detours=0
p4_shelf: xy=(1.11,2.25) yaw=1.82 wp=2/3 fwd=0.98 lin=0.13 ang=-0.19 cruise detours=0
p4_shelf: xy=(1.10,2.28) yaw=1.76 wp=2/3 fwd=1.21 lin=0.18 ang=-0.10 cruise detours=0
p4_shelf: xy=(1.09,2.33) yaw=1.73 wp=2/3 fwd=1.17 lin=0.18 ang=0.00 cruise detours=0
p4_shelf: xy=(1.09,2.37) yaw=1.73 wp=2/3 fwd=1.13 lin=0.16 ang=0.00 cruise detours=0
p4_shelf: xy=(1.08,2.42) yaw=1.75 wp=2/3 fwd=1.08 lin=0.14 ang=0.26 cruise detours=0
p4_shelf: xy=(1.07,2.44) yaw=1.92 wp=2/3 fwd=0.80 lin=0.00 ang=1.57 turn detours=0
p4_shelf: xy=(1.07,2.45) yaw=2.29 wp=2/3 fwd=0.79 lin=0.00 ang=1.06 turn detours=0
p4_shelf: xy=(1.07,2.45) yaw=2.55 wp=2/3 fwd=0.80 lin=0.00 ang=0.68 turn detours=0
p4_shelf: xy=(1.07,2.45) yaw=2.74 wp=2/3 fwd=1.50 lin=0.06 ang=0.41 cruise detours=0
p4_shelf: xy=(1.06,2.45) yaw=2.84 wp=2/3 fwd=1.49 lin=0.12 ang=0.27 cruise detours=0
p4_shelf: xy=(1.04,2.46) yaw=2.91 wp=2/3 fwd=1.47 lin=0.13 ang=0.20 cruise detours=0
p4_shelf: xy=(1.01,2.46) yaw=2.97 wp=2/3 fwd=1.44 lin=0.12 ang=0.16 cruise detours=0
p4_shelf: xy=(0.98,2.47) yaw=3.01 wp=2/3 fwd=1.42 lin=0.11 ang=0.13 cruise detours=0
p4_shelf: xy=(0.96,2.47) yaw=2.89 wp=3/3 fwd=1.39 lin=0.00 ang=-1.65 turn detours=0
p4_shelf: xy=(0.95,2.47) yaw=2.48 wp=3/3 fwd=0.72 lin=0.00 ang=-1.60 turn detours=0
p4_shelf: xy=(0.95,2.47) yaw=2.11 wp=3/3 fwd=0.70 lin=0.00 ang=-1.06 turn detours=0
p4_shelf: xy=(0.95,2.47) yaw=1.82 wp=3/3 fwd=0.71 lin=0.00 ang=-0.64 turn detours=0
p4_shelf: xy=(0.95,2.47) yaw=1.64 wp=3/3 fwd=0.98 lin=0.00 ang=-0.38 turn detours=0
p4_shelf: xy=(0.95,2.47) yaw=1.54 wp=3/3 fwd=0.95 lin=0.00 ang=-0.23 turn detours=0
p4_shelf: xy=(0.95,2.47) yaw=1.47 wp=3/3 fwd=0.94 lin=0.00 ang=-0.14 turn detours=0
p4_shelf: xy=(0.95,2.47) yaw=1.44 wp=3/3 fwd=0.94 lin=0.00 ang=-0.08 turn detours=0

{
  "arrived": true,
  "goal": "shelf",
  "in_zone": true,
  "in_picking_zone": true,
  "in_delivery_base": false,
  "odom_xy": [
    0.954,
    2.472
  ],
  "yaw": 1.428,
  "head_joints": {
    "slide": 0.11606277132941294,
    "head_yaw": 0.0013559617192483934,
    "head_pitch": -0.11629798307098095
  },
  "goal_xy": [
    0.852,
    2.475
  ],
  "route": [
    [
      1.92,
      2.32
    ],
    [
      0.852,
      2.32
    ],
    [
      0.852,
      2.475
    ]
  ],
  "elapsed_s": 120.0,
  "status": "arrived",
  "detours": 0,
  "speed_scale": 8.0,
  "max_lin": 2.4,
  "max_ang": 1.65,
  "stop_dist": 0.432,
  "slow_dist": 0.832,
  "blocked_by_scan": false,
  "log_json": "/workspace/baseline/outputs/p4/shelf_20260904_093502.json",
  "log_txt": "/workspace/baseline/outputs/p4/shelf_20260904_093502.log"
}
p4 log: /workspace/baseline/outputs/p4/shelf_20260904_093502.log
