p4_shelf: start xy=(1.92,-3.17) yaw=1.57 route=[(1.92, 2.32), (0.852, 2.32), (0.852, 2.475)] stop=0.43 slow=0.83 max_lin=2.40 max_ang=1.65
p4_shelf: xy=(1.92,-3.17) yaw=1.57 wp=0/3 fwd=1.43 lin=2.40 ang=0.00 cruise detours=0
p4_shelf: xy=(1.92,-3.12) yaw=1.57 wp=0/3 fwd=1.43 lin=2.40 ang=0.00 cruise detours=0
p4_shelf: xy=(1.92,-2.93) yaw=1.57 wp=0/3 fwd=1.44 lin=2.39 ang=0.00 cruise detours=0
p4_shelf: xy=(1.92,-2.76) yaw=1.57 wp=0/3 fwd=1.44 lin=2.38 ang=0.00 cruise detours=0
p4_shelf: xy=(1.92,-2.48) yaw=1.57 wp=0/3 fwd=1.45 lin=2.37 ang=0.00 cruise detours=0
p4_shelf: xy=(1.92,-2.15) yaw=1.58 wp=0/3 fwd=1.46 lin=2.36 ang=0.00 cruise detours=0
p4_shelf: xy=(1.91,-1.77) yaw=1.58 wp=0/3 fwd=1.47 lin=2.35 ang=0.00 cruise detours=0
p4_shelf: xy=(1.91,-1.41) yaw=1.58 wp=0/3 fwd=1.49 lin=2.33 ang=0.00 cruise detours=0
p4_shelf: xy=(1.91,-1.03) yaw=1.58 wp=0/3 fwd=1.51 lin=2.31 ang=0.00 cruise detours=0
p4_shelf: xy=(1.90,-0.54) yaw=1.58 wp=0/3 fwd=1.53 lin=2.28 ang=0.00 cruise detours=0
p4_shelf: xy=(1.89,-0.02) yaw=1.59 wp=0/3 fwd=1.56 lin=2.24 ang=0.00 cruise detours=0
p4_shelf: xy=(1.89,0.50) yaw=1.59 wp=0/3 fwd=1.58 lin=1.82 ang=0.00 cruise detours=0
p4_shelf: xy=(1.88,0.93) yaw=1.59 wp=0/3 fwd=1.60 lin=1.35 ang=0.00 cruise detours=0
p4_shelf: xy=(1.87,1.30) yaw=1.58 wp=0/3 fwd=1.59 lin=0.96 ang=-0.08 cruise detours=0
p4_shelf: xy=(1.87,1.57) yaw=1.56 wp=0/3 fwd=1.51 lin=0.72 ang=0.00 cruise detours=0
p4_shelf: xy=(1.88,1.77) yaw=1.55 wp=0/3 fwd=1.33 lin=0.53 ang=-0.07 cruise detours=0
p4_shelf: xy=(1.88,1.92) yaw=1.53 wp=0/3 fwd=1.19 lin=0.38 ang=-0.07 cruise detours=0
p4_shelf: xy=(1.89,2.03) yaw=1.51 wp=0/3 fwd=1.06 lin=0.28 ang=-0.07 cruise detours=0
p4_shelf: xy=(1.89,2.11) yaw=1.50 wp=0/3 fwd=0.99 lin=0.20 ang=-0.07 cruise detours=0
p4_shelf: xy=(1.90,2.17) yaw=1.48 wp=0/3 fwd=0.93 lin=0.15 ang=-0.07 cruise detours=0
p4_shelf: xy=(1.90,2.21) yaw=1.46 wp=0/3 fwd=0.89 lin=0.11 ang=0.00 cruise detours=0
p4_shelf: xy=(1.91,2.24) yaw=1.45 wp=1/3 fwd=0.85 lin=0.00 ang=1.65 turn detours=0
p4_shelf: xy=(1.91,2.26) yaw=1.73 wp=1/3 fwd=1.16 lin=0.00 ang=1.65 turn detours=0
p4_shelf: xy=(1.91,2.26) yaw=2.19 wp=1/3 fwd=0.92 lin=0.00 ang=1.38 turn detours=0
p4_shelf: xy=(1.91,2.26) yaw=2.56 wp=1/3 fwd=1.56 lin=0.00 ang=0.84 turn detours=0
p4_shelf: xy=(1.91,2.26) yaw=2.77 wp=1/3 fwd=1.56 lin=0.00 ang=0.54 turn detours=0
p4_shelf: xy=(1.90,2.26) yaw=2.91 wp=1/3 fwd=1.56 lin=0.44 ang=0.24 cruise detours=0
p4_shelf: xy=(1.84,2.27) yaw=2.99 wp=1/3 fwd=2.30 lin=0.65 ang=0.13 cruise detours=0
p4_shelf: xy=(1.71,2.28) yaw=3.05 wp=1/3 fwd=2.18 lin=0.72 ang=0.00 cruise detours=0
p4_shelf: xy=(1.55,2.30) yaw=3.06 wp=1/3 fwd=2.02 lin=0.61 ang=0.08 cruise detours=0
p4_shelf: xy=(1.41,2.31) yaw=3.08 wp=1/3 fwd=1.88 lin=0.51 ang=0.07 cruise detours=0
p4_shelf: xy=(1.29,2.32) yaw=3.09 wp=1/3 fwd=2.60 lin=0.41 ang=0.00 cruise detours=0
p4_shelf: xy=(1.20,2.32) yaw=3.04 wp=2/3 fwd=2.50 lin=0.00 ang=-1.65 turn detours=0
p4_shelf: xy=(1.17,2.33) yaw=2.77 wp=2/3 fwd=1.65 lin=0.00 ang=-1.65 turn detours=0
p4_shelf: xy=(1.17,2.33) yaw=2.34 wp=2/3 fwd=0.94 lin=0.00 ang=-1.11 turn detours=0
p4_shelf: xy=(1.17,2.33) yaw=2.05 wp=2/3 fwd=0.95 lin=0.00 ang=-0.69 turn detours=0
p4_shelf: xy=(1.17,2.33) yaw=1.84 wp=2/3 fwd=1.20 lin=0.11 ang=-0.22 cruise detours=0
p4_shelf: xy=(1.16,2.35) yaw=1.77 wp=2/3 fwd=1.01 lin=0.18 ang=-0.11 cruise detours=0
p4_shelf: xy=(1.15,2.40) yaw=1.74 wp=2/3 fwd=0.97 lin=0.19 ang=0.00 cruise detours=0
p4_shelf: xy=(1.14,2.44) yaw=1.78 wp=2/3 fwd=1.11 lin=0.00 ang=1.65 turn detours=0
p4_shelf: xy=(1.14,2.46) yaw=2.19 wp=2/3 fwd=0.83 lin=0.00 ang=1.30 turn detours=0
p4_shelf: xy=(1.14,2.46) yaw=2.49 wp=2/3 fwd=0.83 lin=0.00 ang=0.85 turn detours=0
p4_shelf: xy=(1.14,2.46) yaw=2.73 wp=2/3 fwd=1.56 lin=0.00 ang=0.51 turn detours=0
p4_shelf: xy=(1.14,2.46) yaw=2.86 wp=2/3 fwd=1.56 lin=0.13 ang=0.33 cruise detours=0
p4_shelf: xy=(1.11,2.46) yaw=2.94 wp=2/3 fwd=1.54 lin=0.16 ang=0.23 cruise detours=0
p4_shelf: xy=(1.07,2.47) yaw=3.01 wp=2/3 fwd=1.50 lin=0.17 ang=0.17 cruise detours=0
p4_shelf: xy=(1.03,2.48) yaw=3.06 wp=2/3 fwd=1.46 lin=0.15 ang=0.13 cruise detours=0
p4_shelf: xy=(0.99,2.48) yaw=3.09 wp=2/3 fwd=2.24 lin=0.12 ang=0.11 cruise detours=0
p4_shelf: xy=(0.96,2.48) yaw=3.09 wp=3/3 fwd=2.21 lin=0.00 ang=-1.65 turn detours=0
p4_shelf: xy=(0.95,2.48) yaw=2.72 wp=3/3 fwd=1.38 lin=0.00 ang=-1.65 turn detours=0
p4_shelf: xy=(0.95,2.48) yaw=2.24 wp=3/3 fwd=0.69 lin=0.00 ang=-1.26 turn detours=0
p4_shelf: xy=(0.95,2.48) yaw=1.90 wp=3/3 fwd=0.70 lin=0.00 ang=-0.76 turn detours=0
p4_shelf: xy=(0.95,2.48) yaw=1.67 wp=3/3 fwd=0.96 lin=0.00 ang=-0.42 turn detours=0
p4_shelf: xy=(0.95,2.48) yaw=1.54 wp=3/3 fwd=0.94 lin=0.00 ang=-0.23 turn detours=0
p4_shelf: xy=(0.95,2.48) yaw=1.47 wp=3/3 fwd=0.94 lin=0.00 ang=-0.13 turn detours=0
p4_shelf: xy=(0.95,2.48) yaw=1.43 wp=3/3 fwd=0.94 lin=0.00 ang=-0.07 turn detours=0

{
  "arrived": true,
  "goal": "shelf",
  "in_zone": true,
  "in_picking_zone": true,
  "in_delivery_base": false,
  "odom_xy": [
    0.95,
    2.48
  ],
  "yaw": 1.428,
  "head_joints": {
    "slide": 0.11606277216108878,
    "head_yaw": 0.001371556865918398,
    "head_pitch": -0.11629815977672968
  },
  "goal_xy": [
    0.852,
    2.475
  ],
  "route": [
    [
      1.92,
      2.32
    ],
    [
      0.852,
      2.32
    ],
    [
      0.852,
      2.475
    ]
  ],
  "elapsed_s": 113.36,
  "status": "arrived",
  "detours": 0,
  "speed_scale": 8.0,
  "max_lin": 2.4,
  "max_ang": 1.65,
  "stop_dist": 0.432,
  "slow_dist": 0.832,
  "blocked_by_scan": false,
  "log_json": "/workspace/baseline/outputs/p4/shelf_20260904_092624.json",
  "log_txt": "/workspace/baseline/outputs/p4/shelf_20260904_092624.log"
}
p4 log: /workspace/baseline/outputs/p4/shelf_20260904_092624.log
