p4_shelf: start xy=(1.92,-3.17) yaw=1.57 goal=(0.852,2.475) stop=0.43 planner=grid max_lin=1.20 max_ang=1.65
p4_shelf: xy=(1.92,-3.17) yaw=1.57 wp=0/15 fwd=1.43 lin=0.00 ang=0.00 replan start plan_id=1 detours=0 plan_ms=16.5
p4_shelf: xy=(1.92,-3.14) yaw=1.57 wp=1/15 fwd=1.42 lin=0.83 ang=0.00 cruise plan_id=2 detours=0 plan_ms=14.9
p4_shelf: xy=(1.92,-3.03) yaw=1.56 wp=1/15 fwd=1.39 lin=0.81 ang=0.00 cruise plan_id=3 detours=0 plan_ms=15.0
p4_shelf: xy=(1.92,-2.84) yaw=1.56 wp=2/15 fwd=1.38 lin=1.17 ang=0.00 cruise plan_id=4 detours=0 plan_ms=14.9
p4_shelf: xy=(1.93,-2.63) yaw=1.56 wp=2/15 fwd=1.37 lin=1.06 ang=0.00 cruise plan_id=4 detours=0 plan_ms=14.9
p4_shelf: xy=(1.93,-2.33) yaw=1.55 wp=2/14 fwd=1.33 lin=1.03 ang=0.08 cruise plan_id=5 detours=0 plan_ms=13.3
p4_shelf: xy=(1.93,-2.03) yaw=1.57 wp=2/13 fwd=1.38 lin=1.20 ang=0.00 cruise plan_id=6 detours=0 plan_ms=11.5
p4_shelf: xy=(1.93,-1.80) yaw=1.58 wp=2/13 fwd=1.43 lin=1.01 ang=0.00 cruise plan_id=6 detours=0 plan_ms=11.5
p4_shelf: xy=(1.93,-1.56) yaw=1.58 wp=2/12 fwd=1.45 lin=1.10 ang=0.00 cruise plan_id=7 detours=0 plan_ms=13.1
p4_shelf: xy=(1.93,-1.30) yaw=1.59 wp=2/12 fwd=1.48 lin=1.00 ang=0.00 cruise plan_id=8 detours=0 plan_ms=11.3
p4_shelf: xy=(1.92,-1.06) yaw=1.59 wp=2/11 fwd=1.49 lin=1.16 ang=0.00 cruise plan_id=9 detours=0 plan_ms=9.9
p4_shelf: xy=(1.92,-0.82) yaw=1.59 wp=2/10 fwd=1.50 lin=1.16 ang=0.00 cruise plan_id=10 detours=0 plan_ms=9.5
p4_shelf: xy=(1.91,-0.57) yaw=1.59 wp=1/10 fwd=1.51 lin=0.70 ang=0.00 cruise plan_id=11 detours=0 plan_ms=8.6
p4_shelf: xy=(1.91,-0.32) yaw=1.59 wp=2/10 fwd=1.52 lin=1.03 ang=0.00 cruise plan_id=11 detours=0 plan_ms=8.6
p4_shelf: xy=(1.91,-0.07) yaw=1.59 wp=2/9 fwd=1.54 lin=1.11 ang=0.00 cruise plan_id=12 detours=0 plan_ms=13.3
p4_shelf: xy=(1.90,0.18) yaw=1.58 wp=2/8 fwd=1.53 lin=1.18 ang=0.00 cruise plan_id=13 detours=0 plan_ms=7.8
p4_shelf: xy=(1.90,0.43) yaw=1.58 wp=1/7 fwd=1.52 lin=0.71 ang=0.00 cruise plan_id=14 detours=0 plan_ms=6.3
p4_shelf: xy=(1.90,0.66) yaw=1.58 wp=2/7 fwd=1.52 lin=1.08 ang=0.00 cruise plan_id=14 detours=0 plan_ms=6.3
p4_shelf: xy=(1.90,0.88) yaw=1.58 wp=2/7 fwd=1.52 lin=1.18 ang=0.00 cruise plan_id=15 detours=0 plan_ms=5.4
p4_shelf: xy=(1.89,1.10) yaw=1.58 wp=2/6 fwd=1.53 lin=0.59 ang=0.00 cruise plan_id=16 detours=0 plan_ms=5.0
p4_shelf: xy=(1.89,1.29) yaw=1.58 wp=2/5 fwd=1.53 lin=0.00 ang=0.73 turn plan_id=17 detours=0 plan_ms=4.3
p4_shelf: xy=(1.89,1.38) yaw=1.59 wp=2/5 fwd=1.56 lin=0.00 ang=0.71 turn plan_id=17 detours=0 plan_ms=4.3
p4_shelf: xy=(1.89,1.39) yaw=1.73 wp=2/5 fwd=1.69 lin=0.00 ang=0.51 turn plan_id=17 detours=0 plan_ms=4.3
p4_shelf: xy=(1.89,1.40) yaw=1.84 wp=1/5 fwd=1.71 lin=0.16 ang=-0.41 cruise plan_id=18 detours=0 plan_ms=4.0
p4_shelf: xy=(1.88,1.44) yaw=1.77 wp=1/5 fwd=1.68 lin=0.19 ang=-0.33 cruise plan_id=19 detours=0 plan_ms=4.0
p4_shelf: xy=(1.87,1.47) yaw=1.77 wp=2/5 fwd=1.65 lin=0.00 ang=0.74 turn plan_id=19 detours=0 plan_ms=4.0
p4_shelf: xy=(1.87,1.48) yaw=1.93 wp=2/5 fwd=1.64 lin=0.00 ang=0.52 turn plan_id=19 detours=0 plan_ms=4.0
p4_shelf: xy=(1.87,1.48) yaw=2.00 wp=1/5 fwd=1.63 lin=0.00 ang=-0.62 turn plan_id=20 detours=0 plan_ms=4.1
p4_shelf: xy=(1.87,1.48) yaw=1.88 wp=1/5 fwd=1.63 lin=0.00 ang=-0.45 turn plan_id=20 detours=0 plan_ms=4.1
p4_shelf: xy=(1.87,1.49) yaw=1.77 wp=1/5 fwd=1.62 lin=0.19 ang=-0.34 cruise plan_id=21 detours=0 plan_ms=4.0
p4_shelf: xy=(1.86,1.52) yaw=1.80 wp=2/5 fwd=1.59 lin=0.00 ang=0.81 turn plan_id=21 detours=0 plan_ms=4.0
p4_shelf: xy=(1.86,1.52) yaw=1.97 wp=2/5 fwd=1.59 lin=0.00 ang=0.56 turn plan_id=21 detours=0 plan_ms=4.0
p4_shelf: xy=(1.86,1.53) yaw=2.11 wp=2/5 fwd=1.58 lin=0.28 ang=0.19 cruise plan_id=22 detours=0 plan_ms=3.8
p4_shelf: xy=(1.83,1.57) yaw=2.16 wp=2/5 fwd=1.54 lin=0.47 ang=0.00 cruise plan_id=23 detours=0 plan_ms=6.6
p4_shelf: xy=(1.78,1.64) yaw=2.17 wp=2/5 fwd=1.47 lin=0.36 ang=0.09 cruise plan_id=24 detours=0 plan_ms=3.8
p4_shelf: xy=(1.73,1.72) yaw=2.19 wp=2/5 fwd=1.38 lin=0.33 ang=0.00 cruise plan_id=25 detours=0 plan_ms=3.6
p4_shelf: xy=(1.69,1.77) yaw=2.17 wp=1/5 fwd=1.32 lin=0.00 ang=-0.87 turn plan_id=26 detours=0 plan_ms=3.3
p4_shelf: xy=(1.68,1.79) yaw=1.96 wp=1/5 fwd=1.29 lin=0.00 ang=-0.56 turn plan_id=26 detours=0 plan_ms=3.3
p4_shelf: xy=(1.68,1.80) yaw=1.78 wp=1/5 fwd=1.28 lin=0.13 ang=-0.34 cruise plan_id=27 detours=0 plan_ms=3.2
p4_shelf: xy=(1.68,1.83) yaw=1.69 wp=1/5 fwd=1.24 lin=0.16 ang=-0.21 cruise plan_id=28 detours=0 plan_ms=3.3
p4_shelf: xy=(1.67,1.86) yaw=1.64 wp=2/6 fwd=1.21 lin=0.00 ang=1.04 turn plan_id=29 detours=0 plan_ms=3.0
p4_shelf: xy=(1.67,1.88) yaw=1.83 wp=2/6 fwd=1.19 lin=0.00 ang=0.76 turn plan_id=29 detours=0 plan_ms=3.0
p4_shelf: xy=(1.67,1.88) yaw=2.01 wp=2/6 fwd=1.19 lin=0.00 ang=0.50 turn plan_id=29 detours=0 plan_ms=3.0
p4_shelf: xy=(1.67,1.89) yaw=2.13 wp=2/6 fwd=1.19 lin=0.17 ang=0.16 cruise plan_id=30 detours=0 plan_ms=3.2
p4_shelf: xy=(1.65,1.91) yaw=2.19 wp=3/6 fwd=1.18 lin=0.00 ang=0.92 turn plan_id=30 detours=0 plan_ms=3.2
p4_shelf: xy=(1.64,1.92) yaw=2.37 wp=3/6 fwd=1.57 lin=0.00 ang=0.65 turn plan_id=30 detours=0 plan_ms=3.2
p4_shelf: xy=(1.64,1.92) yaw=2.53 wp=3/6 fwd=1.57 lin=0.24 ang=0.25 cruise plan_id=30 detours=0 plan_ms=3.2
p4_shelf: xy=(1.62,1.93) yaw=2.60 wp=3/6 fwd=1.55 lin=0.29 ang=0.14 cruise plan_id=32 detours=0 plan_ms=3.0
p4_shelf: xy=(1.57,1.96) yaw=2.65 wp=1/4 fwd=1.51 lin=0.00 ang=-0.62 turn plan_id=33 detours=0 plan_ms=2.8
p4_shelf: xy=(1.54,1.98) yaw=2.60 wp=1/4 fwd=1.47 lin=0.00 ang=-0.56 turn plan_id=33 detours=0 plan_ms=2.8
p4_shelf: xy=(1.54,1.98) yaw=2.48 wp=1/4 fwd=1.45 lin=0.16 ang=-0.56 cruise plan_id=33 detours=0 plan_ms=2.8
p4_shelf: xy=(1.51,2.01) yaw=2.37 wp=1/4 fwd=1.42 lin=0.36 ang=-0.13 cruise plan_id=34 detours=0 plan_ms=3.9
p4_shelf: xy=(1.46,2.05) yaw=2.33 wp=1/4 fwd=1.36 lin=0.31 ang=0.00 cruise plan_id=35 detours=0 plan_ms=2.4
p4_shelf: xy=(1.41,2.10) yaw=2.37 wp=2/4 fwd=1.28 lin=0.00 ang=1.12 turn plan_id=36 detours=0 plan_ms=2.4
p4_shelf: xy=(1.40,2.11) yaw=2.60 wp=2/4 fwd=1.27 lin=0.00 ang=0.79 turn plan_id=36 detours=0 plan_ms=2.4
p4_shelf: xy=(1.40,2.11) yaw=2.79 wp=2/4 fwd=1.95 lin=0.00 ang=0.51 turn plan_id=36 detours=0 plan_ms=2.4
p4_shelf: xy=(1.39,2.12) yaw=2.89 wp=1/3 fwd=1.95 lin=0.00 ang=-0.78 turn plan_id=37 detours=0 plan_ms=2.2
p4_shelf: xy=(1.39,2.12) yaw=2.74 wp=1/3 fwd=1.95 lin=0.00 ang=-0.56 turn plan_id=37 detours=0 plan_ms=2.2
p4_shelf: xy=(1.38,2.12) yaw=2.61 wp=2/3 fwd=1.25 lin=0.58 ang=0.17 cruise plan_id=38 detours=0 plan_ms=2.2
p4_shelf: xy=(1.34,2.15) yaw=2.52 wp=2/3 fwd=1.20 lin=0.00 ang=0.47 turn plan_id=39 detours=0 plan_ms=2.5
p4_shelf: xy=(1.32,2.17) yaw=2.56 wp=2/3 fwd=1.17 lin=0.44 ang=0.24 cruise plan_id=39 detours=0 plan_ms=2.5
p4_shelf: xy=(1.28,2.19) yaw=2.64 wp=2/3 fwd=1.16 lin=0.52 ang=0.13 cruise plan_id=40 detours=0 plan_ms=3.0
p4_shelf: xy=(1.19,2.24) yaw=2.69 wp=2/3 fwd=1.71 lin=0.49 ang=0.00 cruise plan_id=41 detours=0 plan_ms=2.0
p4_shelf: xy=(1.08,2.29) yaw=2.68 wp=2/3 fwd=1.60 lin=0.49 ang=-0.13 cruise plan_id=42 detours=0 plan_ms=1.6
p4_shelf: xy=(0.99,2.34) yaw=2.65 wp=1/2 fwd=1.48 lin=0.00 ang=-0.54 turn plan_id=43 detours=0 plan_ms=1.5
p4_shelf: xy=(0.97,2.35) yaw=2.53 wp=1/2 fwd=1.46 lin=0.15 ang=-0.36 cruise plan_id=44 detours=0 plan_ms=1.1
p4_shelf: xy=(0.94,2.36) yaw=2.44 wp=1/2 fwd=0.81 lin=0.17 ang=-0.24 cruise plan_id=44 detours=0 plan_ms=1.1
p4_shelf: xy=(0.92,2.39) yaw=2.31 wp=2/2 fwd=0.77 lin=0.00 ang=-1.36 turn plan_id=45 detours=0 plan_ms=0.7
p4_shelf: xy=(0.92,2.39) yaw=1.95 wp=2/2 fwd=0.75 lin=0.00 ang=-0.83 turn plan_id=46 detours=0 plan_ms=0.8
p4_shelf: xy=(0.92,2.39) yaw=1.70 wp=2/2 fwd=0.76 lin=0.00 ang=-0.47 turn plan_id=46 detours=0 plan_ms=0.8
p4_shelf: xy=(0.92,2.39) yaw=1.56 wp=2/2 fwd=1.06 lin=0.00 ang=-0.26 turn plan_id=46 detours=0 plan_ms=0.8
p4_shelf: xy=(0.92,2.39) yaw=1.48 wp=2/2 fwd=1.04 lin=0.00 ang=-0.14 turn plan_id=46 detours=0 plan_ms=0.8
p4_shelf: xy=(0.92,2.39) yaw=1.43 wp=2/2 fwd=0.79 lin=0.00 ang=-0.08 turn plan_id=46 detours=0 plan_ms=0.8

{
  "arrived": true,
  "goal": "shelf",
  "in_zone": true,
  "in_picking_zone": true,
  "in_delivery_base": false,
  "odom_xy": [
    0.917,
    2.391
  ],
  "yaw": 1.427,
  "head_joints": {
    "slide": 0.11606275648486761,
    "head_yaw": 0.0012834460668421678,
    "head_pitch": -0.1162976990776662
  },
  "goal_xy": [
    0.852,
    2.475
  ],
  "route": [
    [
      0.9,
      2.4
    ],
    [
      0.852,
      2.475
    ]
  ],
  "elapsed_s": 147.06,
  "status": "arrived",
  "detours": 0,
  "plan_id": 46,
  "plan_reason": "stuck",
  "speed_scale": 4.0,
  "max_lin": 1.2,
  "max_ang": 1.65,
  "stop_dist": 0.43,
  "slow_dist": null,
  "blocked_by_scan": false,
  "log_json": "/workspace/baseline/outputs/p4/shelf_20260905_084846.json",
  "log_txt": "/workspace/baseline/outputs/p4/shelf_20260905_084846.log"
}
p4 log: /workspace/baseline/outputs/p4/shelf_20260905_084846.log
