p4_shelf: start xy=(1.92,-3.17) yaw=1.57 route=[(1.92, 2.0), (0.852, 2.0), (0.852, 2.475)] stop=0.43 slow=0.83 max_lin=2.40 max_ang=1.20
p4_shelf: xy=(1.92,-3.17) yaw=1.57 wp=0/3 fwd=1.43 lin=2.40 ang=0.00 cruise detours=0
p4_shelf: xy=(1.92,-3.13) yaw=1.57 wp=0/3 fwd=1.43 lin=2.40 ang=0.00 cruise detours=0
p4_shelf: xy=(1.92,-3.05) yaw=1.57 wp=0/3 fwd=1.44 lin=2.40 ang=0.00 cruise detours=0
p4_shelf: xy=(1.92,-2.88) yaw=1.57 wp=0/3 fwd=1.44 lin=2.40 ang=0.00 cruise detours=0
p4_shelf: xy=(1.92,-2.63) yaw=1.57 wp=0/3 fwd=1.45 lin=2.40 ang=0.00 cruise detours=0
p4_shelf: xy=(1.92,-2.33) yaw=1.58 wp=0/3 fwd=1.46 lin=2.40 ang=0.00 cruise detours=0
p4_shelf: xy=(1.92,-1.97) yaw=1.58 wp=0/3 fwd=1.47 lin=2.40 ang=0.00 cruise detours=0
p4_shelf: xy=(1.91,-1.57) yaw=1.58 wp=0/3 fwd=1.48 lin=2.40 ang=0.00 cruise detours=0
p4_shelf: xy=(1.91,-1.12) yaw=1.58 wp=0/3 fwd=1.50 lin=2.40 ang=0.00 cruise detours=0
p4_shelf: xy=(1.90,-0.64) yaw=1.58 wp=0/3 fwd=1.53 lin=2.40 ang=0.00 cruise detours=0
p4_shelf: xy=(1.90,-0.12) yaw=1.59 wp=0/3 fwd=1.56 lin=2.31 ang=0.00 cruise detours=0
p4_shelf: xy=(1.89,0.39) yaw=1.59 wp=0/3 fwd=1.58 lin=1.75 ang=0.00 cruise detours=0
p4_shelf: xy=(1.88,0.81) yaw=1.59 wp=0/3 fwd=1.60 lin=1.29 ang=0.00 cruise detours=0
p4_shelf: xy=(1.88,1.13) yaw=1.57 wp=0/3 fwd=1.57 lin=0.95 ang=-0.11 cruise detours=0
p4_shelf: xy=(1.88,1.39) yaw=1.55 wp=0/3 fwd=1.48 lin=0.66 ang=-0.11 cruise detours=0
p4_shelf: xy=(1.88,1.58) yaw=1.54 wp=0/3 fwd=1.41 lin=0.46 ang=-0.11 cruise detours=0
p4_shelf: xy=(1.89,1.69) yaw=1.52 wp=0/3 fwd=1.32 lin=0.33 ang=0.00 cruise detours=0
p4_shelf: xy=(1.89,1.79) yaw=1.50 wp=0/3 fwd=1.27 lin=0.23 ang=0.00 cruise detours=0
p4_shelf: xy=(1.90,1.85) yaw=1.48 wp=0/3 fwd=1.21 lin=0.16 ang=0.00 cruise detours=0
p4_shelf: xy=(1.90,1.89) yaw=1.47 wp=1/3 fwd=1.17 lin=0.00 ang=1.20 turn detours=0
p4_shelf: xy=(1.90,1.91) yaw=1.72 wp=1/3 fwd=1.18 lin=0.00 ang=1.20 turn detours=0
p4_shelf: xy=(1.90,1.91) yaw=2.01 wp=1/3 fwd=1.24 lin=0.58 ang=1.20 cruise detours=0
p4_shelf: xy=(1.88,1.94) yaw=2.29 wp=1/3 fwd=1.21 lin=0.79 ang=1.20 cruise detours=0
p4_shelf: xy=(1.82,1.99) yaw=2.57 wp=1/3 fwd=1.67 lin=0.90 ang=1.20 cruise detours=0
p4_shelf: xy=(1.69,2.04) yaw=2.97 wp=1/3 fwd=2.25 lin=0.89 ang=0.49 cruise detours=0
p4_shelf: xy=(1.54,2.05) yaw=-3.08 wp=1/3 fwd=0.96 lin=0.76 ang=0.00 cruise detours=0
p4_shelf: xy=(1.40,2.04) yaw=-3.04 wp=1/3 fwd=0.82 lin=-0.60 ang=0.00 reverse detours=0
p4_shelf: xy=(1.29,2.03) yaw=-3.08 wp=1/3 fwd=0.72 lin=0.34 ang=-0.35 slow detours=0
p4_shelf: xy=(1.18,2.02) yaw=-3.13 wp=1/3 fwd=3.09 lin=0.35 ang=0.14 cruise detours=0
p4_shelf: xy=(1.08,2.02) yaw=-3.10 wp=1/3 fwd=2.98 lin=0.25 ang=0.12 cruise detours=0
p4_shelf: xy=(1.01,2.02) yaw=-3.08 wp=1/3 fwd=2.91 lin=0.18 ang=0.11 cruise detours=0
p4_shelf: xy=(0.96,2.01) yaw=-3.08 wp=2/3 fwd=2.86 lin=0.00 ang=-1.20 turn detours=0
p4_shelf: xy=(0.95,2.01) yaw=2.97 wp=2/3 fwd=2.39 lin=0.00 ang=-1.20 turn detours=0
p4_shelf: xy=(0.94,2.02) yaw=2.68 wp=2/3 fwd=1.63 lin=0.31 ang=-1.20 cruise detours=0
p4_shelf: xy=(0.89,2.06) yaw=2.33 wp=2/3 fwd=1.57 lin=0.36 ang=-1.20 cruise detours=0
p4_shelf: xy=(0.84,2.12) yaw=2.01 wp=2/3 fwd=0.97 lin=0.34 ang=-1.04 cruise detours=0
p4_shelf: xy=(0.81,2.22) yaw=1.69 wp=2/3 fwd=0.88 lin=0.27 ang=-0.60 cruise detours=0
p4_shelf: xy=(0.81,2.29) yaw=1.52 wp=2/3 fwd=1.10 lin=-0.60 ang=-0.36 reverse detours=0
p4_shelf: xy=(0.82,2.33) yaw=1.41 wp=2/3 fwd=1.13 lin=0.16 ang=-0.20 cruise detours=0

{
  "arrived": true,
  "goal": "shelf",
  "in_zone": true,
  "in_picking_zone": true,
  "in_delivery_base": false,
  "odom_xy": [
    0.821,
    2.364
  ],
  "yaw": 1.367,
  "head_joints": {
    "slide": 0.11606364605304947,
    "head_yaw": 0.009162650989430875,
    "head_pitch": -0.11580415811960276
  },
  "goal_xy": [
    0.852,
    2.475
  ],
  "route": [
    [
      1.92,
      2.0
    ],
    [
      0.852,
      2.0
    ],
    [
      0.852,
      2.475
    ]
  ],
  "elapsed_s": 79.75,
  "status": "arrived",
  "detours": 0,
  "speed_scale": 8.0,
  "max_lin": 2.4,
  "max_ang": 1.2,
  "stop_dist": 0.432,
  "slow_dist": 0.832,
  "blocked_by_scan": false,
  "log_json": "/workspace/baseline/outputs/p4/shelf_20260903_104152.json",
  "log_txt": "/workspace/baseline/outputs/p4/shelf_20260903_104152.log"
}
p4 log: /workspace/baseline/outputs/p4/shelf_20260903_104152.log
