p4_shelf: start xy=(1.92,-3.17) yaw=1.57 route=[(1.92, 2.0), (0.852, 2.0), (0.852, 2.475)] stop=0.43 slow=0.83 max_lin=2.40 max_ang=1.65
p4_shelf: xy=(1.92,-3.17) yaw=1.57 wp=0/3 fwd=1.43 lin=2.40 ang=0.00 cruise detours=0
p4_shelf: xy=(1.92,-3.16) yaw=1.57 wp=0/3 fwd=1.43 lin=2.40 ang=0.00 cruise detours=0
p4_shelf: xy=(1.92,-3.13) yaw=1.57 wp=0/3 fwd=1.44 lin=2.39 ang=0.00 cruise detours=0
p4_shelf: xy=(1.92,-3.06) yaw=1.57 wp=0/3 fwd=1.44 lin=2.39 ang=0.00 cruise detours=0
p4_shelf: xy=(1.92,-2.97) yaw=1.57 wp=0/3 fwd=1.45 lin=-0.45 ang=0.00 reverse detours=0
p4_shelf: xy=(1.92,-2.86) yaw=1.58 wp=0/3 fwd=1.45 lin=-0.45 ang=0.00 reverse detours=0
p4_shelf: xy=(1.92,-2.72) yaw=1.58 wp=0/3 fwd=1.46 lin=-0.45 ang=0.00 reverse detours=0
p4_shelf: xy=(1.92,-2.51) yaw=1.58 wp=0/3 fwd=1.47 lin=-0.45 ang=0.00 reverse detours=0
p4_shelf: xy=(1.91,-2.24) yaw=1.58 wp=0/3 fwd=1.49 lin=2.33 ang=0.00 cruise detours=0
p4_shelf: xy=(1.91,-1.97) yaw=1.58 wp=0/3 fwd=1.50 lin=2.32 ang=0.00 cruise detours=0
p4_shelf: xy=(1.91,-1.60) yaw=1.58 wp=0/3 fwd=1.52 lin=2.29 ang=0.00 cruise detours=0
p4_shelf: xy=(1.90,-1.18) yaw=1.59 wp=0/3 fwd=1.55 lin=-0.45 ang=0.00 reverse detours=0
p4_shelf: xy=(1.89,-0.82) yaw=1.59 wp=0/3 fwd=1.57 lin=2.23 ang=0.00 cruise detours=0
p4_shelf: xy=(1.89,-0.35) yaw=1.59 wp=0/3 fwd=1.61 lin=2.18 ang=0.00 cruise detours=0
p4_shelf: xy=(1.87,0.13) yaw=1.59 wp=0/3 fwd=1.64 lin=1.79 ang=0.00 cruise detours=0
p4_shelf: xy=(1.87,0.56) yaw=1.58 wp=0/3 fwd=1.64 lin=-0.45 ang=0.00 reverse detours=0
p4_shelf: xy=(1.86,0.89) yaw=1.57 wp=0/3 fwd=1.59 lin=-0.45 ang=-0.11 reverse detours=0
p4_shelf: xy=(1.87,1.15) yaw=1.56 wp=0/3 fwd=1.52 lin=-0.45 ang=0.00 reverse detours=0
p4_shelf: xy=(1.87,1.34) yaw=1.54 wp=0/3 fwd=1.47 lin=0.64 ang=0.00 cruise detours=0
p4_shelf: xy=(1.87,1.49) yaw=1.53 wp=0/3 fwd=1.40 lin=0.49 ang=0.00 cruise detours=0
p4_shelf: xy=(1.88,1.60) yaw=1.52 wp=1/3 fwd=1.35 lin=0.00 ang=1.65 turn detours=0
p4_shelf: xy=(1.88,1.66) yaw=1.61 wp=1/3 fwd=1.42 lin=0.00 ang=1.65 turn detours=0
p4_shelf: xy=(1.88,1.68) yaw=1.93 wp=1/3 fwd=1.44 lin=0.00 ang=1.65 turn detours=0
p4_shelf: xy=(1.88,1.68) yaw=2.26 wp=1/3 fwd=1.45 lin=0.00 ang=1.65 turn detours=0
p4_shelf: xy=(1.88,1.68) yaw=2.64 wp=1/3 fwd=1.92 lin=0.00 ang=1.11 turn detours=0
p4_shelf: xy=(1.88,1.68) yaw=2.92 wp=1/3 fwd=1.21 lin=0.49 ang=0.00 cruise detours=0
p4_shelf: xy=(1.87,1.68) yaw=3.05 wp=1/3 fwd=1.20 lin=0.91 ang=-0.29 cruise detours=0
p4_shelf: xy=(1.84,1.68) yaw=-3.11 wp=1/3 fwd=1.18 lin=-0.45 ang=-0.55 reverse detours=0
p4_shelf: xy=(1.77,1.68) yaw=-2.99 wp=1/3 fwd=1.10 lin=-0.45 ang=-0.81 reverse detours=0
p4_shelf: xy=(1.68,1.66) yaw=-2.98 wp=1/3 fwd=1.02 lin=0.56 ang=-0.85 cruise detours=0
p4_shelf: xy=(1.60,1.65) yaw=-3.09 wp=1/3 fwd=0.92 lin=-0.45 ang=-0.60 reverse detours=0
p4_shelf: xy=(1.50,1.65) yaw=3.11 wp=1/3 fwd=0.84 lin=0.73 ang=-0.41 cruise detours=0
p4_shelf: xy=(1.37,1.66) yaw=2.96 wp=1/3 fwd=0.70 lin=-0.45 ang=0.00 reverse detours=0
p4_shelf: xy=(1.31,1.67) yaw=2.91 wp=1/3 fwd=0.64 lin=0.13 ang=0.00 slow detours=0
p4_shelf: xy=(1.29,1.68) yaw=2.90 wp=1/3 fwd=0.63 lin=0.11 ang=0.00 slow detours=0
p4_shelf: xy=(1.30,1.67) yaw=2.90 wp=1/3 fwd=0.63 lin=0.11 ang=0.00 slow detours=0
p4_shelf: xy=(1.30,1.67) yaw=2.90 wp=1/3 fwd=0.63 lin=0.11 ang=0.00 slow detours=0
p4_shelf: xy=(1.31,1.67) yaw=2.90 wp=1/3 fwd=0.64 lin=0.12 ang=0.00 slow detours=0
p4_shelf: xy=(1.31,1.67) yaw=2.90 wp=1/3 fwd=0.64 lin=0.12 ang=0.00 slow detours=0
p4_shelf: xy=(1.32,1.67) yaw=2.90 wp=1/3 fwd=0.64 lin=0.12 ang=0.00 slow detours=0
p4_shelf: xy=(1.33,1.67) yaw=2.90 wp=1/3 fwd=0.65 lin=0.13 ang=0.00 slow detours=0
p4_shelf: xy=(1.33,1.67) yaw=2.90 wp=1/3 fwd=0.66 lin=-0.45 ang=0.00 reverse detours=0
p4_shelf: xy=(1.33,1.67) yaw=2.90 wp=1/3 fwd=0.66 lin=-0.45 ang=0.00 reverse detours=0
p4_shelf: xy=(1.33,1.67) yaw=2.90 wp=1/3 fwd=0.66 lin=-0.45 ang=0.00 reverse detours=0
p4_shelf: xy=(1.32,1.67) yaw=2.90 wp=1/3 fwd=0.65 lin=-0.45 ang=0.00 reverse detours=0
p4_shelf: xy=(1.31,1.67) yaw=2.90 wp=1/3 fwd=0.64 lin=-0.45 ang=0.00 reverse detours=0
p4_shelf: xy=(1.31,1.67) yaw=2.90 wp=1/3 fwd=0.64 lin=-0.45 ang=0.00 reverse detours=0
p4_shelf: xy=(1.31,1.67) yaw=2.90 wp=1/3 fwd=0.64 lin=-0.45 ang=0.00 reverse detours=0
p4_shelf: xy=(1.31,1.67) yaw=2.90 wp=1/3 fwd=0.64 lin=-0.45 ang=0.00 reverse detours=0
p4_shelf: xy=(1.30,1.67) yaw=2.90 wp=1/3 fwd=0.63 lin=-0.45 ang=0.00 reverse detours=0
p4_shelf: xy=(1.30,1.67) yaw=2.90 wp=1/3 fwd=0.63 lin=-0.45 ang=0.00 reverse detours=0
p4_shelf: xy=(1.30,1.67) yaw=2.90 wp=1/3 fwd=0.63 lin=-0.45 ang=0.00 reverse detours=0
p4_shelf: xy=(1.30,1.67) yaw=2.90 wp=1/3 fwd=0.63 lin=-0.45 ang=0.00 reverse detours=0
p4_shelf: xy=(1.31,1.67) yaw=2.90 wp=1/3 fwd=0.64 lin=-0.45 ang=0.00 reverse detours=0
p4_shelf: xy=(1.32,1.67) yaw=2.90 wp=1/3 fwd=0.65 lin=-0.45 ang=0.00 reverse detours=0
p4_shelf: xy=(1.32,1.67) yaw=2.90 wp=1/3 fwd=0.65 lin=-0.45 ang=0.00 reverse detours=0
p4_shelf: xy=(1.32,1.67) yaw=2.90 wp=1/3 fwd=0.65 lin=-0.45 ang=0.00 reverse detours=0
p4_shelf: xy=(1.33,1.67) yaw=2.90 wp=1/3 fwd=0.65 lin=-0.45 ang=0.00 reverse detours=0
p4_shelf: xy=(1.33,1.67) yaw=2.90 wp=1/3 fwd=0.66 lin=-0.45 ang=0.00 reverse detours=0
p4_shelf: xy=(1.33,1.67) yaw=2.90 wp=1/3 fwd=0.66 lin=-0.45 ang=0.00 reverse detours=0
p4_shelf: xy=(1.32,1.67) yaw=2.90 wp=1/3 fwd=0.65 lin=-0.45 ang=0.00 reverse detours=0
p4_shelf: xy=(1.32,1.67) yaw=2.90 wp=1/3 fwd=0.65 lin=-0.45 ang=0.00 reverse detours=0
p4_shelf: xy=(1.32,1.67) yaw=2.90 wp=1/3 fwd=0.65 lin=-0.45 ang=0.00 reverse detours=0
p4_shelf: xy=(1.32,1.67) yaw=2.90 wp=1/3 fwd=0.65 lin=-0.45 ang=0.00 reverse detours=0
p4_shelf: xy=(1.32,1.67) yaw=2.90 wp=1/3 fwd=0.65 lin=-0.45 ang=0.00 reverse detours=0
p4_shelf: xy=(1.32,1.67) yaw=2.90 wp=1/3 fwd=0.66 lin=-0.45 ang=0.00 reverse detours=0
p4_shelf: xy=(1.33,1.67) yaw=2.90 wp=1/3 fwd=0.66 lin=-0.45 ang=0.00 reverse detours=0
p4_shelf: xy=(1.33,1.67) yaw=2.90 wp=1/3 fwd=0.66 lin=-0.45 ang=0.00 reverse detours=0
p4_shelf: xy=(1.33,1.67) yaw=2.90 wp=1/3 fwd=0.66 lin=-0.45 ang=-0.91 reverse detours=0
p4_shelf: xy=(1.33,1.67) yaw=2.90 wp=1/3 fwd=0.66 lin=-0.45 ang=-0.91 reverse detours=0
p4_shelf: xy=(1.33,1.67) yaw=2.90 wp=1/3 fwd=0.66 lin=-0.45 ang=-0.91 reverse detours=0
p4_shelf: xy=(1.33,1.67) yaw=2.90 wp=1/3 fwd=0.66 lin=-0.45 ang=-0.91 reverse detours=0
p4_shelf: xy=(1.33,1.67) yaw=2.90 wp=1/3 fwd=0.66 lin=-0.45 ang=-0.91 reverse detours=0
p4_shelf: xy=(1.33,1.67) yaw=2.90 wp=1/3 fwd=0.66 lin=-0.45 ang=-0.91 reverse detours=0

{
  "arrived": false,
  "goal": "shelf",
  "in_zone": false,
  "in_picking_zone": false,
  "in_delivery_base": false,
  "odom_xy": [
    1.329,
    1.668
  ],
  "yaw": 2.897,
  "head_joints": {
    "slide": 0.11606752627640801,
    "head_yaw": 0.002577994596647327,
    "head_pitch": -0.11620121320433725
  },
  "goal_xy": [
    0.852,
    2.475
  ],
  "route": [
    [
      1.92,
      2.0
    ],
    [
      0.852,
      2.0
    ],
    [
      0.852,
      2.475
    ]
  ],
  "elapsed_s": 151.46,
  "status": "slow",
  "detours": 0,
  "speed_scale": 8.0,
  "max_lin": 2.4,
  "max_ang": 1.65,
  "stop_dist": 0.432,
  "slow_dist": 0.832,
  "blocked_by_scan": false,
  "log_json": "/workspace/baseline/outputs/p4/shelf_20260903_124827.json",
  "log_txt": "/workspace/baseline/outputs/p4/shelf_20260903_124827.log"
}
p4 log: /workspace/baseline/outputs/p4/shelf_20260903_124827.log
