p4_shelf: start xy=(1.92,-3.17) yaw=1.57 goal=(0.852,2.475) stop=0.43 planner=grid max_lin=1.20 max_ang=1.65
p4_shelf: xy=(1.92,-3.17) yaw=1.57 wp=0/15 fwd=1.43 lin=0.00 ang=0.00 replan start plan_id=1 detours=0 plan_ms=17.6
p4_shelf: xy=(1.92,-3.12) yaw=1.56 wp=1/15 fwd=1.41 lin=0.80 ang=0.00 cruise plan_id=2 detours=0 plan_ms=14.0
p4_shelf: xy=(1.92,-3.00) yaw=1.56 wp=1/15 fwd=1.39 lin=0.76 ang=0.00 cruise plan_id=3 detours=0 plan_ms=13.5
p4_shelf: xy=(1.92,-2.80) yaw=1.56 wp=2/15 fwd=1.37 lin=1.17 ang=0.00 cruise plan_id=4 detours=0 plan_ms=13.6
p4_shelf: xy=(1.93,-2.53) yaw=1.56 wp=2/15 fwd=1.36 lin=0.88 ang=0.00 cruise plan_id=4 detours=0 plan_ms=13.6
p4_shelf: xy=(1.93,-2.12) yaw=1.56 wp=3/15 fwd=1.36 lin=0.96 ang=0.07 cruise plan_id=4 detours=0 plan_ms=13.6
p4_shelf: xy=(1.94,-1.71) yaw=1.57 wp=4/15 fwd=1.39 lin=1.04 ang=0.00 cruise plan_id=4 detours=0 plan_ms=13.6
p4_shelf: xy=(1.93,-1.33) yaw=1.57 wp=5/15 fwd=1.40 lin=1.16 ang=0.00 cruise plan_id=4 detours=0 plan_ms=13.6
p4_shelf: xy=(1.93,-0.92) yaw=1.57 wp=6/15 fwd=1.40 lin=1.20 ang=0.00 cruise plan_id=4 detours=0 plan_ms=13.6
p4_shelf: xy=(1.93,-0.49) yaw=1.57 wp=2/10 fwd=1.40 lin=1.20 ang=0.00 cruise plan_id=5 detours=0 plan_ms=8.2
p4_shelf: xy=(1.93,-0.07) yaw=1.57 wp=3/10 fwd=1.40 lin=1.20 ang=0.00 cruise plan_id=5 detours=0 plan_ms=8.2
p4_shelf: xy=(1.93,0.33) yaw=1.57 wp=2/8 fwd=1.40 lin=0.81 ang=0.00 cruise plan_id=6 detours=0 plan_ms=7.6
p4_shelf: xy=(1.93,0.74) yaw=1.57 wp=2/7 fwd=1.39 lin=0.96 ang=0.00 cruise plan_id=7 detours=0 plan_ms=5.8
p4_shelf: xy=(1.93,1.05) yaw=1.57 wp=2/6 fwd=1.39 lin=0.56 ang=0.00 cruise plan_id=8 detours=0 plan_ms=6.8
p4_shelf: xy=(1.93,1.22) yaw=1.57 wp=2/6 fwd=1.39 lin=0.51 ang=0.00 cruise plan_id=9 detours=0 plan_ms=5.0
p4_shelf: xy=(1.93,1.37) yaw=1.57 wp=2/5 fwd=1.39 lin=0.00 ang=0.87 turn plan_id=10 detours=0 plan_ms=4.4
p4_shelf: xy=(1.93,1.48) yaw=1.59 wp=2/5 fwd=1.45 lin=0.00 ang=0.84 turn plan_id=10 detours=0 plan_ms=4.4
p4_shelf: xy=(1.93,1.51) yaw=1.78 wp=2/5 fwd=1.56 lin=0.00 ang=0.56 turn plan_id=10 detours=0 plan_ms=4.4
p4_shelf: xy=(1.93,1.52) yaw=1.92 wp=2/5 fwd=1.61 lin=0.00 ang=0.64 turn plan_id=11 detours=0 plan_ms=4.0
p4_shelf: xy=(1.93,1.53) yaw=2.06 wp=2/5 fwd=1.60 lin=0.26 ang=0.26 cruise plan_id=11 detours=0 plan_ms=4.0
p4_shelf: xy=(1.90,1.57) yaw=2.15 wp=2/5 fwd=1.56 lin=0.32 ang=0.13 cruise plan_id=12 detours=0 plan_ms=4.0
p4_shelf: xy=(1.86,1.64) yaw=2.19 wp=2/5 fwd=1.49 lin=0.32 ang=0.00 cruise plan_id=13 detours=0 plan_ms=3.5
p4_shelf: xy=(1.80,1.71) yaw=2.20 wp=2/5 fwd=1.40 lin=0.35 ang=0.00 cruise plan_id=14 detours=0 plan_ms=3.4
p4_shelf: xy=(1.75,1.78) yaw=2.20 wp=2/5 fwd=1.32 lin=0.31 ang=0.00 cruise plan_id=15 detours=0 plan_ms=3.6
p4_shelf: xy=(1.72,1.82) yaw=2.14 wp=1/5 fwd=1.27 lin=0.00 ang=-0.82 turn plan_id=16 detours=0 plan_ms=3.0
p4_shelf: xy=(1.72,1.83) yaw=1.96 wp=1/5 fwd=1.25 lin=0.00 ang=-0.57 turn plan_id=16 detours=0 plan_ms=3.0
p4_shelf: xy=(1.72,1.84) yaw=1.82 wp=1/5 fwd=1.24 lin=0.10 ang=-0.33 cruise plan_id=17 detours=0 plan_ms=3.5
p4_shelf: xy=(1.71,1.86) yaw=1.73 wp=1/5 fwd=1.23 lin=0.13 ang=-0.20 cruise plan_id=18 detours=0 plan_ms=3.5
p4_shelf: xy=(1.71,1.88) yaw=1.68 wp=2/6 fwd=1.20 lin=0.00 ang=0.98 turn plan_id=19 detours=0 plan_ms=4.2
p4_shelf: xy=(1.71,1.89) yaw=1.87 wp=2/6 fwd=1.19 lin=0.00 ang=0.70 turn plan_id=19 detours=0 plan_ms=4.2
p4_shelf: xy=(1.71,1.90) yaw=2.04 wp=2/6 fwd=1.19 lin=0.00 ang=0.46 turn plan_id=19 detours=0 plan_ms=4.2
p4_shelf: xy=(1.70,1.91) yaw=2.13 wp=2/6 fwd=1.18 lin=0.17 ang=0.15 cruise plan_id=20 detours=0 plan_ms=3.2
p4_shelf: xy=(1.69,1.93) yaw=2.24 wp=3/6 fwd=1.60 lin=0.00 ang=0.84 turn plan_id=20 detours=0 plan_ms=3.2
p4_shelf: xy=(1.68,1.93) yaw=2.46 wp=3/6 fwd=1.59 lin=0.00 ang=0.53 turn plan_id=20 detours=0 plan_ms=3.2
p4_shelf: xy=(1.68,1.93) yaw=2.57 wp=3/6 fwd=1.58 lin=0.26 ang=0.20 cruise plan_id=21 detours=0 plan_ms=3.6
p4_shelf: xy=(1.64,1.96) yaw=2.63 wp=3/6 fwd=1.55 lin=0.31 ang=0.11 cruise plan_id=22 detours=0 plan_ms=3.7
p4_shelf: xy=(1.59,1.99) yaw=2.63 wp=1/4 fwd=1.50 lin=0.00 ang=-0.61 turn plan_id=23 detours=0 plan_ms=3.0
p4_shelf: xy=(1.58,1.99) yaw=2.50 wp=1/4 fwd=1.47 lin=0.15 ang=-0.59 cruise plan_id=23 detours=0 plan_ms=3.0
p4_shelf: xy=(1.55,2.01) yaw=2.40 wp=1/4 fwd=1.44 lin=0.32 ang=-0.22 cruise plan_id=24 detours=0 plan_ms=2.6
p4_shelf: xy=(1.50,2.06) yaw=2.35 wp=1/4 fwd=1.38 lin=0.34 ang=0.00 cruise plan_id=25 detours=0 plan_ms=2.7
p4_shelf: xy=(1.45,2.12) yaw=2.36 wp=2/4 fwd=1.29 lin=0.00 ang=1.13 turn plan_id=26 detours=0 plan_ms=2.5
p4_shelf: xy=(1.43,2.14) yaw=2.54 wp=2/4 fwd=1.26 lin=0.00 ang=0.88 turn plan_id=26 detours=0 plan_ms=2.5
p4_shelf: xy=(1.42,2.14) yaw=2.74 wp=2/4 fwd=1.95 lin=0.00 ang=0.58 turn plan_id=26 detours=0 plan_ms=2.5
p4_shelf: xy=(1.42,2.14) yaw=2.88 wp=1/3 fwd=1.96 lin=0.00 ang=-0.76 turn plan_id=27 detours=0 plan_ms=2.5
p4_shelf: xy=(1.41,2.14) yaw=2.78 wp=1/3 fwd=1.95 lin=0.00 ang=-0.61 turn plan_id=27 detours=0 plan_ms=2.5
p4_shelf: xy=(1.41,2.15) yaw=2.62 wp=1/3 fwd=1.25 lin=0.34 ang=-0.31 cruise plan_id=27 detours=0 plan_ms=2.5
p4_shelf: xy=(1.38,2.17) yaw=2.53 wp=2/4 fwd=1.22 lin=0.00 ang=0.89 turn plan_id=29 detours=0 plan_ms=2.1
p4_shelf: xy=(1.34,2.19) yaw=2.59 wp=2/4 fwd=1.17 lin=0.00 ang=0.79 turn plan_id=29 detours=0 plan_ms=2.1
p4_shelf: xy=(1.33,2.20) yaw=2.80 wp=2/4 fwd=1.85 lin=0.00 ang=0.50 turn plan_id=29 detours=0 plan_ms=2.1
p4_shelf: xy=(1.32,2.20) yaw=2.91 wp=2/3 fwd=1.85 lin=0.83 ang=-0.26 cruise plan_id=30 detours=0 plan_ms=1.7
p4_shelf: xy=(1.26,2.21) yaw=2.97 wp=2/3 fwd=1.80 lin=0.63 ang=-0.35 cruise plan_id=31 detours=0 plan_ms=1.9
p4_shelf: xy=(1.14,2.23) yaw=2.94 wp=2/3 fwd=1.68 lin=0.31 ang=-0.53 cruise plan_id=32 detours=0 plan_ms=1.7
p4_shelf: xy=(1.03,2.26) yaw=2.80 wp=1/2 fwd=1.57 lin=0.22 ang=-0.52 cruise plan_id=33 detours=0 plan_ms=1.3
p4_shelf: xy=(0.97,2.29) yaw=2.67 wp=1/2 fwd=1.50 lin=0.00 ang=-0.57 turn plan_id=34 detours=0 plan_ms=1.1
p4_shelf: xy=(0.95,2.30) yaw=2.52 wp=1/2 fwd=1.47 lin=0.00 ang=-0.99 turn plan_id=35 detours=0 plan_ms=1.9
p4_shelf: xy=(0.94,2.31) yaw=2.34 wp=1/2 fwd=0.84 lin=0.00 ang=-0.72 turn plan_id=35 detours=0 plan_ms=1.9
p4_shelf: xy=(0.94,2.31) yaw=2.14 wp=1/2 fwd=0.84 lin=0.00 ang=-0.44 turn plan_id=35 detours=0 plan_ms=1.9
p4_shelf: xy=(0.93,2.33) yaw=2.03 wp=1/2 fwd=0.82 lin=0.18 ang=-0.22 cruise plan_id=36 detours=0 plan_ms=1.1
p4_shelf: xy=(0.91,2.37) yaw=1.97 wp=1/2 fwd=0.78 lin=0.16 ang=-0.14 cruise plan_id=37 detours=0 plan_ms=2.5
p4_shelf: xy=(0.90,2.39) yaw=1.82 wp=2/2 fwd=0.75 lin=0.00 ang=-0.64 turn plan_id=38 detours=0 plan_ms=0.9
p4_shelf: xy=(0.90,2.39) yaw=1.65 wp=2/2 fwd=1.02 lin=0.00 ang=-0.40 turn plan_id=38 detours=0 plan_ms=0.9
p4_shelf: xy=(0.90,2.39) yaw=1.54 wp=2/2 fwd=1.06 lin=0.00 ang=-0.24 turn plan_id=38 detours=0 plan_ms=0.9
p4_shelf: xy=(0.90,2.39) yaw=1.48 wp=2/2 fwd=1.04 lin=0.00 ang=-0.14 turn plan_id=38 detours=0 plan_ms=0.9
p4_shelf: xy=(0.90,2.39) yaw=1.44 wp=2/2 fwd=1.04 lin=0.00 ang=-0.09 turn plan_id=38 detours=0 plan_ms=0.9

{
  "arrived": true,
  "goal": "shelf",
  "in_zone": true,
  "in_picking_zone": true,
  "in_delivery_base": false,
  "odom_xy": [
    0.9,
    2.393
  ],
  "yaw": 1.427,
  "head_joints": {
    "slide": 0.11606274348574705,
    "head_yaw": 0.0013852464370351983,
    "head_pitch": -0.11629893698110225
  },
  "goal_xy": [
    0.852,
    2.475
  ],
  "route": [
    [
      0.9,
      2.4
    ],
    [
      0.852,
      2.475
    ]
  ],
  "elapsed_s": 129.33,
  "status": "arrived",
  "detours": 0,
  "plan_id": 38,
  "plan_reason": "stuck",
  "speed_scale": 4.0,
  "max_lin": 1.2,
  "max_ang": 1.65,
  "stop_dist": 0.43,
  "slow_dist": null,
  "blocked_by_scan": false,
  "log_json": "/workspace/baseline/outputs/p4/shelf_20260905_090049.json",
  "log_txt": "/workspace/baseline/outputs/p4/shelf_20260905_090049.log"
}
p4 log: /workspace/baseline/outputs/p4/shelf_20260905_090049.log
