p4_shelf: start xy=(1.92,-3.17) yaw=1.57 goal=(0.852,2.475) stop=0.43 planner=grid max_lin=1.20 max_ang=1.65
p4_shelf: xy=(1.92,-3.17) yaw=1.57 wp=0/15 fwd=1.43 lin=0.00 ang=0.00 replan start plan_id=1 detours=0 plan_ms=13.3
p4_shelf: xy=(1.92,-3.12) yaw=1.56 wp=1/15 fwd=1.41 lin=0.80 ang=0.00 cruise plan_id=2 detours=0 plan_ms=14.0
p4_shelf: xy=(1.92,-3.02) yaw=1.56 wp=2/15 fwd=1.39 lin=1.17 ang=0.00 cruise plan_id=3 detours=0 plan_ms=13.2
p4_shelf: xy=(1.92,-2.85) yaw=1.56 wp=2/15 fwd=1.37 lin=1.17 ang=0.00 cruise plan_id=4 detours=0 plan_ms=12.9
p4_shelf: xy=(1.93,-2.64) yaw=1.55 wp=2/14 fwd=1.36 lin=1.16 ang=0.00 cruise plan_id=5 detours=0 plan_ms=19.0
p4_shelf: xy=(1.93,-2.43) yaw=1.56 wp=2/14 fwd=1.36 lin=1.17 ang=0.00 cruise plan_id=6 detours=0 plan_ms=13.0
p4_shelf: xy=(1.93,-2.22) yaw=1.56 wp=2/13 fwd=1.37 lin=1.18 ang=0.00 cruise plan_id=8 detours=0 plan_ms=14.0
p4_shelf: xy=(1.93,-1.99) yaw=1.57 wp=2/13 fwd=1.38 lin=1.19 ang=0.00 cruise plan_id=9 detours=0 plan_ms=15.3
p4_shelf: xy=(1.93,-1.77) yaw=1.57 wp=0/12 fwd=1.38 lin=0.00 ang=0.00 replan stuck plan_id=10 detours=0 plan_ms=13.0
p4_shelf: xy=(1.94,-1.52) yaw=1.57 wp=1/12 fwd=1.38 lin=0.79 ang=0.00 cruise plan_id=11 detours=0 plan_ms=12.9
p4_shelf: xy=(1.94,-1.22) yaw=1.57 wp=2/11 fwd=1.37 lin=1.19 ang=0.00 cruise plan_id=12 detours=0 plan_ms=12.8
p4_shelf: xy=(1.94,-0.97) yaw=1.57 wp=1/10 fwd=1.37 lin=0.71 ang=0.00 cruise plan_id=13 detours=0 plan_ms=16.4
p4_shelf: xy=(1.94,-0.74) yaw=1.57 wp=0/10 fwd=1.38 lin=0.00 ang=0.00 replan stuck plan_id=14 detours=0 plan_ms=14.4
p4_shelf: xy=(1.94,-0.50) yaw=1.57 wp=0/9 fwd=1.38 lin=0.00 ang=0.00 replan stuck plan_id=15 detours=0 plan_ms=12.6
p4_shelf: xy=(1.94,-0.24) yaw=1.57 wp=2/9 fwd=1.38 lin=1.20 ang=0.00 cruise plan_id=16 detours=0 plan_ms=12.3
p4_shelf: xy=(1.94,0.03) yaw=1.57 wp=2/9 fwd=1.39 lin=0.97 ang=0.00 cruise plan_id=16 detours=0 plan_ms=12.3
p4_shelf: xy=(1.94,0.33) yaw=1.57 wp=1/7 fwd=1.39 lin=0.72 ang=0.00 cruise plan_id=18 detours=0 plan_ms=10.0
p4_shelf: xy=(1.94,0.59) yaw=1.57 wp=2/7 fwd=1.39 lin=1.20 ang=0.00 cruise plan_id=19 detours=0 plan_ms=10.1
p4_shelf: xy=(1.94,0.91) yaw=1.57 wp=2/6 fwd=1.39 lin=1.20 ang=0.00 cruise plan_id=20 detours=0 plan_ms=11.4
p4_shelf: xy=(1.94,1.17) yaw=1.57 wp=2/6 fwd=1.39 lin=0.90 ang=0.00 cruise plan_id=20 detours=0 plan_ms=11.4
p4_shelf: xy=(1.94,1.41) yaw=1.57 wp=3/6 fwd=1.39 lin=0.00 ang=0.80 turn plan_id=20 detours=0 plan_ms=11.4
p4_shelf: xy=(1.94,1.51) yaw=1.59 wp=3/6 fwd=1.43 lin=0.00 ang=0.77 turn plan_id=20 detours=0 plan_ms=11.4
p4_shelf: xy=(1.94,1.53) yaw=1.75 wp=3/6 fwd=1.54 lin=0.00 ang=0.52 turn plan_id=20 detours=0 plan_ms=11.4
p4_shelf: xy=(1.93,1.54) yaw=1.88 wp=2/5 fwd=1.59 lin=0.00 ang=0.68 turn plan_id=21 detours=0 plan_ms=6.1
p4_shelf: xy=(1.93,1.55) yaw=2.03 wp=2/5 fwd=1.59 lin=0.00 ang=0.48 turn plan_id=21 detours=0 plan_ms=6.1
p4_shelf: xy=(1.92,1.57) yaw=2.14 wp=2/5 fwd=1.57 lin=0.32 ang=0.14 cruise plan_id=22 detours=0 plan_ms=5.9
p4_shelf: xy=(1.88,1.63) yaw=2.18 wp=2/5 fwd=1.51 lin=0.33 ang=0.08 cruise plan_id=24 detours=0 plan_ms=5.5
p4_shelf: xy=(1.84,1.69) yaw=2.20 wp=1/4 fwd=1.44 lin=0.38 ang=-0.21 cruise plan_id=25 detours=0 plan_ms=5.2
p4_shelf: xy=(1.79,1.75) yaw=2.17 wp=2/5 fwd=1.36 lin=0.31 ang=0.10 cruise plan_id=26 detours=0 plan_ms=5.8
p4_shelf: xy=(1.75,1.81) yaw=2.17 wp=1/4 fwd=1.29 lin=0.39 ang=-0.14 cruise plan_id=27 detours=0 plan_ms=5.3
p4_shelf: xy=(1.71,1.88) yaw=2.13 wp=1/5 fwd=1.21 lin=0.00 ang=-0.82 turn plan_id=28 detours=0 plan_ms=5.9
p4_shelf: xy=(1.70,1.90) yaw=1.99 wp=1/5 fwd=1.18 lin=0.00 ang=-0.60 turn plan_id=28 detours=0 plan_ms=5.9
p4_shelf: xy=(1.69,1.90) yaw=1.83 wp=2/6 fwd=1.18 lin=0.00 ang=0.77 turn plan_id=29 detours=0 plan_ms=4.2
p4_shelf: xy=(1.69,1.90) yaw=1.93 wp=2/6 fwd=1.18 lin=0.00 ang=0.62 turn plan_id=29 detours=0 plan_ms=4.2
p4_shelf: xy=(1.69,1.90) yaw=2.09 wp=2/6 fwd=1.18 lin=0.15 ang=0.21 cruise plan_id=29 detours=0 plan_ms=4.2
p4_shelf: xy=(1.68,1.92) yaw=2.18 wp=3/6 fwd=1.16 lin=0.00 ang=0.93 turn plan_id=30 detours=0 plan_ms=6.9
p4_shelf: xy=(1.68,1.93) yaw=2.37 wp=3/6 fwd=1.59 lin=0.00 ang=0.65 turn plan_id=30 detours=0 plan_ms=6.9
p4_shelf: xy=(1.68,1.93) yaw=2.52 wp=3/6 fwd=1.59 lin=0.00 ang=0.44 turn plan_id=30 detours=0 plan_ms=6.9
p4_shelf: xy=(1.66,1.94) yaw=2.60 wp=3/6 fwd=1.57 lin=0.29 ang=0.14 cruise plan_id=32 detours=0 plan_ms=4.5
p4_shelf: xy=(1.61,1.96) yaw=2.62 wp=1/4 fwd=1.53 lin=0.00 ang=-0.59 turn plan_id=33 detours=0 plan_ms=6.1
p4_shelf: xy=(1.60,1.97) yaw=2.51 wp=1/4 fwd=1.50 lin=0.16 ang=-0.59 cruise plan_id=33 detours=0 plan_ms=6.1
p4_shelf: xy=(1.59,1.98) yaw=2.40 wp=1/4 fwd=1.49 lin=0.22 ang=-0.44 cruise plan_id=34 detours=0 plan_ms=4.1
p4_shelf: xy=(1.54,2.03) yaw=2.31 wp=1/4 fwd=1.43 lin=0.31 ang=-0.09 cruise plan_id=36 detours=0 plan_ms=3.3
p4_shelf: xy=(1.49,2.08) yaw=2.29 wp=1/4 fwd=1.35 lin=0.28 ang=0.00 cruise plan_id=37 detours=0 plan_ms=2.5
p4_shelf: xy=(1.46,2.13) yaw=2.33 wp=2/4 fwd=1.29 lin=0.00 ang=1.18 turn plan_id=38 detours=0 plan_ms=2.6
p4_shelf: xy=(1.44,2.14) yaw=2.55 wp=2/4 fwd=1.28 lin=0.00 ang=0.85 turn plan_id=38 detours=0 plan_ms=2.6
p4_shelf: xy=(1.44,2.14) yaw=2.73 wp=2/4 fwd=1.97 lin=0.00 ang=0.60 turn plan_id=38 detours=0 plan_ms=2.6
p4_shelf: xy=(1.44,2.14) yaw=2.87 wp=1/3 fwd=1.97 lin=0.00 ang=-0.74 turn plan_id=39 detours=0 plan_ms=2.7
p4_shelf: xy=(1.44,2.14) yaw=2.76 wp=1/3 fwd=1.98 lin=0.00 ang=-0.59 turn plan_id=39 detours=0 plan_ms=2.7
p4_shelf: xy=(1.44,2.14) yaw=2.62 wp=1/3 fwd=1.27 lin=0.35 ang=-0.29 cruise plan_id=39 detours=0 plan_ms=2.7
p4_shelf: xy=(1.40,2.17) yaw=2.53 wp=2/4 fwd=1.23 lin=0.00 ang=0.89 turn plan_id=41 detours=0 plan_ms=3.0
p4_shelf: xy=(1.37,2.19) yaw=2.63 wp=2/4 fwd=1.20 lin=0.00 ang=0.75 turn plan_id=41 detours=0 plan_ms=3.0
p4_shelf: xy=(1.37,2.19) yaw=2.79 wp=2/4 fwd=1.88 lin=0.00 ang=0.50 turn plan_id=41 detours=0 plan_ms=3.0
p4_shelf: xy=(1.36,2.19) yaw=2.91 wp=2/4 fwd=1.89 lin=0.21 ang=0.16 cruise plan_id=42 detours=0 plan_ms=3.1
p4_shelf: xy=(1.32,2.20) yaw=2.96 wp=2/3 fwd=1.85 lin=0.73 ang=-0.33 cruise plan_id=43 detours=0 plan_ms=1.7
p4_shelf: xy=(1.22,2.22) yaw=2.97 wp=2/3 fwd=1.76 lin=0.58 ang=-0.36 cruise plan_id=44 detours=0 plan_ms=1.7
p4_shelf: xy=(1.11,2.24) yaw=2.88 wp=2/3 fwd=1.63 lin=0.00 ang=-1.07 turn plan_id=46 detours=0 plan_ms=1.4
p4_shelf: xy=(1.06,2.25) yaw=2.69 wp=2/3 fwd=1.60 lin=0.00 ang=-0.79 turn plan_id=46 detours=0 plan_ms=1.4
p4_shelf: xy=(1.06,2.26) yaw=2.48 wp=2/3 fwd=0.96 lin=0.00 ang=-0.49 turn plan_id=46 detours=0 plan_ms=1.4
p4_shelf: xy=(1.04,2.27) yaw=2.36 wp=1/2 fwd=0.93 lin=0.32 ang=0.15 cruise plan_id=47 detours=0 plan_ms=1.5
p4_shelf: xy=(0.98,2.33) yaw=2.35 wp=1/2 fwd=0.85 lin=0.29 ang=-0.09 cruise plan_id=48 detours=0 plan_ms=1.1
p4_shelf: xy=(0.93,2.39) yaw=2.32 wp=2/2 fwd=0.78 lin=0.00 ang=-1.37 turn plan_id=49 detours=0 plan_ms=1.2
p4_shelf: xy=(0.91,2.41) yaw=2.06 wp=2/2 fwd=0.73 lin=0.00 ang=-0.99 turn plan_id=50 detours=0 plan_ms=0.8
p4_shelf: xy=(0.91,2.41) yaw=1.79 wp=2/2 fwd=0.73 lin=0.00 ang=-0.60 turn plan_id=50 detours=0 plan_ms=0.8
p4_shelf: xy=(0.91,2.41) yaw=1.61 wp=2/2 fwd=1.01 lin=0.00 ang=-0.33 turn plan_id=50 detours=0 plan_ms=0.8
p4_shelf: xy=(0.91,2.41) yaw=1.51 wp=2/2 fwd=1.02 lin=0.00 ang=-0.19 turn plan_id=50 detours=0 plan_ms=0.8
p4_shelf: xy=(0.91,2.41) yaw=1.45 wp=2/2 fwd=1.02 lin=0.00 ang=-0.10 turn plan_id=50 detours=0 plan_ms=0.8

{
  "arrived": true,
  "goal": "shelf",
  "in_zone": true,
  "in_picking_zone": true,
  "in_delivery_base": false,
  "odom_xy": [
    0.908,
    2.414
  ],
  "yaw": 1.428,
  "head_joints": {
    "slide": 0.11606274872362544,
    "head_yaw": 0.0013674337697744622,
    "head_pitch": -0.11629804016727614
  },
  "goal_xy": [
    0.852,
    2.475
  ],
  "route": [
    [
      0.9,
      2.4
    ],
    [
      0.852,
      2.475
    ]
  ],
  "elapsed_s": 135.66,
  "status": "arrived",
  "detours": 0,
  "plan_id": 50,
  "plan_reason": "stuck",
  "speed_scale": 4.0,
  "max_lin": 1.2,
  "max_ang": 1.65,
  "stop_dist": 0.43,
  "slow_dist": null,
  "blocked_by_scan": false,
  "log_json": "/workspace/baseline/outputs/p4/shelf_20260905_075456.json",
  "log_txt": "/workspace/baseline/outputs/p4/shelf_20260905_075456.log"
}
p4 log: /workspace/baseline/outputs/p4/shelf_20260905_075456.log
