p4_shelf: start xy=(1.92,-3.17) yaw=1.57 route=[(1.92, 2.32), (0.852, 2.32), (0.852, 2.475)] stop=0.43 slow=0.83 max_lin=2.40 max_ang=1.65
p4_shelf: xy=(1.92,-3.17) yaw=1.57 wp=0/3 fwd=1.43 lin=2.40 ang=0.00 cruise detours=0
p4_shelf: xy=(1.92,-3.13) yaw=1.57 wp=0/3 fwd=1.43 lin=2.40 ang=0.00 cruise detours=0
p4_shelf: xy=(1.92,-3.04) yaw=1.57 wp=0/3 fwd=1.44 lin=2.39 ang=0.00 cruise detours=0
p4_shelf: xy=(1.92,-2.91) yaw=1.57 wp=0/3 fwd=1.44 lin=2.39 ang=0.00 cruise detours=0
p4_shelf: xy=(1.92,-2.68) yaw=1.57 wp=0/3 fwd=1.45 lin=2.38 ang=0.00 cruise detours=0
p4_shelf: xy=(1.92,-2.43) yaw=1.58 wp=0/3 fwd=1.45 lin=2.37 ang=0.00 cruise detours=0
p4_shelf: xy=(1.92,-2.09) yaw=1.58 wp=0/3 fwd=1.46 lin=2.36 ang=0.00 cruise detours=0
p4_shelf: xy=(1.91,-1.70) yaw=1.58 wp=0/3 fwd=1.48 lin=2.34 ang=0.00 cruise detours=0
p4_shelf: xy=(1.91,-1.34) yaw=1.58 wp=0/3 fwd=1.49 lin=2.33 ang=0.00 cruise detours=0
p4_shelf: xy=(1.91,-0.88) yaw=1.58 wp=0/3 fwd=1.52 lin=2.30 ang=0.00 cruise detours=0
p4_shelf: xy=(1.90,-0.37) yaw=1.59 wp=0/3 fwd=1.54 lin=2.27 ang=0.00 cruise detours=0
p4_shelf: xy=(1.89,0.15) yaw=1.59 wp=0/3 fwd=1.57 lin=2.20 ang=0.00 cruise detours=0
p4_shelf: xy=(1.88,0.72) yaw=1.59 wp=0/3 fwd=1.59 lin=1.58 ang=0.00 cruise detours=0
p4_shelf: xy=(1.88,1.09) yaw=1.59 wp=0/3 fwd=1.61 lin=1.17 ang=0.00 cruise detours=0
p4_shelf: xy=(1.87,1.39) yaw=1.57 wp=0/3 fwd=1.57 lin=0.89 ang=0.00 cruise detours=0
p4_shelf: xy=(1.88,1.63) yaw=1.56 wp=0/3 fwd=1.47 lin=0.65 ang=-0.11 cruise detours=0
p4_shelf: xy=(1.88,1.79) yaw=1.54 wp=0/3 fwd=1.29 lin=0.51 ang=0.00 cruise detours=0
p4_shelf: xy=(1.88,1.93) yaw=1.53 wp=0/3 fwd=1.17 lin=0.37 ang=0.00 cruise detours=0
p4_shelf: xy=(1.89,2.04) yaw=1.51 wp=0/3 fwd=1.06 lin=0.27 ang=-0.11 cruise detours=0
p4_shelf: xy=(1.89,2.11) yaw=1.50 wp=0/3 fwd=0.99 lin=0.20 ang=-0.11 cruise detours=0
p4_shelf: xy=(1.90,2.16) yaw=1.48 wp=0/3 fwd=0.94 lin=0.16 ang=0.00 cruise detours=0
p4_shelf: xy=(1.90,2.20) yaw=1.47 wp=0/3 fwd=0.90 lin=0.11 ang=0.00 cruise detours=0
p4_shelf: xy=(1.91,2.23) yaw=1.45 wp=0/3 fwd=0.86 lin=0.08 ang=-0.11 cruise detours=0
p4_shelf: xy=(1.91,2.25) yaw=1.57 wp=1/3 fwd=0.85 lin=0.00 ang=1.65 turn detours=0
p4_shelf: xy=(1.91,2.26) yaw=1.95 wp=1/3 fwd=0.93 lin=0.00 ang=1.65 turn detours=0
p4_shelf: xy=(1.91,2.26) yaw=2.42 wp=1/3 fwd=0.93 lin=0.00 ang=1.58 turn detours=0
p4_shelf: xy=(1.91,2.26) yaw=2.73 wp=1/3 fwd=1.56 lin=0.00 ang=0.90 turn detours=0
p4_shelf: xy=(1.90,2.26) yaw=2.96 wp=1/3 fwd=1.56 lin=0.61 ang=0.23 cruise detours=0
p4_shelf: xy=(1.85,2.26) yaw=3.10 wp=1/3 fwd=2.30 lin=0.97 ang=0.00 cruise detours=0
p4_shelf: xy=(1.71,2.26) yaw=-3.07 wp=1/3 fwd=3.03 lin=0.77 ang=-0.32 cruise detours=0
p4_shelf: xy=(1.55,2.25) yaw=-3.10 wp=1/3 fwd=2.86 lin=0.68 ang=-0.29 cruise detours=0
p4_shelf: xy=(1.39,2.25) yaw=3.12 wp=1/3 fwd=2.72 lin=0.56 ang=-0.15 cruise detours=0
p4_shelf: xy=(1.26,2.25) yaw=3.09 wp=1/3 fwd=2.58 lin=0.39 ang=0.00 cruise detours=0
p4_shelf: xy=(1.18,2.26) yaw=3.02 wp=2/3 fwd=2.50 lin=0.00 ang=-1.65 turn detours=0
p4_shelf: xy=(1.15,2.26) yaw=2.76 wp=2/3 fwd=1.67 lin=0.00 ang=-1.65 turn detours=0
p4_shelf: xy=(1.15,2.26) yaw=2.34 wp=2/3 fwd=0.99 lin=0.00 ang=-1.65 turn detours=0
p4_shelf: xy=(1.15,2.26) yaw=1.94 wp=2/3 fwd=0.99 lin=0.00 ang=-0.81 turn detours=0
p4_shelf: xy=(1.15,2.27) yaw=1.74 wp=2/3 fwd=1.10 lin=0.22 ang=0.00 cruise detours=0
p4_shelf: xy=(1.14,2.31) yaw=1.74 wp=2/3 fwd=1.06 lin=0.21 ang=0.12 cruise detours=0
p4_shelf: xy=(1.13,2.36) yaw=1.75 wp=2/3 fwd=1.03 lin=0.17 ang=0.00 cruise detours=0
p4_shelf: xy=(1.12,2.41) yaw=1.75 wp=2/3 fwd=1.11 lin=0.16 ang=0.00 cruise detours=0
p4_shelf: xy=(1.12,2.45) yaw=1.88 wp=2/3 fwd=1.08 lin=0.00 ang=1.65 turn detours=0
p4_shelf: xy=(1.11,2.45) yaw=2.32 wp=2/3 fwd=0.81 lin=0.00 ang=1.64 turn detours=0
p4_shelf: xy=(1.11,2.45) yaw=2.68 wp=2/3 fwd=0.83 lin=0.00 ang=0.84 turn detours=0
p4_shelf: xy=(1.11,2.45) yaw=2.89 wp=2/3 fwd=1.54 lin=0.16 ang=0.38 cruise detours=0
p4_shelf: xy=(1.08,2.46) yaw=3.00 wp=2/3 fwd=1.51 lin=0.20 ang=0.17 cruise detours=0
p4_shelf: xy=(1.04,2.47) yaw=3.04 wp=2/3 fwd=1.47 lin=0.18 ang=0.00 cruise detours=0
p4_shelf: xy=(0.99,2.47) yaw=3.05 wp=2/3 fwd=1.45 lin=0.14 ang=0.00 cruise detours=0
p4_shelf: xy=(0.96,2.47) yaw=3.00 wp=3/3 fwd=1.40 lin=0.00 ang=-1.65 turn detours=0
p4_shelf: xy=(0.95,2.47) yaw=2.65 wp=3/3 fwd=1.38 lin=0.00 ang=-1.65 turn detours=0
p4_shelf: xy=(0.95,2.47) yaw=2.18 wp=3/3 fwd=0.70 lin=0.00 ang=-1.65 turn detours=0
p4_shelf: xy=(0.95,2.47) yaw=1.75 wp=3/3 fwd=0.73 lin=0.00 ang=-0.82 turn detours=0
p4_shelf: xy=(0.95,2.47) yaw=1.51 wp=3/3 fwd=0.95 lin=0.00 ang=-0.28 turn detours=0

{
  "arrived": true,
  "goal": "shelf",
  "in_zone": true,
  "in_picking_zone": true,
  "in_delivery_base": false,
  "odom_xy": [
    0.95,
    2.472
  ],
  "yaw": 1.426,
  "head_joints": {
    "slide": 0.11606280421191201,
    "head_yaw": 0.003154422056036116,
    "head_pitch": -0.11630377352735846
  },
  "goal_xy": [
    0.852,
    2.475
  ],
  "route": [
    [
      1.92,
      2.32
    ],
    [
      0.852,
      2.32
    ],
    [
      0.852,
      2.475
    ]
  ],
  "elapsed_s": 109.06,
  "status": "arrived",
  "detours": 0,
  "speed_scale": 8.0,
  "max_lin": 2.4,
  "max_ang": 1.65,
  "stop_dist": 0.432,
  "slow_dist": 0.832,
  "blocked_by_scan": false,
  "log_json": "/workspace/baseline/outputs/p4/shelf_20260904_091422.json",
  "log_txt": "/workspace/baseline/outputs/p4/shelf_20260904_091422.log"
}
p4 log: /workspace/baseline/outputs/p4/shelf_20260904_091422.log
