p4_shelf: start xy=(1.92,-3.17) yaw=1.57 route=[(1.92, 2.0), (0.852, 2.0), (0.852, 2.475)] stop=0.43 slow=0.83 max_lin=2.40 max_ang=1.20
p4_shelf: xy=(1.92,-3.17) yaw=1.57 wp=0/3 fwd=1.43 lin=2.40 ang=0.00 cruise detours=0
p4_shelf: xy=(1.92,-3.13) yaw=1.57 wp=0/3 fwd=1.43 lin=2.40 ang=0.00 cruise detours=0
p4_shelf: xy=(1.92,-3.02) yaw=1.57 wp=0/3 fwd=1.44 lin=2.40 ang=0.00 cruise detours=0
p4_shelf: xy=(1.92,-2.87) yaw=1.57 wp=0/3 fwd=1.44 lin=2.40 ang=0.00 cruise detours=0
p4_shelf: xy=(1.92,-2.62) yaw=1.57 wp=0/3 fwd=1.45 lin=2.40 ang=0.00 cruise detours=0
p4_shelf: xy=(1.92,-2.32) yaw=1.58 wp=0/3 fwd=1.46 lin=2.40 ang=0.00 cruise detours=0
p4_shelf: xy=(1.92,-1.96) yaw=1.58 wp=0/3 fwd=1.47 lin=2.40 ang=0.00 cruise detours=0
p4_shelf: xy=(1.91,-1.55) yaw=1.58 wp=0/3 fwd=1.48 lin=2.40 ang=0.00 cruise detours=0
p4_shelf: xy=(1.91,-1.10) yaw=1.58 wp=0/3 fwd=1.50 lin=2.40 ang=0.00 cruise detours=0
p4_shelf: xy=(1.90,-0.62) yaw=1.58 wp=0/3 fwd=1.53 lin=2.40 ang=0.00 cruise detours=0
p4_shelf: xy=(1.90,-0.12) yaw=1.59 wp=0/3 fwd=1.56 lin=2.31 ang=0.00 cruise detours=0
p4_shelf: xy=(1.89,0.39) yaw=1.59 wp=0/3 fwd=1.58 lin=1.75 ang=0.00 cruise detours=0
p4_shelf: xy=(1.88,0.81) yaw=1.59 wp=0/3 fwd=1.60 lin=1.30 ang=0.00 cruise detours=0
p4_shelf: xy=(1.88,1.13) yaw=1.57 wp=0/3 fwd=1.55 lin=0.95 ang=0.00 cruise detours=0
p4_shelf: xy=(1.88,1.36) yaw=1.56 wp=0/3 fwd=1.50 lin=0.70 ang=-0.12 cruise detours=0
p4_shelf: xy=(1.88,1.53) yaw=1.54 wp=0/3 fwd=1.42 lin=0.51 ang=0.00 cruise detours=0
p4_shelf: xy=(1.89,1.66) yaw=1.52 wp=0/3 fwd=1.36 lin=0.37 ang=0.00 cruise detours=0
p4_shelf: xy=(1.89,1.74) yaw=1.51 wp=0/3 fwd=1.31 lin=0.29 ang=-0.11 cruise detours=0
p4_shelf: xy=(1.90,1.81) yaw=1.50 wp=0/3 fwd=1.26 lin=0.21 ang=-0.11 cruise detours=0
p4_shelf: xy=(1.90,1.86) yaw=1.48 wp=0/3 fwd=1.19 lin=0.16 ang=0.00 cruise detours=0
p4_shelf: xy=(1.90,1.90) yaw=1.52 wp=1/3 fwd=1.19 lin=0.00 ang=1.20 turn detours=0
p4_shelf: xy=(1.90,1.91) yaw=1.80 wp=1/3 fwd=1.24 lin=0.00 ang=1.20 turn detours=0
p4_shelf: xy=(1.90,1.90) yaw=2.12 wp=1/3 fwd=1.24 lin=0.00 ang=1.20 turn detours=0
p4_shelf: xy=(1.90,1.90) yaw=2.42 wp=1/3 fwd=1.76 lin=0.00 ang=1.20 turn detours=0
p4_shelf: xy=(1.90,1.90) yaw=2.65 wp=1/3 fwd=1.76 lin=0.00 ang=0.89 turn detours=0
p4_shelf: xy=(1.90,1.90) yaw=2.83 wp=1/3 fwd=2.50 lin=0.00 ang=0.48 turn detours=0
p4_shelf: xy=(1.90,1.90) yaw=2.95 wp=1/3 fwd=1.26 lin=0.00 ang=0.21 turn detours=0
p4_shelf: xy=(1.91,1.90) yaw=3.00 wp=1/3 fwd=1.25 lin=1.15 ang=0.00 cruise detours=0
p4_shelf: xy=(1.88,1.91) yaw=3.04 wp=1/3 fwd=1.23 lin=1.12 ang=0.00 cruise detours=0
p4_shelf: xy=(1.77,1.91) yaw=3.12 wp=1/3 fwd=1.14 lin=1.01 ang=-0.15 cruise detours=0
p4_shelf: xy=(1.63,1.91) yaw=-3.12 wp=1/3 fwd=0.97 lin=0.85 ang=-0.29 cruise detours=0
p4_shelf: xy=(1.45,1.91) yaw=3.11 wp=1/3 fwd=0.82 lin=0.63 ang=-0.62 slow detours=0
p4_shelf: xy=(1.30,1.92) yaw=3.00 wp=1/3 fwd=2.76 lin=0.50 ang=0.00 cruise detours=0
p4_shelf: xy=(1.20,1.94) yaw=2.97 wp=1/3 fwd=2.66 lin=0.39 ang=0.00 cruise detours=0
p4_shelf: xy=(1.13,1.95) yaw=2.97 wp=1/3 fwd=2.58 lin=0.31 ang=0.00 cruise detours=0
p4_shelf: xy=(1.04,1.97) yaw=2.97 wp=1/3 fwd=2.50 lin=0.21 ang=0.00 cruise detours=0
p4_shelf: xy=(0.99,1.97) yaw=2.97 wp=1/3 fwd=2.44 lin=0.15 ang=0.00 cruise detours=0
p4_shelf: xy=(0.96,1.98) yaw=2.94 wp=2/3 fwd=2.41 lin=0.00 ang=-1.20 turn detours=0
p4_shelf: xy=(0.95,1.98) yaw=2.70 wp=2/3 fwd=1.66 lin=0.00 ang=-1.20 turn detours=0
p4_shelf: xy=(0.95,1.98) yaw=2.41 wp=2/3 fwd=1.66 lin=0.00 ang=-1.20 turn detours=0
p4_shelf: xy=(0.95,1.98) yaw=2.13 wp=2/3 fwd=1.14 lin=0.00 ang=-0.80 turn detours=0
p4_shelf: xy=(0.95,1.98) yaw=1.93 wp=2/3 fwd=1.14 lin=0.00 ang=-0.37 turn detours=0
p4_shelf: xy=(0.95,1.98) yaw=1.83 wp=2/3 fwd=1.14 lin=0.00 ang=-0.16 turn detours=0
p4_shelf: xy=(0.94,1.99) yaw=1.80 wp=2/3 fwd=1.13 lin=0.54 ang=0.00 cruise detours=0
p4_shelf: xy=(0.93,2.06) yaw=1.80 wp=2/3 fwd=1.07 lin=0.46 ang=0.00 cruise detours=0
p4_shelf: xy=(0.90,2.17) yaw=1.79 wp=2/3 fwd=0.96 lin=0.34 ang=-0.12 cruise detours=0
p4_shelf: xy=(0.89,2.25) yaw=1.77 wp=2/3 fwd=0.88 lin=0.25 ang=0.00 cruise detours=0
p4_shelf: xy=(0.87,2.32) yaw=1.75 wp=2/3 fwd=0.81 lin=0.16 ang=0.00 slow detours=0
p4_shelf: xy=(0.87,2.36) yaw=1.74 wp=3/3 fwd=0.76 lin=0.00 ang=-0.79 turn detours=0
p4_shelf: xy=(0.86,2.37) yaw=1.62 wp=3/3 fwd=1.03 lin=0.00 ang=-0.53 turn detours=0
p4_shelf: xy=(0.86,2.38) yaw=1.48 wp=3/3 fwd=1.07 lin=0.00 ang=-0.23 turn detours=0

{
  "arrived": true,
  "goal": "shelf",
  "in_zone": true,
  "in_picking_zone": true,
  "in_delivery_base": false,
  "odom_xy": [
    0.863,
    2.377
  ],
  "yaw": 1.427,
  "head_joints": {
    "slide": 0.11606262651018659,
    "head_yaw": 0.0029444835081219377,
    "head_pitch": -0.1163011685523641
  },
  "goal_xy": [
    0.852,
    2.475
  ],
  "route": [
    [
      1.92,
      2.0
    ],
    [
      0.852,
      2.0
    ],
    [
      0.852,
      2.475
    ]
  ],
  "elapsed_s": 104.51,
  "status": "arrived",
  "detours": 0,
  "speed_scale": 8.0,
  "max_lin": 2.4,
  "max_ang": 1.2,
  "stop_dist": 0.432,
  "slow_dist": 0.832,
  "blocked_by_scan": false,
  "log_json": "/workspace/baseline/outputs/p4/shelf_20260901_123101.json",
  "log_txt": "/workspace/baseline/outputs/p4/shelf_20260901_123101.log"
}
p4 log: /workspace/baseline/outputs/p4/shelf_20260901_123101.log
