p4_shelf: start xy=(1.92,-3.17) yaw=1.57 route=[(1.92, 2.0), (0.852, 2.0), (0.852, 2.475)] stop=0.43 slow=0.83 max_lin=2.40 max_ang=1.20
p4_shelf: xy=(1.92,-3.17) yaw=1.57 wp=0/3 fwd=1.43 lin=2.40 ang=0.00 cruise detours=0
p4_shelf: xy=(1.92,-3.13) yaw=1.57 wp=0/3 fwd=1.43 lin=2.40 ang=0.00 cruise detours=0
p4_shelf: xy=(1.92,-3.02) yaw=1.57 wp=0/3 fwd=1.44 lin=2.40 ang=0.00 cruise detours=0
p4_shelf: xy=(1.92,-2.83) yaw=1.57 wp=0/3 fwd=1.44 lin=2.40 ang=0.00 cruise detours=0
p4_shelf: xy=(1.92,-2.58) yaw=1.57 wp=0/3 fwd=1.45 lin=2.40 ang=0.00 cruise detours=0
p4_shelf: xy=(1.92,-2.26) yaw=1.58 wp=0/3 fwd=1.46 lin=2.40 ang=0.00 cruise detours=0
p4_shelf: xy=(1.92,-1.90) yaw=1.58 wp=0/3 fwd=1.47 lin=2.40 ang=0.00 cruise detours=0
p4_shelf: xy=(1.91,-1.48) yaw=1.58 wp=0/3 fwd=1.49 lin=2.40 ang=0.00 cruise detours=0
p4_shelf: xy=(1.91,-1.03) yaw=1.58 wp=0/3 fwd=1.51 lin=2.40 ang=0.00 cruise detours=0
p4_shelf: xy=(1.90,-0.54) yaw=1.58 wp=0/3 fwd=1.53 lin=2.40 ang=0.00 cruise detours=0
p4_shelf: xy=(1.89,-0.01) yaw=1.59 wp=0/3 fwd=1.56 lin=2.20 ang=0.00 cruise detours=0
p4_shelf: xy=(1.89,0.49) yaw=1.59 wp=0/3 fwd=1.59 lin=1.65 ang=0.00 cruise detours=0
p4_shelf: xy=(1.88,0.88) yaw=1.59 wp=0/3 fwd=1.61 lin=1.22 ang=-0.12 cruise detours=0
p4_shelf: xy=(1.88,1.18) yaw=1.57 wp=0/3 fwd=1.54 lin=0.89 ang=0.00 cruise detours=0
p4_shelf: xy=(1.88,1.40) yaw=1.55 wp=0/3 fwd=1.46 lin=0.65 ang=0.00 cruise detours=0
p4_shelf: xy=(1.88,1.58) yaw=1.53 wp=0/3 fwd=1.41 lin=0.46 ang=-0.11 cruise detours=0
p4_shelf: xy=(1.89,1.68) yaw=1.56 wp=1/3 fwd=1.40 lin=0.00 ang=1.20 turn detours=0
p4_shelf: xy=(1.89,1.70) yaw=1.79 wp=1/3 fwd=1.43 lin=0.00 ang=1.20 turn detours=0
p4_shelf: xy=(1.89,1.70) yaw=2.08 wp=1/3 fwd=1.42 lin=0.00 ang=1.20 turn detours=0
p4_shelf: xy=(1.89,1.70) yaw=2.37 wp=1/3 fwd=1.89 lin=0.00 ang=1.08 turn detours=0
p4_shelf: xy=(1.89,1.70) yaw=2.59 wp=1/3 fwd=1.90 lin=1.08 ang=0.61 cruise detours=0
p4_shelf: xy=(1.84,1.72) yaw=2.79 wp=1/3 fwd=2.54 lin=1.11 ang=0.18 cruise detours=0
p4_shelf: xy=(1.75,1.75) yaw=2.98 wp=1/3 fwd=1.10 lin=1.01 ang=-0.24 cruise detours=0
p4_shelf: xy=(1.59,1.76) yaw=3.13 wp=1/3 fwd=0.94 lin=0.77 ang=-0.67 cruise detours=0
p4_shelf: xy=(1.44,1.77) yaw=3.04 wp=1/3 fwd=0.79 lin=0.58 ang=-0.95 slow detours=0
p4_shelf: xy=(1.31,1.79) yaw=2.83 wp=1/3 fwd=2.11 lin=0.54 ang=-0.26 cruise detours=0
p4_shelf: xy=(1.20,1.83) yaw=2.75 wp=2/3 fwd=1.96 lin=0.00 ang=-1.20 turn detours=0
p4_shelf: xy=(1.14,1.86) yaw=2.68 wp=2/3 fwd=1.91 lin=0.00 ang=-1.20 turn detours=0
p4_shelf: xy=(1.12,1.87) yaw=2.44 wp=2/3 fwd=1.87 lin=0.00 ang=-1.00 turn detours=0
p4_shelf: xy=(1.12,1.88) yaw=2.21 wp=2/3 fwd=1.31 lin=0.68 ang=-0.50 cruise detours=0
p4_shelf: xy=(1.08,1.93) yaw=2.01 wp=2/3 fwd=1.23 lin=0.65 ang=0.00 cruise detours=0
p4_shelf: xy=(1.03,2.06) yaw=1.91 wp=2/3 fwd=1.11 lin=0.49 ang=0.15 cruise detours=0
p4_shelf: xy=(0.99,2.17) yaw=1.94 wp=2/3 fwd=1.00 lin=0.37 ang=0.14 cruise detours=0
p4_shelf: xy=(0.96,2.26) yaw=1.98 wp=2/3 fwd=0.90 lin=0.26 ang=0.00 cruise detours=0
p4_shelf: xy=(0.93,2.32) yaw=1.99 wp=2/3 fwd=0.82 lin=0.18 ang=0.46 slow detours=0
p4_shelf: xy=(0.91,2.36) yaw=2.04 wp=2/3 fwd=0.78 lin=0.12 ang=0.00 slow detours=0
p4_shelf: xy=(0.90,2.38) yaw=1.92 wp=3/3 fwd=0.75 lin=0.00 ang=-1.19 turn detours=0
p4_shelf: xy=(0.90,2.39) yaw=1.64 wp=3/3 fwd=1.03 lin=0.00 ang=-0.57 turn detours=0
p4_shelf: xy=(0.90,2.39) yaw=1.48 wp=3/3 fwd=1.04 lin=0.00 ang=-0.23 turn detours=0

{
  "arrived": true,
  "goal": "shelf",
  "in_zone": true,
  "in_picking_zone": true,
  "in_delivery_base": false,
  "odom_xy": [
    0.899,
    2.387
  ],
  "yaw": 1.424,
  "head_joints": {
    "slide": 0.11606268061215862,
    "head_yaw": 0.0028865747243823118,
    "head_pitch": -0.11630291130883433
  },
  "goal_xy": [
    0.852,
    2.475
  ],
  "route": [
    [
      1.92,
      2.0
    ],
    [
      0.852,
      2.0
    ],
    [
      0.852,
      2.475
    ]
  ],
  "elapsed_s": 80.27,
  "status": "arrived",
  "detours": 0,
  "speed_scale": 8.0,
  "max_lin": 2.4,
  "max_ang": 1.2,
  "stop_dist": 0.432,
  "slow_dist": 0.832,
  "blocked_by_scan": false,
  "log_json": "/workspace/baseline/outputs/p4/shelf_20260903_112245.json",
  "log_txt": "/workspace/baseline/outputs/p4/shelf_20260903_112245.log"
}
p4 log: /workspace/baseline/outputs/p4/shelf_20260903_112245.log
